Archive member included to satisfy reference by file (symbol)

app/libapp.a(main.c.obj)      (--whole-archive)
zephyr/libzephyr.a(validate_libc.c.obj)
                              (--whole-archive)
zephyr/libzephyr.a(heap.c.obj)
                              (--whole-archive)
zephyr/libzephyr.a(cbprintf_packaged.c.obj)
                              (--whole-archive)
zephyr/libzephyr.a(clock.c.obj)
                              (--whole-archive)
zephyr/libzephyr.a(printk.c.obj)
                              (--whole-archive)
zephyr/libzephyr.a(sem.c.obj)
                              (--whole-archive)
zephyr/libzephyr.a(thread_entry.c.obj)
                              (--whole-archive)
zephyr/libzephyr.a(cbprintf_complete.c.obj)
                              (--whole-archive)
zephyr/libzephyr.a(assert.c.obj)
                              (--whole-archive)
zephyr/libzephyr.a(dec.c.obj)
                              (--whole-archive)
zephyr/libzephyr.a(hex.c.obj)
                              (--whole-archive)
zephyr/libzephyr.a(rb.c.obj)  (--whole-archive)
zephyr/libzephyr.a(timeutil.c.obj)
                              (--whole-archive)
zephyr/libzephyr.a(bitarray.c.obj)
                              (--whole-archive)
zephyr/libzephyr.a(bitmask.c.obj)
                              (--whole-archive)
zephyr/libzephyr.a(onoff.c.obj)
                              (--whole-archive)
zephyr/libzephyr.a(notify.c.obj)
                              (--whole-archive)
zephyr/libzephyr.a(ring_buffer.c.obj)
                              (--whole-archive)
zephyr/libzephyr.a(last_section_id.c.obj)
                              (--whole-archive)
zephyr/libzephyr.a(configs.c.obj)
                              (--whole-archive)
zephyr/libzephyr.a(tracing_none.c.obj)
                              (--whole-archive)
zephyr/libzephyr.a(banner.c.obj)
                              (--whole-archive)
zephyr/libzephyr.a(flash_map_partition_manager.c.obj)
                              (--whole-archive)
zephyr/libzephyr.a(nrf_cc3xx_platform_abort_zephyr.c.obj)
                              (--whole-archive)
zephyr/libzephyr.a(nrf_cc3xx_platform_mutex_zephyr.c.obj)
                              (--whole-archive)
zephyr/arch/common/libarch__common.a(sw_isr_common.c.obj)
                              (--whole-archive)
zephyr/arch/common/libarch__common.a(init.c.obj)
                              (--whole-archive)
zephyr/arch/common/libarch__common.a(xip.c.obj)
                              (--whole-archive)
zephyr/arch/arch/arm/core/libarch__arm__core.a(fatal.c.obj)
                              (--whole-archive)
zephyr/arch/arch/arm/core/libarch__arm__core.a(nmi.c.obj)
                              (--whole-archive)
zephyr/arch/arch/arm/core/libarch__arm__core.a(nmi_on_reset.S.obj)
                              (--whole-archive)
zephyr/arch/arch/arm/core/libarch__arm__core.a(tls.c.obj)
                              (--whole-archive)
zephyr/arch/arch/arm/core/cortex_m/libarch__arm__core__cortex_m.a(exc_exit.c.obj)
                              (--whole-archive)
zephyr/arch/arch/arm/core/cortex_m/libarch__arm__core__cortex_m.a(fault.c.obj)
                              (--whole-archive)
zephyr/arch/arch/arm/core/cortex_m/libarch__arm__core__cortex_m.a(fault_s.S.obj)
                              (--whole-archive)
zephyr/arch/arch/arm/core/cortex_m/libarch__arm__core__cortex_m.a(fpu.c.obj)
                              (--whole-archive)
zephyr/arch/arch/arm/core/cortex_m/libarch__arm__core__cortex_m.a(reset.S.obj)
                              (--whole-archive)
zephyr/arch/arch/arm/core/cortex_m/libarch__arm__core__cortex_m.a(scb.c.obj)
                              (--whole-archive)
zephyr/arch/arch/arm/core/cortex_m/libarch__arm__core__cortex_m.a(thread_abort.c.obj)
                              (--whole-archive)
zephyr/arch/arch/arm/core/cortex_m/libarch__arm__core__cortex_m.a(vector_table.S.obj)
                              (--whole-archive)
zephyr/arch/arch/arm/core/cortex_m/libarch__arm__core__cortex_m.a(swap_helper.S.obj)
                              (--whole-archive)
zephyr/arch/arch/arm/core/cortex_m/libarch__arm__core__cortex_m.a(irq_manage.c.obj)
                              (--whole-archive)
zephyr/arch/arch/arm/core/cortex_m/libarch__arm__core__cortex_m.a(prep_c.c.obj)
                              (--whole-archive)
zephyr/arch/arch/arm/core/cortex_m/libarch__arm__core__cortex_m.a(thread.c.obj)
                              (--whole-archive)
zephyr/arch/arch/arm/core/cortex_m/libarch__arm__core__cortex_m.a(cpu_idle.c.obj)
                              (--whole-archive)
zephyr/arch/arch/arm/core/cortex_m/libarch__arm__core__cortex_m.a(irq_init.c.obj)
                              (--whole-archive)
zephyr/arch/arch/arm/core/cortex_m/libarch__arm__core__cortex_m.a(isr_wrapper.c.obj)
                              (--whole-archive)
zephyr/arch/arch/arm/core/cortex_m/libarch__arm__core__cortex_m.a(__aeabi_read_tp.S.obj)
[...]
Memory Configuration

Name             Origin             Length             Attributes
FLASH            0x0000000000000000 0x0000000000100000 xr
RAM              0x0000000020000000 0x0000000000040000 xw
IDT_LIST         0x00000000ffff7fff 0x0000000000008000 xw
*default*        0x0000000000000000 0xffffffffffffffff

Linker script and memory map

                0x0000000000003718                vfprintf = __l_vfprintf
                0x0000000000000000                vfscanf = __l_vfscanf
LOAD zephyr/CMakeFiles/zephyr_final.dir/misc/empty_file.c.obj
LOAD zephyr/CMakeFiles/zephyr_final.dir/isr_tables.c.obj
LOAD zephyr/CMakeFiles/offsets.dir/./arch/arm/core/offsets/offsets.c.obj
LOAD app/libapp.a
LOAD zephyr/libzephyr.a
LOAD zephyr/arch/common/libarch__common.a
LOAD zephyr/arch/arch/arm/core/libarch__arm__core.a
LOAD zephyr/arch/arch/arm/core/cortex_m/libarch__arm__core__cortex_m.a
LOAD zephyr/lib/libc/picolibc/liblib__libc__picolibc.a
LOAD zephyr/lib/libc/common/liblib__libc__common.a
LOAD zephyr/soc/soc/nrf52840/libsoc__nordic.a
LOAD zephyr/drivers/clock_control/libdrivers__clock_control.a
LOAD zephyr/drivers/console/libdrivers__console.a
LOAD zephyr/drivers/gpio/libdrivers__gpio.a
LOAD zephyr/drivers/pinctrl/libdrivers__pinctrl.a
LOAD zephyr/drivers/serial/libdrivers__serial.a
LOAD zephyr/drivers/timer/libdrivers__timer.a
LOAD modules/nrf/drivers/hw_cc3xx/lib..__nrf__drivers__hw_cc3xx.a
LOAD modules/hal_nordic/modules/hal_nordic/nrfx/libmodules__hal_nordic__nrfx.a
LOAD zephyr/kernel/libkernel.a
LOAD zephyr/arch/common/libisr_tables.a
LOAD /home/pranav/ncs/v3.2.1/nrfxlib/crypto/nrf_cc310_platform/lib/cortex-m4/soft-float/no-interrupts/libnrf_cc310_platform_0.9.19.a
LOAD /home/pranav/ncs/toolchains/43683a87ea/opt/zephyr-sdk/arm-zephyr-eabi/bin/../lib/gcc/../../picolibc/arm-zephyr-eabi/lib/thumb/v7e-m/nofp/libc.a
LOAD /home/pranav/ncs/toolchains/43683a87ea/opt/zephyr-sdk/arm-zephyr-eabi/bin/../lib/gcc/arm-zephyr-eabi/12.2.0/thumb/v7e-m/nofp/libgcc.a
                0x0000000000000004                _region_min_align = 0x4

.rel.plt        0x0000000000000000        0x0
 *(SORT_BY_ALIGNMENT(.rel.plt))
                [!provide]                        PROVIDE (__rel_iplt_start = .)
 *(SORT_BY_ALIGNMENT(.rel.iplt))
 .rel.iplt      0x0000000000000000        0x0 zephyr/CMakeFiles/zephyr_final.dir/isr_tables.c.obj
                [!provide]                        PROVIDE (__rel_iplt_end = .)

.rela.plt       0x0000000000000000        0x0
 *(SORT_BY_ALIGNMENT(.rela.plt))
                [!provide]                        PROVIDE (__rela_iplt_start = .)
 *(SORT_BY_ALIGNMENT(.rela.iplt))
                [!provide]                        PROVIDE (__rela_iplt_end = .)

.rel.dyn
 *(SORT_BY_ALIGNMENT(.rel.*))

.rela.dyn
 *(SORT_BY_ALIGNMENT(.rela.*))

/DISCARD/
 *(SORT_BY_ALIGNMENT(.plt))

/DISCARD/
 *(SORT_BY_ALIGNMENT(.iplt))
                0x0000000000000000                __rom_region_start = 0x0

rom_start       0x0000000000000000      0x100
                0x0000000000000000                __rom_start_address = .
 FILL mask 0x00
                0x0000000000000000                . = (. + (0x0 - (. - __rom_start_address)))
                0x0000000000000000                . = ALIGN (0x4)
                0x0000000000000000                . = ALIGN (0x80)
                0x0000000000000000                . = ALIGN (0x100)
                0x0000000000000000                _vector_start = .
 *(SORT_BY_ALIGNMENT(.exc_vector_table))
 *(SORT_BY_ALIGNMENT(.exc_vector_table.*))
 .exc_vector_table._vector_table_section
                0x0000000000000000       0x40 zephyr/arch/arch/arm/core/cortex_m/libarch__arm__core__cortex_m.a(vector_table.S.obj)
                0x0000000000000000                _vector_table
 *(SORT_BY_ALIGNMENT(.vectors))
                0x0000000000000100                _vector_end = .
                0x0000000000000040                . = ALIGN (0x4)
 *(SORT_BY_ALIGNMENT(.gnu.linkonce.irq_vector_table*))
 .gnu.linkonce.irq_vector_table
                0x0000000000000040       0xc0 zephyr/CMakeFiles/zephyr_final.dir/isr_tables.c.obj
                0x0000000000000040                _irq_vector_table
                0x0000000000000100                _vector_end = .

text            0x0000000000000100     0x4d74
                0x0000000000000100                __text_region_start = .
 *(SORT_BY_ALIGNMENT(.text))
 *(SORT_BY_ALIGNMENT(.text.*))
 .text.button_pressed
                0x0000000000000100       0x38 app/libapp.a(main.c.obj)
                0x0000000000000100                button_pressed
 .text.main     0x0000000000000138       0x94 app/libapp.a(main.c.obj)
                0x0000000000000138                main
 .text.char_out
                0x00000000000001cc        0xc zephyr/libzephyr.a(printk.c.obj)
 .text.__printk_hook_install
                0x00000000000001d8        0xc zephyr/libzephyr.a(printk.c.obj)
                0x00000000000001d8                __printk_hook_install
 .text.vprintk  0x00000000000001e4       0x30 zephyr/libzephyr.a(printk.c.obj)
                0x00000000000001e4                vprintk
 .text.z_thread_entry
                0x0000000000000214       0x34 zephyr/libzephyr.a(thread_entry.c.obj)
                0x0000000000000214                z_thread_entry
 .text.process_event
                0x0000000000000248      0x21c zephyr/libzephyr.a(onoff.c.obj)
 .text.boot_banner
                0x0000000000000464       0x1c zephyr/libzephyr.a(banner.c.obj)
                0x0000000000000464                boot_banner
 .text.nrf_cc3xx_platform_abort_init
                0x0000000000000480        0xc zephyr/libzephyr.a(nrf_cc3xx_platform_abort_zephyr.c.obj)
                0x0000000000000480                nrf_cc3xx_platform_abort_init
 .text.mutex_free_platform
                0x000000000000048c       0x54 zephyr/libzephyr.a(nrf_cc3xx_platform_mutex_zephyr.c.obj)
 .text.mutex_lock_platform
                0x00000000000004e0       0x60 zephyr/libzephyr.a(nrf_cc3xx_platform_mutex_zephyr.c.obj)
 .text.mutex_unlock_platform
                0x0000000000000540       0x58 zephyr/libzephyr.a(nrf_cc3xx_platform_mutex_zephyr.c.obj)
 .text.mutex_init_platform
                0x0000000000000598       0x94 zephyr/libzephyr.a(nrf_cc3xx_platform_mutex_zephyr.c.obj)
 .text.nrf_cc3xx_platform_mutex_init
                0x000000000000062c       0x2c zephyr/libzephyr.a(nrf_cc3xx_platform_mutex_zephyr.c.obj)
                0x000000000000062c                nrf_cc3xx_platform_mutex_init
 .text.arch_bss_zero
                0x0000000000000658       0x18 zephyr/arch/common/libarch__common.a(init.c.obj)
                0x0000000000000658                arch_bss_zero
 .text.arch_data_copy
                0x0000000000000670       0x38 zephyr/arch/common/libarch__common.a(xip.c.obj)
                0x0000000000000670                arch_data_copy
 .text.z_arm_fatal_error
                0x00000000000006a8       0x60 zephyr/arch/arch/arm/core/libarch__arm__core.a(fatal.c.obj)
                0x00000000000006a8                z_arm_fatal_error
 .text.z_SysNmiOnReset
                0x0000000000000708        0x8 zephyr/arch/arch/arm/core/libarch__arm__core.a(nmi_on_reset.S.obj)
                0x0000000000000708                z_SysNmiOnReset
 .text.arch_tls_stack_setup
                0x0000000000000710       0x40 zephyr/arch/arch/arm/core/libarch__arm__core.a(tls.c.obj)
                0x0000000000000710                arch_tls_stack_setup
 .text._HandlerModeExit
                0x0000000000000750       0x20 zephyr/arch/arch/arm/core/cortex_m/libarch__arm__core__cortex_m.a(exc_exit.c.obj)
                0x0000000000000750                z_arm_exc_exit
                0x0000000000000750                z_arm_int_exit
 .text.usage_fault.constprop.0
                0x0000000000000770       0x98 zephyr/arch/arch/arm/core/cortex_m/libarch__arm__core__cortex_m.a(fault.c.obj)
 .text.bus_fault.constprop.0
                0x0000000000000808       0xb8 zephyr/arch/arch/arm/core/cortex_m/libarch__arm__core__cortex_m.a(fault.c.obj)
 .text.mem_manage_fault.constprop.0
                0x00000000000008c0       0xbc zephyr/arch/arch/arm/core/cortex_m/libarch__arm__core__cortex_m.a(fault.c.obj)
 .text.z_arm_fault
                0x000000000000097c      0x1a0 zephyr/arch/arch/arm/core/cortex_m/libarch__arm__core__cortex_m.a(fault.c.obj)
                0x000000000000097c                z_arm_fault
 .text.z_arm_fault_init
                0x0000000000000b1c       0x18 zephyr/arch/arch/arm/core/cortex_m/libarch__arm__core__cortex_m.a(fault.c.obj)
                0x0000000000000b1c                z_arm_fault_init
 .text.__fault  0x0000000000000b34       0x14 zephyr/arch/arch/arm/core/cortex_m/libarch__arm__core__cortex_m.a(fault_s.S.obj)
                0x0000000000000b34                z_arm_bus_fault
                0x0000000000000b34                z_arm_usage_fault
                0x0000000000000b34                z_arm_mpu_fault
                0x0000000000000b34                z_arm_exc_spurious
                0x0000000000000b34                z_arm_debug_monitor
                0x0000000000000b34                z_arm_hard_fault
 .text._reset_section
                0x0000000000000b48       0x54 zephyr/arch/arch/arm/core/cortex_m/libarch__arm__core__cortex_m.a(reset.S.obj)
                0x0000000000000b48                z_arm_reset
                0x0000000000000b48                __start
 .text.z_arm_init_arch_hw_at_boot
                0x0000000000000b9c       0x60 zephyr/arch/arch/arm/core/cortex_m/libarch__arm__core__cortex_m.a(scb.c.obj)
                0x0000000000000b9c                z_arm_init_arch_hw_at_boot
 .text.z_impl_k_thread_abort
                0x0000000000000bfc       0x2c zephyr/arch/arch/arm/core/cortex_m/libarch__arm__core__cortex_m.a(thread_abort.c.obj)
                0x0000000000000bfc                z_impl_k_thread_abort
 .text.z_arm_pendsv
                0x0000000000000c28       0x54 zephyr/arch/arch/arm/core/cortex_m/libarch__arm__core__cortex_m.a(swap_helper.S.obj)
                0x0000000000000c28                z_arm_pendsv
 .text.z_arm_svc
                0x0000000000000c7c       0x24 zephyr/arch/arch/arm/core/cortex_m/libarch__arm__core__cortex_m.a(swap_helper.S.obj)
                0x0000000000000c7c                z_arm_svc
 .text.arm_irq_enable
                0x0000000000000ca0       0x1c zephyr/arch/arch/arm/core/cortex_m/libarch__arm__core__cortex_m.a(irq_manage.c.obj)
                0x0000000000000ca0                arm_irq_enable
 .text.arm_irq_is_enabled
                0x0000000000000cbc       0x1c zephyr/arch/arch/arm/core/cortex_m/libarch__arm__core__cortex_m.a(irq_manage.c.obj)
                0x0000000000000cbc                arm_irq_is_enabled
 .text.arm_irq_priority_set
                0x0000000000000cd8       0x30 zephyr/arch/arch/arm/core/cortex_m/libarch__arm__core__cortex_m.a(irq_manage.c.obj)
                0x0000000000000cd8                arm_irq_priority_set
 .text.relocate_vector_table
                0x0000000000000d08       0x1c zephyr/arch/arch/arm/core/cortex_m/libarch__arm__core__cortex_m.a(prep_c.c.obj)
                0x0000000000000d08                relocate_vector_table
 .text.z_prep_c
                0x0000000000000d24       0x28 zephyr/arch/arch/arm/core/cortex_m/libarch__arm__core__cortex_m.a(prep_c.c.obj)
                0x0000000000000d24                z_prep_c
 .text.arch_new_thread
                0x0000000000000d4c       0x38 zephyr/arch/arch/arm/core/cortex_m/libarch__arm__core__cortex_m.a(thread.c.obj)
                0x0000000000000d4c                arch_new_thread
 .text.arch_switch_to_main_thread
                0x0000000000000d84       0x38 zephyr/arch/arch/arm/core/cortex_m/libarch__arm__core__cortex_m.a(thread.c.obj)
                0x0000000000000d84                arch_switch_to_main_thread
 .text.z_arm_cpu_idle_init
                0x0000000000000dbc        0xc zephyr/arch/arch/arm/core/cortex_m/libarch__arm__core__cortex_m.a(cpu_idle.c.obj)
                0x0000000000000dbc                z_arm_cpu_idle_init
 .text.z_arm_interrupt_init
                0x0000000000000dc8       0x18 zephyr/arch/arch/arm/core/cortex_m/libarch__arm__core__cortex_m.a(irq_init.c.obj)
                0x0000000000000dc8                z_arm_interrupt_init
 .text._isr_wrapper
                0x0000000000000de0       0x24 zephyr/arch/arch/arm/core/cortex_m/libarch__arm__core__cortex_m.a(isr_wrapper.c.obj)
                0x0000000000000de0                _isr_wrapper
 .text.z_impl_zephyr_fputc
                0x0000000000000e04       0x10 zephyr/lib/libc/picolibc/liblib__libc__picolibc.a(stdio.c.obj)
                0x0000000000000e04                z_impl_zephyr_fputc
 .text.__stdout_hook_install
                0x0000000000000e14       0x18 zephyr/lib/libc/picolibc/liblib__libc__picolibc.a(stdio.c.obj)
                0x0000000000000e14                __stdout_hook_install
 .text.malloc_prepare
                0x0000000000000e2c       0x24 zephyr/lib/libc/common/liblib__libc__common.a(malloc.c.obj)
 .text.nordicsemi_nrf52_init
                0x0000000000000e50       0x44 zephyr/soc/soc/nrf52840/libsoc__nordic.a(soc.c.obj)
 .text.arch_busy_wait
                0x0000000000000e94       0x24 zephyr/soc/soc/nrf52840/libsoc__nordic.a(soc.c.obj)
                0x0000000000000e94                arch_busy_wait
 .text.gppi_init
                0x0000000000000eb8       0x1c zephyr/soc/soc/nrf52840/libsoc__nordic.a(gppi_init.c.obj)
 .text.onoff_stop
                0x0000000000000ed4       0x30 zephyr/drivers/clock_control/libdrivers__clock_control.a(clock_control_nrf.c.obj)
 .text.onoff_start
                0x0000000000000f04       0x44 zephyr/drivers/clock_control/libdrivers__clock_control.a(clock_control_nrf.c.obj)
 .text.clk_init
                0x0000000000000f48       0x58 zephyr/drivers/clock_control/libdrivers__clock_control.a(clock_control_nrf.c.obj)
 .text.api_blocking_start
                0x0000000000000fa0       0x34 zephyr/drivers/clock_control/libdrivers__clock_control.a(clock_control_nrf.c.obj)
 .text.generic_hfclk_stop
                0x0000000000000fd4       0x34 zephyr/drivers/clock_control/libdrivers__clock_control.a(clock_control_nrf.c.obj)
 .text.clkstarted_handle.constprop.0
                0x0000000000001008       0x4c zephyr/drivers/clock_control/libdrivers__clock_control.a(clock_control_nrf.c.obj)
 .text.generic_hfclk_start
                0x0000000000001054       0x78 zephyr/drivers/clock_control/libdrivers__clock_control.a(clock_control_nrf.c.obj)
 .text.clock_event_handler
                0x00000000000010cc       0x1c zephyr/drivers/clock_control/libdrivers__clock_control.a(clock_control_nrf.c.obj)
 .text.z_nrf_clock_control_lf_on
                0x00000000000010e8       0xfc zephyr/drivers/clock_control/libdrivers__clock_control.a(clock_control_nrf.c.obj)
                0x00000000000010e8                z_nrf_clock_control_lf_on
 .text.uart_console_init
                0x00000000000011e4       0x28 zephyr/drivers/console/libdrivers__console.a(uart_console.c.obj)
 .text.console_out
                0x000000000000120c       0x28 zephyr/drivers/console/libdrivers__console.a(uart_console.c.obj)
 .text.gpio_nrfx_pin_interrupt_configure
                0x0000000000001234       0xfc zephyr/drivers/gpio/libdrivers__gpio.a(gpio_nrfx.c.obj)
 .text.nrfx_gpio_handler
                0x0000000000001330       0x4c zephyr/drivers/gpio/libdrivers__gpio.a(gpio_nrfx.c.obj)
 .text.gpio_nrfx_init
                0x000000000000137c       0x3c zephyr/drivers/gpio/libdrivers__gpio.a(gpio_nrfx.c.obj)
 .text.gpio_nrfx_pin_configure
                0x00000000000013b8      0x180 zephyr/drivers/gpio/libdrivers__gpio.a(gpio_nrfx.c.obj)
 .text.nrf_gpio_pin_port_decode
                0x0000000000001538       0x20 zephyr/drivers/pinctrl/libdrivers__pinctrl.a(pinctrl_nrf.c.obj)
 .text.pinctrl_configure_pins
                0x0000000000001558      0x1c4 zephyr/drivers/pinctrl/libdrivers__pinctrl.a(pinctrl_nrf.c.obj)
                0x0000000000001558                pinctrl_configure_pins
 .text.uarte_nrfx_poll_out
                0x000000000000171c       0xb4 zephyr/drivers/serial/libdrivers__serial.a(uart_nrfx_uarte.c.obj)
 .text.compare_int_lock
                0x00000000000017d0       0x48 zephyr/drivers/timer/libdrivers__timer.a(nrf_rtc_timer.c.obj)
 .text.sys_clock_timeout_handler
                0x0000000000001818       0x48 zephyr/drivers/timer/libdrivers__timer.a(nrf_rtc_timer.c.obj)
 .text.compare_int_unlock
                0x0000000000001860       0x5c zephyr/drivers/timer/libdrivers__timer.a(nrf_rtc_timer.c.obj)
 .text.z_nrf_rtc_timer_read
                0x00000000000018bc       0x44 zephyr/drivers/timer/libdrivers__timer.a(nrf_rtc_timer.c.obj)
                0x00000000000018bc                z_nrf_rtc_timer_read
 .text.compare_set
                0x0000000000001900      0x130 zephyr/drivers/timer/libdrivers__timer.a(nrf_rtc_timer.c.obj)
 .text.sys_clock_driver_init
                0x0000000000001a30       0x90 zephyr/drivers/timer/libdrivers__timer.a(nrf_rtc_timer.c.obj)
 .text.rtc_nrf_isr
                0x0000000000001ac0       0xd4 zephyr/drivers/timer/libdrivers__timer.a(nrf_rtc_timer.c.obj)
                0x0000000000001ac0                rtc_nrf_isr
 .text.sys_clock_set_timeout
                0x0000000000001b94       0x5c zephyr/drivers/timer/libdrivers__timer.a(nrf_rtc_timer.c.obj)
                0x0000000000001b94                sys_clock_set_timeout
 .text.sys_clock_elapsed
                0x0000000000001bf0       0x14 zephyr/drivers/timer/libdrivers__timer.a(nrf_rtc_timer.c.obj)
                0x0000000000001bf0                sys_clock_elapsed
 .text.nrf52_errata_98
                0x0000000000001c04       0x24 modules/hal_nordic/modules/hal_nordic/nrfx/libmodules__hal_nordic__nrfx.a(system_nrf52840.c.obj)
 .text.nvmc_wait
                0x0000000000001c28       0x10 modules/hal_nordic/modules/hal_nordic/nrfx/libmodules__hal_nordic__nrfx.a(system_nrf52840.c.obj)
                0x0000000000001c28                nvmc_wait
 .text.SystemInit
                0x0000000000001c38      0x1bc modules/hal_nordic/modules/hal_nordic/nrfx/libmodules__hal_nordic__nrfx.a(system_nrf52840.c.obj)
                0x0000000000001c38                SystemInit
 .text.nrfx_gppi_init
                0x0000000000001df4        0xc modules/hal_nordic/modules/hal_nordic/nrfx/libmodules__hal_nordic__nrfx.a(nrfx_gppi_ppi.c.obj)
                0x0000000000001df4                nrfx_gppi_init
 .text.nrfx_gppi_domain_conn_alloc
                0x0000000000001e00       0x1c modules/hal_nordic/modules/hal_nordic/nrfx/libmodules__hal_nordic__nrfx.a(nrfx_gppi_ppi.c.obj)
                0x0000000000001e00                nrfx_gppi_domain_conn_alloc
 .text.nrfx_gppi_conn_enable
                0x0000000000001e1c       0x10 modules/hal_nordic/modules/hal_nordic/nrfx/libmodules__hal_nordic__nrfx.a(nrfx_gppi_ppi.c.obj)
                0x0000000000001e1c                nrfx_gppi_conn_enable
 .text.hfclk_event_handler
                0x0000000000001e2c        0xc modules/hal_nordic/modules/hal_nordic/nrfx/libmodules__hal_nordic__nrfx.a(nrfx_clock.c.obj)
 .text.lfclk_event_handler
                0x0000000000001e38        0xc modules/hal_nordic/modules/hal_nordic/nrfx/libmodules__hal_nordic__nrfx.a(nrfx_clock.c.obj)
 .text.nrfx_clock_init
                0x0000000000001e44       0x40 modules/hal_nordic/modules/hal_nordic/nrfx/libmodules__hal_nordic__nrfx.a(nrfx_clock.c.obj)
                0x0000000000001e44                nrfx_clock_init
 .text.nrfx_clock_enable
                0x0000000000001e84       0x20 modules/hal_nordic/modules/hal_nordic/nrfx/libmodules__hal_nordic__nrfx.a(nrfx_clock.c.obj)
                0x0000000000001e84                nrfx_clock_enable
 .text.nrf52_errata_201
                0x0000000000001ea4       0x24 modules/hal_nordic/modules/hal_nordic/nrfx/libmodules__hal_nordic__nrfx.a(nrfx_clock_hfclk.c.obj)
 .text.clock_stop
                0x0000000000001ec8       0x4c modules/hal_nordic/modules/hal_nordic/nrfx/libmodules__hal_nordic__nrfx.a(nrfx_clock_hfclk.c.obj)
 .text.nrfx_clock_hfclk_init
                0x0000000000001f14       0x28 modules/hal_nordic/modules/hal_nordic/nrfx/libmodules__hal_nordic__nrfx.a(nrfx_clock_hfclk.c.obj)
                0x0000000000001f14                nrfx_clock_hfclk_init
 .text.nrfx_clock_hfclk_start
                0x0000000000001f3c       0x38 modules/hal_nordic/modules/hal_nordic/nrfx/libmodules__hal_nordic__nrfx.a(nrfx_clock_hfclk.c.obj)
                0x0000000000001f3c                nrfx_clock_hfclk_start
 .text.nrfx_clock_hfclk_irq_handler
                0x0000000000001f74       0x40 modules/hal_nordic/modules/hal_nordic/nrfx/libmodules__hal_nordic__nrfx.a(nrfx_clock_hfclk.c.obj)
                0x0000000000001f74                nrfx_clock_hfclk_irq_handler
 .text.nrfx_clock_lfclk_init
                0x0000000000001fb4       0x24 modules/hal_nordic/modules/hal_nordic/nrfx/libmodules__hal_nordic__nrfx.a(nrfx_clock_lfclk.c.obj)
                0x0000000000001fb4                nrfx_clock_lfclk_init
 .text.nrfx_clock_lfclk_start
                0x0000000000001fd8       0x80 modules/hal_nordic/modules/hal_nordic/nrfx/libmodules__hal_nordic__nrfx.a(nrfx_clock_lfclk.c.obj)
                0x0000000000001fd8                nrfx_clock_lfclk_start
 .text.nrfx_clock_lfclk_irq_handler
                0x0000000000002058       0x70 modules/hal_nordic/modules/hal_nordic/nrfx/libmodules__hal_nordic__nrfx.a(nrfx_clock_lfclk.c.obj)
                0x0000000000002058                nrfx_clock_lfclk_irq_handler
 .text.nrf_gpio_pin_port_decode
                0x00000000000020c8       0x20 modules/hal_nordic/modules/hal_nordic/nrfx/libmodules__hal_nordic__nrfx.a(nrfx_gpiote.c.obj)
 .text.get_pin_idx
                0x00000000000020e8       0x14 modules/hal_nordic/modules/hal_nordic/nrfx/libmodules__hal_nordic__nrfx.a(nrfx_gpiote.c.obj)
 .text.latch_pending_read_and_check
                0x00000000000020fc       0x64 modules/hal_nordic/modules/hal_nordic/nrfx/libmodules__hal_nordic__nrfx.a(nrfx_gpiote.c.obj)
 .text.pin_uninit
                0x0000000000002160       0x7c modules/hal_nordic/modules/hal_nordic/nrfx/libmodules__hal_nordic__nrfx.a(nrfx_gpiote.c.obj)
 .text.nrfx_gpiote_channel_free
                0x00000000000021dc        0xc modules/hal_nordic/modules/hal_nordic/nrfx/libmodules__hal_nordic__nrfx.a(nrfx_gpiote.c.obj)
                0x00000000000021dc                nrfx_gpiote_channel_free
 .text.nrfx_gpiote_channel_alloc
                0x00000000000021e8       0x18 modules/hal_nordic/modules/hal_nordic/nrfx/libmodules__hal_nordic__nrfx.a(nrfx_gpiote.c.obj)
                0x00000000000021e8                nrfx_gpiote_channel_alloc
 .text.nrfx_gpiote_irq_handler
                0x0000000000002200      0x1d0 modules/hal_nordic/modules/hal_nordic/nrfx/libmodules__hal_nordic__nrfx.a(nrfx_gpiote.c.obj)
                0x0000000000002200                nrfx_gpiote_irq_handler
 .text.z_fatal_error
                0x00000000000023d0       0x30 zephyr/kernel/libkernel.a(fatal.c.obj)
                0x00000000000023d0                z_fatal_error
 .text.z_sys_init_run_level
                0x0000000000002400       0x30 zephyr/kernel/libkernel.a(init.c.obj)
 .text.bg_thread_main
                0x0000000000002430       0xc0 zephyr/kernel/libkernel.a(init.c.obj)
 .text.z_init_cpu
                0x00000000000024f0       0x68 zephyr/kernel/libkernel.a(init.c.obj)
                0x00000000000024f0                z_init_cpu
 .text.z_cstart
                0x0000000000002558       0xc4 zephyr/kernel/libkernel.a(init.c.obj)
                0x0000000000002558                z_cstart
 .text.init_mem_slab_obj_core_list
                0x000000000000261c       0x24 zephyr/kernel/libkernel.a(mem_slab.c.obj)
 .text.k_mem_slab_alloc
                0x0000000000002640       0x5c zephyr/kernel/libkernel.a(mem_slab.c.obj)
                0x0000000000002640                k_mem_slab_alloc
 .text.z_impl_k_mutex_lock
                0x000000000000269c       0xf0 zephyr/kernel/libkernel.a(mutex.c.obj)
                0x000000000000269c                z_impl_k_mutex_lock
 .text.z_impl_k_mutex_unlock
                0x000000000000278c       0xa0 zephyr/kernel/libkernel.a(mutex.c.obj)
                0x000000000000278c                z_impl_k_mutex_unlock
 .text.z_impl_k_sem_give
                0x000000000000282c       0x68 zephyr/kernel/libkernel.a(sem.c.obj)
                0x000000000000282c                z_impl_k_sem_give
 .text.z_impl_k_sem_take
                0x0000000000002894       0x4c zephyr/kernel/libkernel.a(sem.c.obj)
                0x0000000000002894                z_impl_k_sem_take
 .text.z_setup_new_thread
                0x00000000000028e0       0x70 zephyr/kernel/libkernel.a(thread.c.obj)
                0x00000000000028e0                z_setup_new_thread
 .text.z_dummy_thread_init
                0x0000000000002950       0x14 zephyr/kernel/libkernel.a(thread.c.obj)
                0x0000000000002950                z_dummy_thread_init
 .text.z_swap_irqlock
                0x0000000000002964       0x30 zephyr/kernel/libkernel.a(sched.c.obj)
 .text.ready_thread
                0x0000000000002994       0x84 zephyr/kernel/libkernel.a(sched.c.obj)
 .text.unready_thread
                0x0000000000002a18       0x54 zephyr/kernel/libkernel.a(sched.c.obj)
 .text.add_thread_timeout
                0x0000000000002a6c       0x1c zephyr/kernel/libkernel.a(sched.c.obj)
 .text.move_thread_to_end_of_prio_q
                0x0000000000002a88       0x90 zephyr/kernel/libkernel.a(sched.c.obj)
                0x0000000000002a88                move_thread_to_end_of_prio_q
 .text.z_pend_curr
                0x0000000000002b18       0x44 zephyr/kernel/libkernel.a(sched.c.obj)
                0x0000000000002b18                z_pend_curr
 .text.z_thread_prio_set
                0x0000000000002b5c       0xe4 zephyr/kernel/libkernel.a(sched.c.obj)
                0x0000000000002b5c                z_thread_prio_set
 .text.z_reschedule
                0x0000000000002c40       0x24 zephyr/kernel/libkernel.a(sched.c.obj)
                0x0000000000002c40                z_reschedule
 .text.z_reschedule_irqlock
                0x0000000000002c64       0x28 zephyr/kernel/libkernel.a(sched.c.obj)
                0x0000000000002c64                z_reschedule_irqlock
 .text.k_sched_lock
                0x0000000000002c8c       0x28 zephyr/kernel/libkernel.a(sched.c.obj)
                0x0000000000002c8c                k_sched_lock
 .text.k_sched_unlock
                0x0000000000002cb4       0x68 zephyr/kernel/libkernel.a(sched.c.obj)
                0x0000000000002cb4                k_sched_unlock
 .text.z_sched_init
                0x0000000000002d1c       0x10 zephyr/kernel/libkernel.a(sched.c.obj)
                0x0000000000002d1c                z_sched_init
 .text.z_impl_k_yield
                0x0000000000002d2c       0x88 zephyr/kernel/libkernel.a(sched.c.obj)
                0x0000000000002d2c                z_impl_k_yield
 .text.z_tick_sleep
                0x0000000000002db4       0x78 zephyr/kernel/libkernel.a(sched.c.obj)
 .text.z_impl_k_wakeup
                0x0000000000002e2c       0x48 zephyr/kernel/libkernel.a(sched.c.obj)
                0x0000000000002e2c                z_impl_k_wakeup
 .text.z_impl_k_sched_current_thread_query
                0x0000000000002e74        0xc zephyr/kernel/libkernel.a(sched.c.obj)
                0x0000000000002e74                z_impl_k_sched_current_thread_query
 .text.z_thread_abort
                0x0000000000002e80      0x140 zephyr/kernel/libkernel.a(sched.c.obj)
                0x0000000000002e80                z_thread_abort
 .text.slice_timeout
                0x0000000000002fc0       0x20 zephyr/kernel/libkernel.a(timeslicing.c.obj)
 .text.thread_is_sliceable
                0x0000000000002fe0       0x3c zephyr/kernel/libkernel.a(timeslicing.c.obj)
                0x0000000000002fe0                thread_is_sliceable
 .text.z_reset_time_slice
                0x000000000000301c       0x50 zephyr/kernel/libkernel.a(timeslicing.c.obj)
                0x000000000000301c                z_reset_time_slice
 .text.z_time_slice
                0x000000000000306c       0x60 zephyr/kernel/libkernel.a(timeslicing.c.obj)
                0x000000000000306c                z_time_slice
 .text.first    0x00000000000030cc       0x10 zephyr/kernel/libkernel.a(timeout.c.obj)
 .text.elapsed  0x00000000000030dc       0x14 zephyr/kernel/libkernel.a(timeout.c.obj)
 .text.remove_timeout
                0x00000000000030f0       0x38 zephyr/kernel/libkernel.a(timeout.c.obj)
 .text.z_add_timeout
                0x0000000000003128      0x120 zephyr/kernel/libkernel.a(timeout.c.obj)
                0x0000000000003128                z_add_timeout
 .text.sys_clock_announce
                0x0000000000003248       0xc0 zephyr/kernel/libkernel.a(timeout.c.obj)
                0x0000000000003248                sys_clock_announce
 .text.sys_clock_tick_get
                0x0000000000003308       0x30 zephyr/kernel/libkernel.a(timeout.c.obj)
                0x0000000000003308                sys_clock_tick_get
 .text.nrf_cc3xx_platform_init_no_rng
                0x0000000000003338       0x38 /home/pranav/ncs/v3.2.1/nrfxlib/crypto/nrf_cc310_platform/lib/cortex-m4/soft-float/no-interrupts/libnrf_cc310_platform_0.9.19.a(nrf_cc3xx_platform.c.obj)
                0x0000000000003338                nrf_cc3xx_platform_init_no_rng
 .text.nrf_cc3xx_platform_abort
                0x0000000000003370       0x24 /home/pranav/ncs/v3.2.1/nrfxlib/crypto/nrf_cc310_platform/lib/cortex-m4/soft-float/no-interrupts/libnrf_cc310_platform_0.9.19.a(nrf_cc3xx_platform_abort.c.obj)
 .text.CC_PalAbort
                0x0000000000003394       0x34 /home/pranav/ncs/v3.2.1/nrfxlib/crypto/nrf_cc310_platform/lib/cortex-m4/soft-float/no-interrupts/libnrf_cc310_platform_0.9.19.a(nrf_cc3xx_platform_abort.c.obj)
                0x0000000000003394                CC_PalAbort
 .text.nrf_cc3xx_platform_set_abort
                0x00000000000033c8       0x10 /home/pranav/ncs/v3.2.1/nrfxlib/crypto/nrf_cc310_platform/lib/cortex-m4/soft-float/no-interrupts/libnrf_cc310_platform_0.9.19.a(nrf_cc3xx_platform_abort.c.obj)
                0x00000000000033c8                nrf_cc3xx_platform_set_abort
 .text.mutex_free
                0x00000000000033d8       0x34 /home/pranav/ncs/v3.2.1/nrfxlib/crypto/nrf_cc310_platform/lib/cortex-m4/soft-float/no-interrupts/libnrf_cc310_platform_0.9.19.a(nrf_cc3xx_platform_mutex.c.obj)
 .text.mutex_lock
                0x000000000000340c       0x48 /home/pranav/ncs/v3.2.1/nrfxlib/crypto/nrf_cc310_platform/lib/cortex-m4/soft-float/no-interrupts/libnrf_cc310_platform_0.9.19.a(nrf_cc3xx_platform_mutex.c.obj)
 .text.mutex_unlock
                0x0000000000003454       0x38 /home/pranav/ncs/v3.2.1/nrfxlib/crypto/nrf_cc310_platform/lib/cortex-m4/soft-float/no-interrupts/libnrf_cc310_platform_0.9.19.a(nrf_cc3xx_platform_mutex.c.obj)
 .text.mutex_init
                0x000000000000348c       0x20 /home/pranav/ncs/v3.2.1/nrfxlib/crypto/nrf_cc310_platform/lib/cortex-m4/soft-float/no-interrupts/libnrf_cc310_platform_0.9.19.a(nrf_cc3xx_platform_mutex.c.obj)
 .text.nrf_cc3xx_platform_set_mutexes
                0x00000000000034ac       0x74 /home/pranav/ncs/v3.2.1/nrfxlib/crypto/nrf_cc310_platform/lib/cortex-m4/soft-float/no-interrupts/libnrf_cc310_platform_0.9.19.a(nrf_cc3xx_platform_mutex.c.obj)
                0x00000000000034ac                nrf_cc3xx_platform_set_mutexes
 .text.CC_LibInitNoRng
                0x0000000000003520       0x64 /home/pranav/ncs/v3.2.1/nrfxlib/crypto/nrf_cc310_platform/lib/cortex-m4/soft-float/no-interrupts/libnrf_cc310_platform_0.9.19.a(cc_lib.c.obj)
                0x0000000000003520                CC_LibInitNoRng
 .text.CC_HalInit
                0x0000000000003584        0x4 /home/pranav/ncs/v3.2.1/nrfxlib/crypto/nrf_cc310_platform/lib/cortex-m4/soft-float/no-interrupts/libnrf_cc310_platform_0.9.19.a(cc_hal.c.obj)
                0x0000000000003584                CC_HalInit
 .text.CC_HalTerminate
                0x0000000000003588        0x4 /home/pranav/ncs/v3.2.1/nrfxlib/crypto/nrf_cc310_platform/lib/cortex-m4/soft-float/no-interrupts/libnrf_cc310_platform_0.9.19.a(cc_hal.c.obj)
                0x0000000000003588                CC_HalTerminate
 .text.CC_HalMaskInterrupt
                0x000000000000358c        0xc /home/pranav/ncs/v3.2.1/nrfxlib/crypto/nrf_cc310_platform/lib/cortex-m4/soft-float/no-interrupts/libnrf_cc310_platform_0.9.19.a(cc_hal.c.obj)
                0x000000000000358c                CC_HalMaskInterrupt
 .text.CC_PalInit
                0x0000000000003598       0x5c /home/pranav/ncs/v3.2.1/nrfxlib/crypto/nrf_cc310_platform/lib/cortex-m4/soft-float/no-interrupts/libnrf_cc310_platform_0.9.19.a(cc_pal.c.obj)
                0x0000000000003598                CC_PalInit
 .text.CC_PalTerminate
                0x00000000000035f4       0x34 /home/pranav/ncs/v3.2.1/nrfxlib/crypto/nrf_cc310_platform/lib/cortex-m4/soft-float/no-interrupts/libnrf_cc310_platform_0.9.19.a(cc_pal.c.obj)
                0x00000000000035f4                CC_PalTerminate
 .text.CC_PalDmaInit
                0x0000000000003628        0x4 /home/pranav/ncs/v3.2.1/nrfxlib/crypto/nrf_cc310_platform/lib/cortex-m4/soft-float/no-interrupts/libnrf_cc310_platform_0.9.19.a(cc_pal_dma.c.obj)
                0x0000000000003628                CC_PalDmaInit
 .text.CC_PalDmaTerminate
                0x000000000000362c        0x4 /home/pranav/ncs/v3.2.1/nrfxlib/crypto/nrf_cc310_platform/lib/cortex-m4/soft-float/no-interrupts/libnrf_cc310_platform_0.9.19.a(cc_pal_dma.c.obj)
                0x000000000000362c                CC_PalDmaTerminate
 .text.CC_PalMutexCreate
                0x0000000000003630       0x14 /home/pranav/ncs/v3.2.1/nrfxlib/crypto/nrf_cc310_platform/lib/cortex-m4/soft-float/no-interrupts/libnrf_cc310_platform_0.9.19.a(cc_pal_mutex.c.obj)
                0x0000000000003630                CC_PalMutexCreate
 .text.CC_PalMutexDestroy
                0x0000000000003644       0x14 /home/pranav/ncs/v3.2.1/nrfxlib/crypto/nrf_cc310_platform/lib/cortex-m4/soft-float/no-interrupts/libnrf_cc310_platform_0.9.19.a(cc_pal_mutex.c.obj)
                0x0000000000003644                CC_PalMutexDestroy
 .text.CC_PalPowerSaveModeInit
                0x0000000000003658       0x3c /home/pranav/ncs/v3.2.1/nrfxlib/crypto/nrf_cc310_platform/lib/cortex-m4/soft-float/no-interrupts/libnrf_cc310_platform_0.9.19.a(cc_pal_pm.c.obj)
                0x0000000000003658                CC_PalPowerSaveModeInit
 .text.CC_PalPowerSaveModeSelect
                0x0000000000003694       0x84 /home/pranav/ncs/v3.2.1/nrfxlib/crypto/nrf_cc310_platform/lib/cortex-m4/soft-float/no-interrupts/libnrf_cc310_platform_0.9.19.a(cc_pal_pm.c.obj)
                0x0000000000003694                CC_PalPowerSaveModeSelect
 .text.__l_vfprintf
                0x0000000000003718      0x4b8 /home/pranav/ncs/toolchains/43683a87ea/opt/zephyr-sdk/arm-zephyr-eabi/bin/../lib/gcc/../../picolibc/arm-zephyr-eabi/lib/thumb/v7e-m/nofp/libc.a(libc_tinystdio_vflprintf.c.o)
                0x0000000000003718                __l_vfprintf
 .text._OffsetAbsSyms
                0x0000000000003bd0        0x2 zephyr/CMakeFiles/offsets.dir/./arch/arm/core/offsets/offsets.c.obj
                0x0000000000003bd0                _OffsetAbsSyms
 .text.gpio_pin_configure_dt
                0x0000000000003bd2       0x3e app/libapp.a(main.c.obj)
 .text.chunk_field
                0x0000000000003c10       0x16 zephyr/libzephyr.a(heap.c.obj)
 .text.chunk_set
                0x0000000000003c26       0x16 zephyr/libzephyr.a(heap.c.obj)
 .text.chunk_size
                0x0000000000003c3c        0xc zephyr/libzephyr.a(heap.c.obj)
 .text.set_chunk_used
                0x0000000000003c48       0x30 zephyr/libzephyr.a(heap.c.obj)
 .text.set_chunk_size
                0x0000000000003c78        0x8 zephyr/libzephyr.a(heap.c.obj)
 .text.bucket_idx
                0x0000000000003c80       0x1e zephyr/libzephyr.a(heap.c.obj)
 .text.free_list_add
                0x0000000000003c9e       0x84 zephyr/libzephyr.a(heap.c.obj)
 .text.sys_heap_init
                0x0000000000003d22       0xb0 zephyr/libzephyr.a(heap.c.obj)
                0x0000000000003d22                sys_heap_init
 .text.arch_printk_char_out
                0x0000000000003dd2        0x4 zephyr/libzephyr.a(printk.c.obj)
                0x0000000000003dd2                arch_printk_char_out
 .text.printk   0x0000000000003dd6       0x1a zephyr/libzephyr.a(printk.c.obj)
                0x0000000000003dd6                printk
 .text.process_recheck
                0x0000000000003df0       0x38 zephyr/libzephyr.a(onoff.c.obj)
 .text.validate_args
                0x0000000000003e28       0x20 zephyr/libzephyr.a(onoff.c.obj)
 .text.notify_one
                0x0000000000003e48       0x2c zephyr/libzephyr.a(onoff.c.obj)
 .text.transition_complete
                0x0000000000003e74       0x1a zephyr/libzephyr.a(onoff.c.obj)
 .text.onoff_manager_init
                0x0000000000003e8e       0x26 zephyr/libzephyr.a(onoff.c.obj)
                0x0000000000003e8e                onoff_manager_init
 .text.onoff_request
                0x0000000000003eb4       0xae zephyr/libzephyr.a(onoff.c.obj)
                0x0000000000003eb4                onoff_request
 .text.sys_notify_validate
                0x0000000000003f62       0x22 zephyr/libzephyr.a(notify.c.obj)
                0x0000000000003f62                sys_notify_validate
 .text.sys_notify_finalize
                0x0000000000003f84       0x1a zephyr/libzephyr.a(notify.c.obj)
                0x0000000000003f84                sys_notify_finalize
 .text._ConfigAbsSyms
                0x0000000000003f9e        0x2 zephyr/libzephyr.a(configs.c.obj)
                0x0000000000003f9e                _ConfigAbsSyms
 .text.abort_function
                0x0000000000003fa0        0x2 zephyr/libzephyr.a(nrf_cc3xx_platform_abort_zephyr.c.obj)
 .text.arch_early_memset
                0x0000000000003fa2        0x4 zephyr/arch/common/libarch__common.a(init.c.obj)
                0x0000000000003fa2                arch_early_memset
 .text.arch_early_memcpy
                0x0000000000003fa6        0x4 zephyr/arch/common/libarch__common.a(init.c.obj)
                0x0000000000003fa6                arch_early_memcpy
 .text.z_do_kernel_oops
                0x0000000000003faa        0x8 zephyr/arch/arch/arm/core/libarch__arm__core.a(fatal.c.obj)
                0x0000000000003faa                z_do_kernel_oops
 .text.z_arm_nmi
                0x0000000000003fb2        0xe zephyr/arch/arch/arm/core/libarch__arm__core.a(nmi.c.obj)
                0x0000000000003fb2                z_arm_nmi
 .text.z_irq_spurious
                0x0000000000003fc0        0x8 zephyr/arch/arch/arm/core/cortex_m/libarch__arm__core__cortex_m.a(irq_manage.c.obj)
                0x0000000000003fc0                z_irq_spurious
 .text.arch_coprocessors_disable
                0x0000000000003fc8        0x6 zephyr/arch/arch/arm/core/cortex_m/libarch__arm__core__cortex_m.a(thread.c.obj)
                0x0000000000003fc8                arch_coprocessors_disable
 .text.arch_irq_unlock_outlined
                0x0000000000003fce        0xe zephyr/arch/arch/arm/core/cortex_m/libarch__arm__core__cortex_m.a(thread.c.obj)
                0x0000000000003fce                arch_irq_unlock_outlined
 .text.arch_cpu_idle
                0x0000000000003fdc       0x1a zephyr/arch/arch/arm/core/cortex_m/libarch__arm__core__cortex_m.a(cpu_idle.c.obj)
                0x0000000000003fdc                arch_cpu_idle
 .text.arch_cpu_atomic_idle
                0x0000000000003ff6       0x1e zephyr/arch/arch/arm/core/cortex_m/libarch__arm__core__cortex_m.a(cpu_idle.c.obj)
                0x0000000000003ff6                arch_cpu_atomic_idle
 .text.picolibc_put
                0x0000000000004014        0xa zephyr/lib/libc/picolibc/liblib__libc__picolibc.a(stdio.c.obj)
 .text.get_status
                0x000000000000401e       0x12 zephyr/drivers/clock_control/libdrivers__clock_control.a(clock_control_nrf.c.obj)
 .text.stop     0x0000000000004030       0x52 zephyr/drivers/clock_control/libdrivers__clock_control.a(clock_control_nrf.c.obj)
 .text.api_stop
                0x0000000000004082        0x6 zephyr/drivers/clock_control/libdrivers__clock_control.a(clock_control_nrf.c.obj)
 .text.async_start
                0x0000000000004088       0x5c zephyr/drivers/clock_control/libdrivers__clock_control.a(clock_control_nrf.c.obj)
 .text.api_start
                0x00000000000040e4        0xe zephyr/drivers/clock_control/libdrivers__clock_control.a(clock_control_nrf.c.obj)
 .text.onoff_started_callback
                0x00000000000040f2       0x12 zephyr/drivers/clock_control/libdrivers__clock_control.a(clock_control_nrf.c.obj)
 .text.blocking_start_callback
                0x0000000000004104        0x6 zephyr/drivers/clock_control/libdrivers__clock_control.a(clock_control_nrf.c.obj)
 .text.lfclk_stop
                0x000000000000410a        0x4 zephyr/drivers/clock_control/libdrivers__clock_control.a(clock_control_nrf.c.obj)
 .text.lfclk_start
                0x000000000000410e        0x4 zephyr/drivers/clock_control/libdrivers__clock_control.a(clock_control_nrf.c.obj)
 .text.gpio_nrfx_port_get_raw
                0x0000000000004112        0xe zephyr/drivers/gpio/libdrivers__gpio.a(gpio_nrfx.c.obj)
 .text.gpio_nrfx_port_set_masked_raw
                0x0000000000004120       0x18 zephyr/drivers/gpio/libdrivers__gpio.a(gpio_nrfx.c.obj)
 .text.gpio_nrfx_port_set_bits_raw
                0x0000000000004138        0xc zephyr/drivers/gpio/libdrivers__gpio.a(gpio_nrfx.c.obj)
 .text.gpio_nrfx_port_clear_bits_raw
                0x0000000000004144        0xc zephyr/drivers/gpio/libdrivers__gpio.a(gpio_nrfx.c.obj)
 .text.gpio_nrfx_port_toggle_bits
                0x0000000000004150       0x1a zephyr/drivers/gpio/libdrivers__gpio.a(gpio_nrfx.c.obj)
 .text.gpio_nrfx_manage_callback
                0x000000000000416a       0x52 zephyr/drivers/gpio/libdrivers__gpio.a(gpio_nrfx.c.obj)
 .text.gpio_nrfx_gpiote_irq_handler
                0x00000000000041bc        0x4 zephyr/drivers/gpio/libdrivers__gpio.a(gpio_nrfx.c.obj)
                0x00000000000041bc                gpio_nrfx_gpiote_irq_handler
 .text.pinctrl_lookup_state
                0x00000000000041c0       0x26 zephyr/drivers/pinctrl/libdrivers__pinctrl.a(common.c.obj)
                0x00000000000041c0                pinctrl_lookup_state
 .text.uarte_nrfx_err_check
                0x00000000000041e6        0xe zephyr/drivers/serial/libdrivers__serial.a(uart_nrfx_uarte.c.obj)
 .text.uarte_nrfx_poll_in
                0x00000000000041f4       0x26 zephyr/drivers/serial/libdrivers__serial.a(uart_nrfx_uarte.c.obj)
 .text.is_tx_ready.isra.0
                0x000000000000421a       0x20 zephyr/drivers/serial/libdrivers__serial.a(uart_nrfx_uarte.c.obj)
 .text.uarte_nrfx_isr_int
                0x000000000000423a       0x42 zephyr/drivers/serial/libdrivers__serial.a(uart_nrfx_uarte.c.obj)
 .text.pinctrl_apply_state.isra.0
                0x000000000000427c       0x1e zephyr/drivers/serial/libdrivers__serial.a(uart_nrfx_uarte.c.obj)
 .text.uarte_instance_deinit
                0x000000000000429a        0x6 zephyr/drivers/serial/libdrivers__serial.a(uart_nrfx_uarte.c.obj)
 .text.uarte_0_init
                0x00000000000042a0       0xf0 zephyr/drivers/serial/libdrivers__serial.a(uart_nrfx_uarte.c.obj)
 .text.event_clear
                0x0000000000004390       0x18 zephyr/drivers/timer/libdrivers__timer.a(nrf_rtc_timer.c.obj)
 .text.hw_cc3xx_init_internal
                0x00000000000043a8        0x4 modules/nrf/drivers/hw_cc3xx/lib..__nrf__drivers__hw_cc3xx.a(hw_cc3xx.c.obj)
 .text.hw_cc3xx_init
                0x00000000000043ac       0x12 modules/nrf/drivers/hw_cc3xx/lib..__nrf__drivers__hw_cc3xx.a(hw_cc3xx.c.obj)
 .text.nrfx_isr
                0x00000000000043be        0x6 modules/hal_nordic/modules/hal_nordic/nrfx/libmodules__hal_nordic__nrfx.a(nrfx_glue.c.obj)
                0x00000000000043be                nrfx_isr
 .text.nrfx_busy_wait
                0x00000000000043c4        0x4 modules/hal_nordic/modules/hal_nordic/nrfx/libmodules__hal_nordic__nrfx.a(nrfx_glue.c.obj)
                0x00000000000043c4                nrfx_busy_wait
 .text.nrfx_flag32_alloc
                0x00000000000043c8       0x3c modules/hal_nordic/modules/hal_nordic/nrfx/libmodules__hal_nordic__nrfx.a(nrfx_flag32_allocator.c.obj)
                0x00000000000043c8                nrfx_flag32_alloc
 .text.nrfx_flag32_free
                0x0000000000004404       0x3a modules/hal_nordic/modules/hal_nordic/nrfx/libmodules__hal_nordic__nrfx.a(nrfx_flag32_allocator.c.obj)
                0x0000000000004404                nrfx_flag32_free
 .text.nrfx_gppi_conn_alloc
                0x000000000000443e       0x2c modules/hal_nordic/modules/hal_nordic/nrfx/libmodules__hal_nordic__nrfx.a(nrfx_gppi_ppi.c.obj)
                0x000000000000443e                nrfx_gppi_conn_alloc
 .text.nrfx_clock_start
                0x000000000000446a       0x10 modules/hal_nordic/modules/hal_nordic/nrfx/libmodules__hal_nordic__nrfx.a(nrfx_clock.c.obj)
                0x000000000000446a                nrfx_clock_start
 .text.nrfx_clock_stop
                0x000000000000447a       0x10 modules/hal_nordic/modules/hal_nordic/nrfx/libmodules__hal_nordic__nrfx.a(nrfx_clock.c.obj)
                0x000000000000447a                nrfx_clock_stop
 .text.CLOCK_POWER_IRQHandler
                0x000000000000448a        0xe modules/hal_nordic/modules/hal_nordic/nrfx/libmodules__hal_nordic__nrfx.a(nrfx_clock.c.obj)
                0x000000000000448a                CLOCK_POWER_IRQHandler
 .text.nrfx_clock_hfclk_stop
                0x0000000000004498        0x4 modules/hal_nordic/modules/hal_nordic/nrfx/libmodules__hal_nordic__nrfx.a(nrfx_clock_hfclk.c.obj)
                0x0000000000004498                nrfx_clock_hfclk_stop
 .text.clock_stop
                0x000000000000449c       0x32 modules/hal_nordic/modules/hal_nordic/nrfx/libmodules__hal_nordic__nrfx.a(nrfx_clock_lfclk.c.obj)
 .text.nrfx_clock_lfclk_stop
                0x00000000000044ce        0x4 modules/hal_nordic/modules/hal_nordic/nrfx/libmodules__hal_nordic__nrfx.a(nrfx_clock_lfclk.c.obj)
                0x00000000000044ce                nrfx_clock_lfclk_stop
 .text.nrf_gpio_reconfigure
                0x00000000000044d2       0x92 modules/hal_nordic/modules/hal_nordic/nrfx/libmodules__hal_nordic__nrfx.a(nrfx_gpiote.c.obj)
 .text.nrf_gpio_cfg_sense_set
                0x0000000000004564       0x1e modules/hal_nordic/modules/hal_nordic/nrfx/libmodules__hal_nordic__nrfx.a(nrfx_gpiote.c.obj)
 .text.pin_in_use_by_te
                0x0000000000004582       0x16 modules/hal_nordic/modules/hal_nordic/nrfx/libmodules__hal_nordic__nrfx.a(nrfx_gpiote.c.obj)
 .text.pin_is_output
                0x0000000000004598       0x16 modules/hal_nordic/modules/hal_nordic/nrfx/libmodules__hal_nordic__nrfx.a(nrfx_gpiote.c.obj)
 .text.pin_te_get
                0x00000000000045ae       0x14 modules/hal_nordic/modules/hal_nordic/nrfx/libmodules__hal_nordic__nrfx.a(nrfx_gpiote.c.obj)
 .text.call_handler
                0x00000000000045c2       0x3e modules/hal_nordic/modules/hal_nordic/nrfx/libmodules__hal_nordic__nrfx.a(nrfx_gpiote.c.obj)
 .text.release_handler
                0x0000000000004600       0x54 modules/hal_nordic/modules/hal_nordic/nrfx/libmodules__hal_nordic__nrfx.a(nrfx_gpiote.c.obj)
 .text.__nrfy_internal_gpiote_events_process
                0x0000000000004654       0x50 modules/hal_nordic/modules/hal_nordic/nrfx/libmodules__hal_nordic__nrfx.a(nrfx_gpiote.c.obj)
 .text.pin_trigger_disable
                0x00000000000046a4       0x46 modules/hal_nordic/modules/hal_nordic/nrfx/libmodules__hal_nordic__nrfx.a(nrfx_gpiote.c.obj)
 .text.nrfx_gpiote_input_configure
                0x00000000000046ea      0x170 modules/hal_nordic/modules/hal_nordic/nrfx/libmodules__hal_nordic__nrfx.a(nrfx_gpiote.c.obj)
                0x00000000000046ea                nrfx_gpiote_input_configure
 .text.nrfx_gpiote_output_configure
                0x000000000000485a       0xf2 modules/hal_nordic/modules/hal_nordic/nrfx/libmodules__hal_nordic__nrfx.a(nrfx_gpiote.c.obj)
                0x000000000000485a                nrfx_gpiote_output_configure
 .text.nrfx_gpiote_global_callback_set
                0x000000000000494c        0x6 modules/hal_nordic/modules/hal_nordic/nrfx/libmodules__hal_nordic__nrfx.a(nrfx_gpiote.c.obj)
                0x000000000000494c                nrfx_gpiote_global_callback_set
 .text.nrfx_gpiote_channel_get
                0x0000000000004952       0x26 modules/hal_nordic/modules/hal_nordic/nrfx/libmodules__hal_nordic__nrfx.a(nrfx_gpiote.c.obj)
                0x0000000000004952                nrfx_gpiote_channel_get
 .text.nrfx_gpiote_init
                0x0000000000004978       0x38 modules/hal_nordic/modules/hal_nordic/nrfx/libmodules__hal_nordic__nrfx.a(nrfx_gpiote.c.obj)
                0x0000000000004978                nrfx_gpiote_init
 .text.nrfx_gpiote_init_check
                0x00000000000049b0        0xc modules/hal_nordic/modules/hal_nordic/nrfx/libmodules__hal_nordic__nrfx.a(nrfx_gpiote.c.obj)
                0x00000000000049b0                nrfx_gpiote_init_check
 .text.nrfx_gpiote_pin_uninit
                0x00000000000049bc        0x4 modules/hal_nordic/modules/hal_nordic/nrfx/libmodules__hal_nordic__nrfx.a(nrfx_gpiote.c.obj)
                0x00000000000049bc                nrfx_gpiote_pin_uninit
 .text.nrfx_gpiote_trigger_enable
                0x00000000000049c0       0xa6 modules/hal_nordic/modules/hal_nordic/nrfx/libmodules__hal_nordic__nrfx.a(nrfx_gpiote.c.obj)
                0x00000000000049c0                nrfx_gpiote_trigger_enable
 .text.nrfx_gpiote_trigger_disable
                0x0000000000004a66        0x4 modules/hal_nordic/modules/hal_nordic/nrfx/libmodules__hal_nordic__nrfx.a(nrfx_gpiote.c.obj)
                0x0000000000004a66                nrfx_gpiote_trigger_disable
 .text.z_impl_k_busy_wait
                0x0000000000004a6a        0x8 zephyr/kernel/libkernel.a(busy_wait.c.obj)
                0x0000000000004a6a                z_impl_k_busy_wait
 .text.do_device_init
                0x0000000000004a72       0x30 zephyr/kernel/libkernel.a(device.c.obj)
                0x0000000000004a72                do_device_init
 .text.z_impl_device_is_ready
                0x0000000000004aa2       0x16 zephyr/kernel/libkernel.a(device.c.obj)
                0x0000000000004aa2                z_impl_device_is_ready
 .text.arch_system_halt
                0x0000000000004ab8       0x10 zephyr/kernel/libkernel.a(fatal.c.obj)
                0x0000000000004ab8                arch_system_halt
 .text.k_sys_fatal_error_handler
                0x0000000000004ac8        0x6 zephyr/kernel/libkernel.a(fatal.c.obj)
                0x0000000000004ac8                k_sys_fatal_error_handler
 .text.create_free_list
                0x0000000000004ace       0x34 zephyr/kernel/libkernel.a(mem_slab.c.obj)
 .text.k_mem_slab_init
                0x0000000000004b02       0x1c zephyr/kernel/libkernel.a(mem_slab.c.obj)
                0x0000000000004b02                k_mem_slab_init
 .text.k_mem_slab_free
                0x0000000000004b1e       0x6e zephyr/kernel/libkernel.a(mem_slab.c.obj)
                0x0000000000004b1e                k_mem_slab_free
 .text.idle     0x0000000000004b8c       0x16 zephyr/kernel/libkernel.a(idle.c.obj)
                0x0000000000004b8c                idle
 .text.adjust_owner_prio.isra.0
                0x0000000000004ba2       0x10 zephyr/kernel/libkernel.a(mutex.c.obj)
 .text.z_impl_k_mutex_init
                0x0000000000004bb2        0xe zephyr/kernel/libkernel.a(mutex.c.obj)
                0x0000000000004bb2                z_impl_k_mutex_init
 .text.k_is_in_isr
                0x0000000000004bc0        0xc zephyr/kernel/libkernel.a(thread.c.obj)
                0x0000000000004bc0                k_is_in_isr
 .text.sys_dlist_remove
                0x0000000000004bcc       0x10 zephyr/kernel/libkernel.a(sched.c.obj)
 .text.unpend_thread_no_timeout
                0x0000000000004bdc       0x14 zephyr/kernel/libkernel.a(sched.c.obj)
 .text.add_to_waitq_locked
                0x0000000000004bf0       0x50 zephyr/kernel/libkernel.a(sched.c.obj)
 .text.z_ready_thread
                0x0000000000004c40       0x1e zephyr/kernel/libkernel.a(sched.c.obj)
                0x0000000000004c40                z_ready_thread
 .text.z_sched_wake_thread
                0x0000000000004c5e       0x3a zephyr/kernel/libkernel.a(sched.c.obj)
                0x0000000000004c5e                z_sched_wake_thread
 .text.z_thread_timeout
                0x0000000000004c98        0x8 zephyr/kernel/libkernel.a(sched.c.obj)
                0x0000000000004c98                z_thread_timeout
 .text.z_impl_k_sleep
                0x0000000000004ca0       0x4e zephyr/kernel/libkernel.a(sched.c.obj)
                0x0000000000004ca0                z_impl_k_sleep
 .text.next_timeout
                0x0000000000004cee       0x2e zephyr/kernel/libkernel.a(timeout.c.obj)
 .text.z_abort_timeout
                0x0000000000004d1c       0x50 zephyr/kernel/libkernel.a(timeout.c.obj)
                0x0000000000004d1c                z_abort_timeout
 .text.sys_clock_tick_get_32
                0x0000000000004d6c        0x8 zephyr/kernel/libkernel.a(timeout.c.obj)
                0x0000000000004d6c                sys_clock_tick_get_32
 .text.memcpy   0x0000000000004d74       0x1c /home/pranav/ncs/toolchains/43683a87ea/opt/zephyr-sdk/arm-zephyr-eabi/bin/../lib/gcc/../../picolibc/arm-zephyr-eabi/lib/thumb/v7e-m/nofp/libc.a(memcpy.c.o)
                0x0000000000004d74                memcpy
                0x0000000000004d74                __aeabi_memcpy
                0x0000000000004d74                __aeabi_memcpy4
                0x0000000000004d74                __aeabi_memcpy8
 .text.memset   0x0000000000004d90       0x10 /home/pranav/ncs/toolchains/43683a87ea/opt/zephyr-sdk/arm-zephyr-eabi/bin/../lib/gcc/../../picolibc/arm-zephyr-eabi/lib/thumb/v7e-m/nofp/libc.a(memset.c.o)
                0x0000000000004d90                memset
 .text.strnlen  0x0000000000004da0       0x18 /home/pranav/ncs/toolchains/43683a87ea/opt/zephyr-sdk/arm-zephyr-eabi/bin/../lib/gcc/../../picolibc/arm-zephyr-eabi/lib/thumb/v7e-m/nofp/libc.a(libc_string_strnlen.c.o)
                0x0000000000004da0                strnlen
 .text.__ultoa_invert
                0x0000000000004db8       0xae /home/pranav/ncs/toolchains/43683a87ea/opt/zephyr-sdk/arm-zephyr-eabi/bin/../lib/gcc/../../picolibc/arm-zephyr-eabi/lib/thumb/v7e-m/nofp/libc.a(libc_tinystdio_vflprintf.c.o)
 *(SORT_BY_ALIGNMENT(.TEXT.*))
 *fill*         0x0000000000004e66        0x2 
 .TEXT.__aeabi_read_tp
                0x0000000000004e68        0xc zephyr/arch/arch/arm/core/cortex_m/libarch__arm__core__cortex_m.a(__aeabi_read_tp.S.obj)
                0x0000000000004e68                __aeabi_read_tp
 *(SORT_BY_ALIGNMENT(.gnu.linkonce.t.*))
 *(SORT_BY_ALIGNMENT(.glue_7t))
 .glue_7t       0x0000000000004e74        0x0 linker stubs
 *(SORT_BY_ALIGNMENT(.glue_7))
 .glue_7        0x0000000000004e74        0x0 linker stubs
 *(SORT_BY_ALIGNMENT(.vfp11_veneer))
 .vfp11_veneer  0x0000000000004e74        0x0 linker stubs
 *(SORT_BY_ALIGNMENT(.v4_bx))
 .v4_bx         0x0000000000004e74        0x0 linker stubs
                0x0000000000004e74                . = ALIGN (0x4)
                0x0000000000004e74                __text_region_end = .

.ARM.exidx      0x0000000000004e74        0x0
                0x0000000000004e74                __exidx_start = .
 *(SORT_BY_ALIGNMENT(.ARM.exidx*) SORT_BY_ALIGNMENT(gnu.linkonce.armexidx.*))
                0x0000000000004e74                __exidx_end = .
                0x0000000000004e74                __rodata_region_start = .

initlevel       0x0000000000004e74       0x60
                0x0000000000004e74                __init_start = .
                0x0000000000004e74                __init_EARLY_start = .
 *(SORT_BY_NAME(SORT_BY_ALIGNMENT(.z_init_EARLY_P_?_*)))
 *(SORT_BY_NAME(SORT_BY_ALIGNMENT(.z_init_EARLY_P_??_*)))
 *(SORT_BY_NAME(SORT_BY_ALIGNMENT(.z_init_EARLY_P_???_*)))
                0x0000000000004e74                __init_PRE_KERNEL_1_start = .
 *(SORT_BY_NAME(SORT_BY_ALIGNMENT(.z_init_PRE_KERNEL_1_P_?_*)))
 .z_init_PRE_KERNEL_1_P_0_SUB_0_
                0x0000000000004e74        0x8 zephyr/soc/soc/nrf52840/libsoc__nordic.a(soc.c.obj)
 .z_init_PRE_KERNEL_1_P_0_SUB_0_
                0x0000000000004e7c        0x8 zephyr/soc/soc/nrf52840/libsoc__nordic.a(gppi_init.c.obj)
 *(SORT_BY_NAME(SORT_BY_ALIGNMENT(.z_init_PRE_KERNEL_1_P_??_*)))
 .z_init_PRE_KERNEL_1_P_30_SUB_00077_
                0x0000000000004e84        0x8 zephyr/drivers/clock_control/libdrivers__clock_control.a(clock_control_nrf.c.obj)
 .z_init_PRE_KERNEL_1_P_30_SUB_0_
                0x0000000000004e8c        0x8 zephyr/kernel/libkernel.a(mem_slab.c.obj)
 .z_init_PRE_KERNEL_1_P_40_SUB_00011_
                0x0000000000004e94        0x8 zephyr/drivers/gpio/libdrivers__gpio.a(gpio_nrfx.c.obj)
 .z_init_PRE_KERNEL_1_P_40_SUB_00107_
                0x0000000000004e9c        0x8 zephyr/drivers/gpio/libdrivers__gpio.a(gpio_nrfx.c.obj)
 .z_init_PRE_KERNEL_1_P_40_SUB_0_
                0x0000000000004ea4        0x8 modules/nrf/drivers/hw_cc3xx/lib..__nrf__drivers__hw_cc3xx.a(hw_cc3xx.c.obj)
 .z_init_PRE_KERNEL_1_P_50_SUB_00115_
                0x0000000000004eac        0x8 zephyr/drivers/serial/libdrivers__serial.a(uart_nrfx_uarte.c.obj)
 .z_init_PRE_KERNEL_1_P_60_SUB_0_
                0x0000000000004eb4        0x8 zephyr/drivers/console/libdrivers__console.a(uart_console.c.obj)
 *(SORT_BY_NAME(SORT_BY_ALIGNMENT(.z_init_PRE_KERNEL_1_P_???_*)))
                0x0000000000004ebc                __init_PRE_KERNEL_2_start = .
 *(SORT_BY_NAME(SORT_BY_ALIGNMENT(.z_init_PRE_KERNEL_2_P_?_*)))
 .z_init_PRE_KERNEL_2_P_0_SUB_0_
                0x0000000000004ebc        0x8 zephyr/drivers/timer/libdrivers__timer.a(nrf_rtc_timer.c.obj)
 *(SORT_BY_NAME(SORT_BY_ALIGNMENT(.z_init_PRE_KERNEL_2_P_??_*)))
 *(SORT_BY_NAME(SORT_BY_ALIGNMENT(.z_init_PRE_KERNEL_2_P_???_*)))
                0x0000000000004ec4                __init_POST_KERNEL_start = .
 *(SORT_BY_NAME(SORT_BY_ALIGNMENT(.z_init_POST_KERNEL_P_?_*)))
 *(SORT_BY_NAME(SORT_BY_ALIGNMENT(.z_init_POST_KERNEL_P_??_*)))
 .z_init_POST_KERNEL_P_35_SUB_0_
                0x0000000000004ec4        0x8 zephyr/lib/libc/common/liblib__libc__common.a(malloc.c.obj)
 .z_init_POST_KERNEL_P_40_SUB_0_
                0x0000000000004ecc        0x8 modules/nrf/drivers/hw_cc3xx/lib..__nrf__drivers__hw_cc3xx.a(hw_cc3xx.c.obj)
 *(SORT_BY_NAME(SORT_BY_ALIGNMENT(.z_init_POST_KERNEL_P_???_*)))
                0x0000000000004ed4                __init_APPLICATION_start = .
 *(SORT_BY_NAME(SORT_BY_ALIGNMENT(.z_init_APPLICATION_P_?_*)))
 *(SORT_BY_NAME(SORT_BY_ALIGNMENT(.z_init_APPLICATION_P_??_*)))
 *(SORT_BY_NAME(SORT_BY_ALIGNMENT(.z_init_APPLICATION_P_???_*)))
                0x0000000000004ed4                __init_SMP_start = .
 *(SORT_BY_NAME(SORT_BY_ALIGNMENT(.z_init_SMP_P_?_*)))
 *(SORT_BY_NAME(SORT_BY_ALIGNMENT(.z_init_SMP_P_??_*)))
 *(SORT_BY_NAME(SORT_BY_ALIGNMENT(.z_init_SMP_P_???_*)))
                0x0000000000004ed4                __init_end = .

device_area     0x0000000000004ed4       0x80
                0x0000000000004ed4                _device_list_start = .
 *(SORT_BY_NAME(SORT_BY_ALIGNMENT(._device.static.*_?_*)))
 *(SORT_BY_NAME(SORT_BY_ALIGNMENT(._device.static.*_??_*)))
 ._device.static.1_30_
                0x0000000000004ed4       0x20 zephyr/drivers/clock_control/libdrivers__clock_control.a(clock_control_nrf.c.obj)
                0x0000000000004ed4                __device_dts_ord_77
 ._device.static.1_40_
                0x0000000000004ef4       0x40 zephyr/drivers/gpio/libdrivers__gpio.a(gpio_nrfx.c.obj)
                0x0000000000004ef4                __device_dts_ord_107
                0x0000000000004f14                __device_dts_ord_11
 ._device.static.1_50_
                0x0000000000004f34       0x20 zephyr/drivers/serial/libdrivers__serial.a(uart_nrfx_uarte.c.obj)
                0x0000000000004f34                __device_dts_ord_115
 *(SORT_BY_NAME(SORT_BY_ALIGNMENT(._device.static.*_???_*)))
 *(SORT_BY_NAME(SORT_BY_ALIGNMENT(._device.static.*_????_*)))
 *(SORT_BY_NAME(SORT_BY_ALIGNMENT(._device.static.*_?????_*)))
                0x0000000000004f54                _device_list_end = .

sw_isr_table    0x0000000000004f54      0x180
                0x0000000000004f54                . = ALIGN (0x4)
 *(SORT_BY_ALIGNMENT(.gnu.linkonce.sw_isr_table*))
 .gnu.linkonce.sw_isr_table
                0x0000000000004f54      0x180 zephyr/CMakeFiles/zephyr_final.dir/isr_tables.c.obj
                0x0000000000004f54                _sw_isr_table

initlevel_error
                0x0000000000004e74        0x0
 *(SORT_BY_NAME(SORT_BY_ALIGNMENT(.z_init_*)))
                0x0000000000000001                ASSERT ((SIZEOF (initlevel_error) == 0x0), Undefined initialization levels used.)

app_shmem_regions
                0x00000000000050d4        0x0
                0x00000000000050d4                __app_shmem_regions_start = .
 *(SORT_BY_NAME(SORT_BY_ALIGNMENT(.app_regions.*)))
                0x00000000000050d4                __app_shmem_regions_end = .

k_p4wq_initparam_area
                0x00000000000050d4        0x0
                0x00000000000050d4                _k_p4wq_initparam_list_start = .
 *(SORT_BY_NAME(SORT_BY_ALIGNMENT(._k_p4wq_initparam.static.*)))
                0x00000000000050d4                _k_p4wq_initparam_list_end = .

_static_thread_data_area
                0x00000000000050d4        0x0
                0x00000000000050d4                __static_thread_data_list_start = .
 *(SORT_BY_NAME(SORT_BY_ALIGNMENT(.__static_thread_data.static.*)))
                0x00000000000050d4                __static_thread_data_list_end = .

device_deps     0x00000000000050d4        0x0
                0x00000000000050d4                __device_deps_start = .
 *(SORT_BY_NAME(SORT_BY_ALIGNMENT(.__device_deps_pass2*)))
                0x00000000000050d4                __device_deps_end = .

gpio_driver_api_area
                0x00000000000050d4       0x24
                0x00000000000050d4                _gpio_driver_api_list_start = .
 *(SORT_BY_NAME(SORT_BY_ALIGNMENT(._gpio_driver_api.static.*)))
 ._gpio_driver_api.static.gpio_nrfx_drv_api_funcs_
                0x00000000000050d4       0x24 zephyr/drivers/gpio/libdrivers__gpio.a(gpio_nrfx.c.obj)
                0x00000000000050f8                _gpio_driver_api_list_end = .

shared_irq_driver_api_area
                0x00000000000050f8        0x0
                0x00000000000050f8                _shared_irq_driver_api_list_start = .
 *(SORT_BY_NAME(SORT_BY_ALIGNMENT(._shared_irq_driver_api.static.*)))
                0x00000000000050f8                _shared_irq_driver_api_list_end = .

crypto_driver_api_area
                0x00000000000050f8        0x0
                0x00000000000050f8                _crypto_driver_api_list_start = .
 *(SORT_BY_NAME(SORT_BY_ALIGNMENT(._crypto_driver_api.static.*)))
                0x00000000000050f8                _crypto_driver_api_list_end = .

adc_driver_api_area
                0x00000000000050f8        0x0
                0x00000000000050f8                _adc_driver_api_list_start = .
 *(SORT_BY_NAME(SORT_BY_ALIGNMENT(._adc_driver_api.static.*)))
                0x00000000000050f8                _adc_driver_api_list_end = .

auxdisplay_driver_api_area
                0x00000000000050f8        0x0
                0x00000000000050f8                _auxdisplay_driver_api_list_start = .
 *(SORT_BY_NAME(SORT_BY_ALIGNMENT(._auxdisplay_driver_api.static.*)))
                0x00000000000050f8                _auxdisplay_driver_api_list_end = .

bbram_driver_api_area
                0x00000000000050f8        0x0
                0x00000000000050f8                _bbram_driver_api_list_start = .
 *(SORT_BY_NAME(SORT_BY_ALIGNMENT(._bbram_driver_api.static.*)))
                0x00000000000050f8                _bbram_driver_api_list_end = .

bt_hci_driver_api_area
                0x00000000000050f8        0x0
                0x00000000000050f8                _bt_hci_driver_api_list_start = .
 *(SORT_BY_NAME(SORT_BY_ALIGNMENT(._bt_hci_driver_api.static.*)))
                0x00000000000050f8                _bt_hci_driver_api_list_end = .

can_driver_api_area
                0x00000000000050f8        0x0
                0x00000000000050f8                _can_driver_api_list_start = .
 *(SORT_BY_NAME(SORT_BY_ALIGNMENT(._can_driver_api.static.*)))
                0x00000000000050f8                _can_driver_api_list_end = .

cellular_driver_api_area
                0x00000000000050f8        0x0
                0x00000000000050f8                _cellular_driver_api_list_start = .
 *(SORT_BY_NAME(SORT_BY_ALIGNMENT(._cellular_driver_api.static.*)))
                0x00000000000050f8                _cellular_driver_api_list_end = .

charger_driver_api_area
                0x00000000000050f8        0x0
                0x00000000000050f8                _charger_driver_api_list_start = .
 *(SORT_BY_NAME(SORT_BY_ALIGNMENT(._charger_driver_api.static.*)))
                0x00000000000050f8                _charger_driver_api_list_end = .

clock_control_driver_api_area
                0x00000000000050f8       0x1c
                0x00000000000050f8                _clock_control_driver_api_list_start = .
 *(SORT_BY_NAME(SORT_BY_ALIGNMENT(._clock_control_driver_api.static.*)))
 ._clock_control_driver_api.static.clock_control_api_
                0x00000000000050f8       0x1c zephyr/drivers/clock_control/libdrivers__clock_control.a(clock_control_nrf.c.obj)
                0x0000000000005114                _clock_control_driver_api_list_end = .

comparator_driver_api_area
                0x0000000000005114        0x0
                0x0000000000005114                _comparator_driver_api_list_start = .
 *(SORT_BY_NAME(SORT_BY_ALIGNMENT(._comparator_driver_api.static.*)))
                0x0000000000005114                _comparator_driver_api_list_end = .

coredump_driver_api_area
                0x0000000000005114        0x0
                0x0000000000005114                _coredump_driver_api_list_start = .
 *(SORT_BY_NAME(SORT_BY_ALIGNMENT(._coredump_driver_api.static.*)))
                0x0000000000005114                _coredump_driver_api_list_end = .

counter_driver_api_area
                0x0000000000005114        0x0
                0x0000000000005114                _counter_driver_api_list_start = .
 *(SORT_BY_NAME(SORT_BY_ALIGNMENT(._counter_driver_api.static.*)))
                0x0000000000005114                _counter_driver_api_list_end = .

crc_driver_api_area
                0x0000000000005114        0x0
                0x0000000000005114                _crc_driver_api_list_start = .
 *(SORT_BY_NAME(SORT_BY_ALIGNMENT(._crc_driver_api.static.*)))
                0x0000000000005114                _crc_driver_api_list_end = .

dac_driver_api_area
                0x0000000000005114        0x0
                0x0000000000005114                _dac_driver_api_list_start = .
 *(SORT_BY_NAME(SORT_BY_ALIGNMENT(._dac_driver_api.static.*)))
                0x0000000000005114                _dac_driver_api_list_end = .

dai_driver_api_area
                0x0000000000005114        0x0
                0x0000000000005114                _dai_driver_api_list_start = .
 *(SORT_BY_NAME(SORT_BY_ALIGNMENT(._dai_driver_api.static.*)))
                0x0000000000005114                _dai_driver_api_list_end = .

display_driver_api_area
                0x0000000000005114        0x0
                0x0000000000005114                _display_driver_api_list_start = .
 *(SORT_BY_NAME(SORT_BY_ALIGNMENT(._display_driver_api.static.*)))
                0x0000000000005114                _display_driver_api_list_end = .

dma_driver_api_area
                0x0000000000005114        0x0
                0x0000000000005114                _dma_driver_api_list_start = .
 *(SORT_BY_NAME(SORT_BY_ALIGNMENT(._dma_driver_api.static.*)))
                0x0000000000005114                _dma_driver_api_list_end = .

edac_driver_api_area
                0x0000000000005114        0x0
                0x0000000000005114                _edac_driver_api_list_start = .
 *(SORT_BY_NAME(SORT_BY_ALIGNMENT(._edac_driver_api.static.*)))
                0x0000000000005114                _edac_driver_api_list_end = .

eeprom_driver_api_area
                0x0000000000005114        0x0
                0x0000000000005114                _eeprom_driver_api_list_start = .
 *(SORT_BY_NAME(SORT_BY_ALIGNMENT(._eeprom_driver_api.static.*)))
                0x0000000000005114                _eeprom_driver_api_list_end = .

emul_bbram_driver_api_area
                0x0000000000005114        0x0
                0x0000000000005114                _emul_bbram_driver_api_list_start = .
 *(SORT_BY_NAME(SORT_BY_ALIGNMENT(._emul_bbram_driver_api.static.*)))
                0x0000000000005114                _emul_bbram_driver_api_list_end = .

fuel_gauge_emul_driver_api_area
                0x0000000000005114        0x0
                0x0000000000005114                _fuel_gauge_emul_driver_api_list_start = .
 *(SORT_BY_NAME(SORT_BY_ALIGNMENT(._fuel_gauge_emul_driver_api.static.*)))
                0x0000000000005114                _fuel_gauge_emul_driver_api_list_end = .

emul_sensor_driver_api_area
                0x0000000000005114        0x0
                0x0000000000005114                _emul_sensor_driver_api_list_start = .
 *(SORT_BY_NAME(SORT_BY_ALIGNMENT(._emul_sensor_driver_api.static.*)))
                0x0000000000005114                _emul_sensor_driver_api_list_end = .

entropy_driver_api_area
                0x0000000000005114        0x0
                0x0000000000005114                _entropy_driver_api_list_start = .
 *(SORT_BY_NAME(SORT_BY_ALIGNMENT(._entropy_driver_api.static.*)))
                0x0000000000005114                _entropy_driver_api_list_end = .

espi_driver_api_area
                0x0000000000005114        0x0
                0x0000000000005114                _espi_driver_api_list_start = .
 *(SORT_BY_NAME(SORT_BY_ALIGNMENT(._espi_driver_api.static.*)))
                0x0000000000005114                _espi_driver_api_list_end = .

espi_saf_driver_api_area
                0x0000000000005114        0x0
                0x0000000000005114                _espi_saf_driver_api_list_start = .
 *(SORT_BY_NAME(SORT_BY_ALIGNMENT(._espi_saf_driver_api.static.*)))
                0x0000000000005114                _espi_saf_driver_api_list_end = .

flash_driver_api_area
                0x0000000000005114        0x0
                0x0000000000005114                _flash_driver_api_list_start = .
 *(SORT_BY_NAME(SORT_BY_ALIGNMENT(._flash_driver_api.static.*)))
                0x0000000000005114                _flash_driver_api_list_end = .

fpga_driver_api_area
                0x0000000000005114        0x0
                0x0000000000005114                _fpga_driver_api_list_start = .
 *(SORT_BY_NAME(SORT_BY_ALIGNMENT(._fpga_driver_api.static.*)))
                0x0000000000005114                _fpga_driver_api_list_end = .

fuel_gauge_driver_api_area
                0x0000000000005114        0x0
                0x0000000000005114                _fuel_gauge_driver_api_list_start = .
 *(SORT_BY_NAME(SORT_BY_ALIGNMENT(._fuel_gauge_driver_api.static.*)))
                0x0000000000005114                _fuel_gauge_driver_api_list_end = .

gnss_driver_api_area
                0x0000000000005114        0x0
                0x0000000000005114                _gnss_driver_api_list_start = .
 *(SORT_BY_NAME(SORT_BY_ALIGNMENT(._gnss_driver_api.static.*)))
                0x0000000000005114                _gnss_driver_api_list_end = .

haptics_driver_api_area
                0x0000000000005114        0x0
                0x0000000000005114                _haptics_driver_api_list_start = .
 *(SORT_BY_NAME(SORT_BY_ALIGNMENT(._haptics_driver_api.static.*)))
                0x0000000000005114                _haptics_driver_api_list_end = .

hwspinlock_driver_api_area
                0x0000000000005114        0x0
                0x0000000000005114                _hwspinlock_driver_api_list_start = .
 *(SORT_BY_NAME(SORT_BY_ALIGNMENT(._hwspinlock_driver_api.static.*)))
                0x0000000000005114                _hwspinlock_driver_api_list_end = .

i2c_driver_api_area
                0x0000000000005114        0x0
                0x0000000000005114                _i2c_driver_api_list_start = .
 *(SORT_BY_NAME(SORT_BY_ALIGNMENT(._i2c_driver_api.static.*)))
                0x0000000000005114                _i2c_driver_api_list_end = .

i2c_target_driver_api_area
                0x0000000000005114        0x0
                0x0000000000005114                _i2c_target_driver_api_list_start = .
 *(SORT_BY_NAME(SORT_BY_ALIGNMENT(._i2c_target_driver_api.static.*)))
                0x0000000000005114                _i2c_target_driver_api_list_end = .

i2s_driver_api_area
                0x0000000000005114        0x0
                0x0000000000005114                _i2s_driver_api_list_start = .
 *(SORT_BY_NAME(SORT_BY_ALIGNMENT(._i2s_driver_api.static.*)))
                0x0000000000005114                _i2s_driver_api_list_end = .

i3c_driver_api_area
                0x0000000000005114        0x0
                0x0000000000005114                _i3c_driver_api_list_start = .
 *(SORT_BY_NAME(SORT_BY_ALIGNMENT(._i3c_driver_api.static.*)))
                0x0000000000005114                _i3c_driver_api_list_end = .

ipm_driver_api_area
                0x0000000000005114        0x0
                0x0000000000005114                _ipm_driver_api_list_start = .
 *(SORT_BY_NAME(SORT_BY_ALIGNMENT(._ipm_driver_api.static.*)))
                0x0000000000005114                _ipm_driver_api_list_end = .

led_driver_api_area
                0x0000000000005114        0x0
                0x0000000000005114                _led_driver_api_list_start = .
 *(SORT_BY_NAME(SORT_BY_ALIGNMENT(._led_driver_api.static.*)))
                0x0000000000005114                _led_driver_api_list_end = .

led_strip_driver_api_area
                0x0000000000005114        0x0
                0x0000000000005114                _led_strip_driver_api_list_start = .
 *(SORT_BY_NAME(SORT_BY_ALIGNMENT(._led_strip_driver_api.static.*)))
                0x0000000000005114                _led_strip_driver_api_list_end = .

lora_driver_api_area
                0x0000000000005114        0x0
                0x0000000000005114                _lora_driver_api_list_start = .
 *(SORT_BY_NAME(SORT_BY_ALIGNMENT(._lora_driver_api.static.*)))
                0x0000000000005114                _lora_driver_api_list_end = .

mbox_driver_api_area
                0x0000000000005114        0x0
                0x0000000000005114                _mbox_driver_api_list_start = .
 *(SORT_BY_NAME(SORT_BY_ALIGNMENT(._mbox_driver_api.static.*)))
                0x0000000000005114                _mbox_driver_api_list_end = .

mdio_driver_api_area
                0x0000000000005114        0x0
                0x0000000000005114                _mdio_driver_api_list_start = .
 *(SORT_BY_NAME(SORT_BY_ALIGNMENT(._mdio_driver_api.static.*)))
                0x0000000000005114                _mdio_driver_api_list_end = .

mipi_dbi_driver_api_area
                0x0000000000005114        0x0
                0x0000000000005114                _mipi_dbi_driver_api_list_start = .
 *(SORT_BY_NAME(SORT_BY_ALIGNMENT(._mipi_dbi_driver_api.static.*)))
                0x0000000000005114                _mipi_dbi_driver_api_list_end = .

mipi_dsi_driver_api_area
                0x0000000000005114        0x0
                0x0000000000005114                _mipi_dsi_driver_api_list_start = .
 *(SORT_BY_NAME(SORT_BY_ALIGNMENT(._mipi_dsi_driver_api.static.*)))
                0x0000000000005114                _mipi_dsi_driver_api_list_end = .

mspi_driver_api_area
                0x0000000000005114        0x0
                0x0000000000005114                _mspi_driver_api_list_start = .
 *(SORT_BY_NAME(SORT_BY_ALIGNMENT(._mspi_driver_api.static.*)))
                0x0000000000005114                _mspi_driver_api_list_end = .

peci_driver_api_area
                0x0000000000005114        0x0
                0x0000000000005114                _peci_driver_api_list_start = .
 *(SORT_BY_NAME(SORT_BY_ALIGNMENT(._peci_driver_api.static.*)))
                0x0000000000005114                _peci_driver_api_list_end = .

ps2_driver_api_area
                0x0000000000005114        0x0
                0x0000000000005114                _ps2_driver_api_list_start = .
 *(SORT_BY_NAME(SORT_BY_ALIGNMENT(._ps2_driver_api.static.*)))
                0x0000000000005114                _ps2_driver_api_list_end = .

ptp_clock_driver_api_area
                0x0000000000005114        0x0
                0x0000000000005114                _ptp_clock_driver_api_list_start = .
 *(SORT_BY_NAME(SORT_BY_ALIGNMENT(._ptp_clock_driver_api.static.*)))
                0x0000000000005114                _ptp_clock_driver_api_list_end = .

pwm_driver_api_area
                0x0000000000005114        0x0
                0x0000000000005114                _pwm_driver_api_list_start = .
 *(SORT_BY_NAME(SORT_BY_ALIGNMENT(._pwm_driver_api.static.*)))
                0x0000000000005114                _pwm_driver_api_list_end = .

regulator_parent_driver_api_area
                0x0000000000005114        0x0
                0x0000000000005114                _regulator_parent_driver_api_list_start = .
 *(SORT_BY_NAME(SORT_BY_ALIGNMENT(._regulator_parent_driver_api.static.*)))
                0x0000000000005114                _regulator_parent_driver_api_list_end = .

regulator_driver_api_area
                0x0000000000005114        0x0
                0x0000000000005114                _regulator_driver_api_list_start = .
 *(SORT_BY_NAME(SORT_BY_ALIGNMENT(._regulator_driver_api.static.*)))
                0x0000000000005114                _regulator_driver_api_list_end = .

reset_driver_api_area
                0x0000000000005114        0x0
                0x0000000000005114                _reset_driver_api_list_start = .
 *(SORT_BY_NAME(SORT_BY_ALIGNMENT(._reset_driver_api.static.*)))
                0x0000000000005114                _reset_driver_api_list_end = .

retained_mem_driver_api_area
                0x0000000000005114        0x0
                0x0000000000005114                _retained_mem_driver_api_list_start = .
 *(SORT_BY_NAME(SORT_BY_ALIGNMENT(._retained_mem_driver_api.static.*)))
                0x0000000000005114                _retained_mem_driver_api_list_end = .

rtc_driver_api_area
                0x0000000000005114        0x0
                0x0000000000005114                _rtc_driver_api_list_start = .
 *(SORT_BY_NAME(SORT_BY_ALIGNMENT(._rtc_driver_api.static.*)))
                0x0000000000005114                _rtc_driver_api_list_end = .

sdhc_driver_api_area
                0x0000000000005114        0x0
                0x0000000000005114                _sdhc_driver_api_list_start = .
 *(SORT_BY_NAME(SORT_BY_ALIGNMENT(._sdhc_driver_api.static.*)))
                0x0000000000005114                _sdhc_driver_api_list_end = .

sensor_driver_api_area
                0x0000000000005114        0x0
                0x0000000000005114                _sensor_driver_api_list_start = .
 *(SORT_BY_NAME(SORT_BY_ALIGNMENT(._sensor_driver_api.static.*)))
                0x0000000000005114                _sensor_driver_api_list_end = .

smbus_driver_api_area
                0x0000000000005114        0x0
                0x0000000000005114                _smbus_driver_api_list_start = .
 *(SORT_BY_NAME(SORT_BY_ALIGNMENT(._smbus_driver_api.static.*)))
                0x0000000000005114                _smbus_driver_api_list_end = .

spi_driver_api_area
                0x0000000000005114        0x0
                0x0000000000005114                _spi_driver_api_list_start = .
 *(SORT_BY_NAME(SORT_BY_ALIGNMENT(._spi_driver_api.static.*)))
                0x0000000000005114                _spi_driver_api_list_end = .

stepper_driver_api_area
                0x0000000000005114        0x0
                0x0000000000005114                _stepper_driver_api_list_start = .
 *(SORT_BY_NAME(SORT_BY_ALIGNMENT(._stepper_driver_api.static.*)))
                0x0000000000005114                _stepper_driver_api_list_end = .

syscon_driver_api_area
                0x0000000000005114        0x0
                0x0000000000005114                _syscon_driver_api_list_start = .
 *(SORT_BY_NAME(SORT_BY_ALIGNMENT(._syscon_driver_api.static.*)))
                0x0000000000005114                _syscon_driver_api_list_end = .

tee_driver_api_area
                0x0000000000005114        0x0
                0x0000000000005114                _tee_driver_api_list_start = .
 *(SORT_BY_NAME(SORT_BY_ALIGNMENT(._tee_driver_api.static.*)))
                0x0000000000005114                _tee_driver_api_list_end = .

video_driver_api_area
                0x0000000000005114        0x0
                0x0000000000005114                _video_driver_api_list_start = .
 *(SORT_BY_NAME(SORT_BY_ALIGNMENT(._video_driver_api.static.*)))
                0x0000000000005114                _video_driver_api_list_end = .

virtio_driver_api_area
                0x0000000000005114        0x0
                0x0000000000005114                _virtio_driver_api_list_start = .
 *(SORT_BY_NAME(SORT_BY_ALIGNMENT(._virtio_driver_api.static.*)))
                0x0000000000005114                _virtio_driver_api_list_end = .

w1_driver_api_area
                0x0000000000005114        0x0
                0x0000000000005114                _w1_driver_api_list_start = .
 *(SORT_BY_NAME(SORT_BY_ALIGNMENT(._w1_driver_api.static.*)))
                0x0000000000005114                _w1_driver_api_list_end = .

wdt_driver_api_area
                0x0000000000005114        0x0
                0x0000000000005114                _wdt_driver_api_list_start = .
 *(SORT_BY_NAME(SORT_BY_ALIGNMENT(._wdt_driver_api.static.*)))
                0x0000000000005114                _wdt_driver_api_list_end = .

can_transceiver_driver_api_area
                0x0000000000005114        0x0
                0x0000000000005114                _can_transceiver_driver_api_list_start = .
 *(SORT_BY_NAME(SORT_BY_ALIGNMENT(._can_transceiver_driver_api.static.*)))
                0x0000000000005114                _can_transceiver_driver_api_list_end = .

nrf_clock_control_driver_api_area
                0x0000000000005114        0x0
                0x0000000000005114                _nrf_clock_control_driver_api_list_start = .
 *(SORT_BY_NAME(SORT_BY_ALIGNMENT(._nrf_clock_control_driver_api.static.*)))
                0x0000000000005114                _nrf_clock_control_driver_api_list_end = .

i3c_target_driver_api_area
                0x0000000000005114        0x0
                0x0000000000005114                _i3c_target_driver_api_list_start = .
 *(SORT_BY_NAME(SORT_BY_ALIGNMENT(._i3c_target_driver_api.static.*)))
                0x0000000000005114                _i3c_target_driver_api_list_end = .

its_driver_api_area
                0x0000000000005114        0x0
                0x0000000000005114                _its_driver_api_list_start = .
 *(SORT_BY_NAME(SORT_BY_ALIGNMENT(._its_driver_api.static.*)))
                0x0000000000005114                _its_driver_api_list_end = .

vtd_driver_api_area
                0x0000000000005114        0x0
                0x0000000000005114                _vtd_driver_api_list_start = .
 *(SORT_BY_NAME(SORT_BY_ALIGNMENT(._vtd_driver_api.static.*)))
                0x0000000000005114                _vtd_driver_api_list_end = .

renesas_elc_driver_api_area
                0x0000000000005114        0x0
                0x0000000000005114                _renesas_elc_driver_api_list_start = .
 *(SORT_BY_NAME(SORT_BY_ALIGNMENT(._renesas_elc_driver_api.static.*)))
                0x0000000000005114                _renesas_elc_driver_api_list_end = .

tgpio_driver_api_area
                0x0000000000005114        0x0
                0x0000000000005114                _tgpio_driver_api_list_start = .
 *(SORT_BY_NAME(SORT_BY_ALIGNMENT(._tgpio_driver_api.static.*)))
                0x0000000000005114                _tgpio_driver_api_list_end = .

pcie_ctrl_driver_api_area
                0x0000000000005114        0x0
                0x0000000000005114                _pcie_ctrl_driver_api_list_start = .
 *(SORT_BY_NAME(SORT_BY_ALIGNMENT(._pcie_ctrl_driver_api.static.*)))
                0x0000000000005114                _pcie_ctrl_driver_api_list_end = .

pcie_ep_driver_api_area
                0x0000000000005114        0x0
                0x0000000000005114                _pcie_ep_driver_api_list_start = .
 *(SORT_BY_NAME(SORT_BY_ALIGNMENT(._pcie_ep_driver_api.static.*)))
                0x0000000000005114                _pcie_ep_driver_api_list_end = .

psi5_driver_api_area
                0x0000000000005114        0x0
                0x0000000000005114                _psi5_driver_api_list_start = .
 *(SORT_BY_NAME(SORT_BY_ALIGNMENT(._psi5_driver_api.static.*)))
                0x0000000000005114                _psi5_driver_api_list_end = .

sent_driver_api_area
                0x0000000000005114        0x0
                0x0000000000005114                _sent_driver_api_list_start = .
 *(SORT_BY_NAME(SORT_BY_ALIGNMENT(._sent_driver_api.static.*)))
                0x0000000000005114                _sent_driver_api_list_end = .

svc_driver_api_area
                0x0000000000005114        0x0
                0x0000000000005114                _svc_driver_api_list_start = .
 *(SORT_BY_NAME(SORT_BY_ALIGNMENT(._svc_driver_api.static.*)))
                0x0000000000005114                _svc_driver_api_list_end = .

uart_driver_api_area
                0x0000000000005114        0xc
                0x0000000000005114                _uart_driver_api_list_start = .
 *(SORT_BY_NAME(SORT_BY_ALIGNMENT(._uart_driver_api.static.*)))
 ._uart_driver_api.static.uart_nrfx_uarte_driver_api_
                0x0000000000005114        0xc zephyr/drivers/serial/libdrivers__serial.a(uart_nrfx_uarte.c.obj)
                0x0000000000005120                _uart_driver_api_list_end = .

bc12_emul_driver_api_area
                0x0000000000005120        0x0
                0x0000000000005120                _bc12_emul_driver_api_list_start = .
 *(SORT_BY_NAME(SORT_BY_ALIGNMENT(._bc12_emul_driver_api.static.*)))
                0x0000000000005120                _bc12_emul_driver_api_list_end = .

bc12_driver_api_area
                0x0000000000005120        0x0
                0x0000000000005120                _bc12_driver_api_list_start = .
 *(SORT_BY_NAME(SORT_BY_ALIGNMENT(._bc12_driver_api.static.*)))
                0x0000000000005120                _bc12_driver_api_list_end = .

usbc_ppc_driver_api_area
                0x0000000000005120        0x0
                0x0000000000005120                _usbc_ppc_driver_api_list_start = .
 *(SORT_BY_NAME(SORT_BY_ALIGNMENT(._usbc_ppc_driver_api.static.*)))
                0x0000000000005120                _usbc_ppc_driver_api_list_end = .

tcpc_driver_api_area
                0x0000000000005120        0x0
                0x0000000000005120                _tcpc_driver_api_list_start = .
 *(SORT_BY_NAME(SORT_BY_ALIGNMENT(._tcpc_driver_api.static.*)))
                0x0000000000005120                _tcpc_driver_api_list_end = .

usbc_vbus_driver_api_area
                0x0000000000005120        0x0
                0x0000000000005120                _usbc_vbus_driver_api_list_start = .
 *(SORT_BY_NAME(SORT_BY_ALIGNMENT(._usbc_vbus_driver_api.static.*)))
                0x0000000000005120                _usbc_vbus_driver_api_list_end = .

ivshmem_driver_api_area
                0x0000000000005120        0x0
                0x0000000000005120                _ivshmem_driver_api_list_start = .
 *(SORT_BY_NAME(SORT_BY_ALIGNMENT(._ivshmem_driver_api.static.*)))
                0x0000000000005120                _ivshmem_driver_api_list_end = .

ethphy_driver_api_area
                0x0000000000005120        0x0
                0x0000000000005120                _ethphy_driver_api_list_start = .
 *(SORT_BY_NAME(SORT_BY_ALIGNMENT(._ethphy_driver_api.static.*)))
                0x0000000000005120                _ethphy_driver_api_list_end = .

ztest           0x0000000000005120        0x0
                0x0000000000005120                _ztest_expected_result_entry_list_start = .
 *(SORT_BY_NAME(SORT_BY_ALIGNMENT(._ztest_expected_result_entry.static.*)))
                0x0000000000005120                _ztest_expected_result_entry_list_end = .
                0x0000000000005120                _ztest_suite_node_list_start = .
 *(SORT_BY_NAME(SORT_BY_ALIGNMENT(._ztest_suite_node.static.*)))
                0x0000000000005120                _ztest_suite_node_list_end = .
                0x0000000000005120                _ztest_unit_test_list_start = .
 *(SORT_BY_NAME(SORT_BY_ALIGNMENT(._ztest_unit_test.static.*)))
                0x0000000000005120                _ztest_unit_test_list_end = .
                0x0000000000005120                _ztest_test_rule_list_start = .
 *(SORT_BY_NAME(SORT_BY_ALIGNMENT(._ztest_test_rule.static.*)))
                0x0000000000005120                _ztest_test_rule_list_end = .

init_array      0x0000000000005120        0x0
                0x0000000000005120                __zephyr_init_array_start = .
 *(SORT_BY_INIT_PRIORITY(.init_array.*) SORT_BY_INIT_PRIORITY(.ctors.*))
 *(SORT_BY_ALIGNMENT(.init_array) SORT_BY_ALIGNMENT(.ctors))
                0x0000000000005120                __zephyr_init_array_end = .
                0x0000000000000001                ASSERT ((__zephyr_init_array_start == __zephyr_init_array_end), GNU-style constructors required but STATIC_INIT_GNU not enabled)

bt_l2cap_fixed_chan_area
                0x0000000000005120        0x0
                0x0000000000005120                _bt_l2cap_fixed_chan_list_start = .
 *(SORT_BY_NAME(SORT_BY_ALIGNMENT(._bt_l2cap_fixed_chan.static.*)))
                0x0000000000005120                _bt_l2cap_fixed_chan_list_end = .

bt_gatt_service_static_area
                0x0000000000005120        0x0
                0x0000000000005120                _bt_gatt_service_static_list_start = .
 *(SORT_BY_NAME(SORT_BY_ALIGNMENT(._bt_gatt_service_static.static.*)))
                0x0000000000005120                _bt_gatt_service_static_list_end = .

log_strings_area
                0x0000000000005120        0x0
                0x0000000000005120                _log_strings_list_start = .
 *(SORT_BY_NAME(SORT_BY_ALIGNMENT(._log_strings.static.*)))
                0x0000000000005120                _log_strings_list_end = .

log_stmesp_ptr_area
                0x0000000000005120        0x0
                0x0000000000005120                _log_stmesp_ptr_list_start = .
 *(SORT_BY_NAME(SORT_BY_ALIGNMENT(._log_stmesp_ptr.static.*)))
                0x0000000000005120                _log_stmesp_ptr_list_end = .

log_stmesp_str_area
                0x0000000000005120        0x0
                0x0000000000005120                _log_stmesp_str_list_start = .
 *(SORT_BY_NAME(SORT_BY_ALIGNMENT(._log_stmesp_str.static.*)))
                0x0000000000005120                _log_stmesp_str_list_end = .

log_const_area  0x0000000000005120        0x0
                0x0000000000005120                _log_const_list_start = .
 *(SORT_BY_NAME(SORT_BY_ALIGNMENT(._log_const.static.*)))
                0x0000000000005120                _log_const_list_end = .

log_backend_area
                0x0000000000005120        0x0
                0x0000000000005120                _log_backend_list_start = .
 *(SORT_BY_NAME(SORT_BY_ALIGNMENT(._log_backend.static.*)))
                0x0000000000005120                _log_backend_list_end = .

log_link_area   0x0000000000005120        0x0
                0x0000000000005120                _log_link_list_start = .
 *(SORT_BY_NAME(SORT_BY_ALIGNMENT(._log_link.static.*)))
                0x0000000000005120                _log_link_list_end = .

tracing_backend_area
                0x0000000000005120        0x0
                0x0000000000005120                _tracing_backend_list_start = .
 *(SORT_BY_NAME(SORT_BY_ALIGNMENT(._tracing_backend.static.*)))
                0x0000000000005120                _tracing_backend_list_end = .

zephyr_dbg_info
 *(SORT_BY_ALIGNMENT(.dbg_thread_info))

intc_table_area
                0x0000000000005120        0x0
                0x0000000000005120                _intc_table_list_start = .
 *(SORT_BY_NAME(SORT_BY_ALIGNMENT(._intc_table.static.*)))
                0x0000000000005120                _intc_table_list_end = .

symbol_to_keep  0x0000000000005120        0x0
                0x0000000000005120                __symbol_to_keep_start = .
 *(SORT_BY_NAME(SORT_BY_ALIGNMENT(.symbol_to_keep*)))
                0x0000000000005120                __symbol_to_keep_end = .

shell_area      0x0000000000005120        0x0
                0x0000000000005120                _shell_list_start = .
 *(SORT_BY_NAME(SORT_BY_ALIGNMENT(._shell.static.*)))
                0x0000000000005120                _shell_list_end = .

shell_root_cmds_area
                0x0000000000005120        0x0
                0x0000000000005120                _shell_root_cmds_list_start = .
 *(SORT_BY_NAME(SORT_BY_ALIGNMENT(._shell_root_cmds.static.*)))
                0x0000000000005120                _shell_root_cmds_list_end = .

shell_subcmds_area
                0x0000000000005120        0x0
                0x0000000000005120                _shell_subcmds_list_start = .
 *(SORT_BY_NAME(SORT_BY_ALIGNMENT(._shell_subcmds.static.*)))
                0x0000000000005120                _shell_subcmds_list_end = .

shell_dynamic_subcmds_area
                0x0000000000005120        0x0