Archive member included to satisfy reference by file (symbol)

app/libapp.a(main.c.obj)      (--whole-archive)
zephyr/libzephyr.a(validate_libc.c.obj)
                              (--whole-archive)
zephyr/libzephyr.a(heap.c.obj)
                              (--whole-archive)
zephyr/libzephyr.a(cbprintf_packaged.c.obj)
                              (--whole-archive)
zephyr/libzephyr.a(clock.c.obj)
                              (--whole-archive)
zephyr/libzephyr.a(printk.c.obj)
                              (--whole-archive)
zephyr/libzephyr.a(sem.c.obj)
                              (--whole-archive)
zephyr/libzephyr.a(thread_entry.c.obj)
                              (--whole-archive)
zephyr/libzephyr.a(cbprintf_complete.c.obj)
                              (--whole-archive)
zephyr/libzephyr.a(assert.c.obj)
                              (--whole-archive)
zephyr/libzephyr.a(mpsc_pbuf.c.obj)
                              (--whole-archive)
zephyr/libzephyr.a(dec.c.obj)
                              (--whole-archive)
zephyr/libzephyr.a(hex.c.obj)
                              (--whole-archive)
zephyr/libzephyr.a(rb.c.obj)  (--whole-archive)
zephyr/libzephyr.a(timeutil.c.obj)
                              (--whole-archive)
zephyr/libzephyr.a(bitarray.c.obj)
                              (--whole-archive)
zephyr/libzephyr.a(bitmask.c.obj)
                              (--whole-archive)
zephyr/libzephyr.a(onoff.c.obj)
                              (--whole-archive)
zephyr/libzephyr.a(notify.c.obj)
                              (--whole-archive)
zephyr/libzephyr.a(ring_buffer.c.obj)
                              (--whole-archive)
zephyr/libzephyr.a(last_section_id.c.obj)
                              (--whole-archive)
zephyr/libzephyr.a(configs.c.obj)
                              (--whole-archive)
zephyr/libzephyr.a(log_core.c.obj)
                              (--whole-archive)
zephyr/libzephyr.a(log_mgmt.c.obj)
                              (--whole-archive)
zephyr/libzephyr.a(log_cache.c.obj)
                              (--whole-archive)
zephyr/libzephyr.a(log_msg.c.obj)
                              (--whole-archive)
zephyr/libzephyr.a(log_output.c.obj)
                              (--whole-archive)
zephyr/libzephyr.a(log_backend_uart.c.obj)
                              (--whole-archive)
zephyr/libzephyr.a(tracing_none.c.obj)
                              (--whole-archive)
zephyr/libzephyr.a(banner.c.obj)
                              (--whole-archive)
zephyr/libzephyr.a(flash_map_partition_manager.c.obj)
                              (--whole-archive)
zephyr/libzephyr.a(nrf_cc3xx_platform_abort_zephyr.c.obj)
                              (--whole-archive)
zephyr/libzephyr.a(nrf_cc3xx_platform_mutex_zephyr.c.obj)
                              (--whole-archive)
zephyr/arch/common/libarch__common.a(sw_isr_common.c.obj)
                              (--whole-archive)
zephyr/arch/common/libarch__common.a(init.c.obj)
                              (--whole-archive)
zephyr/arch/common/libarch__common.a(xip.c.obj)
                              (--whole-archive)
zephyr/arch/arch/arm/core/libarch__arm__core.a(fatal.c.obj)
                              (--whole-archive)
zephyr/arch/arch/arm/core/libarch__arm__core.a(nmi.c.obj)
                              (--whole-archive)
zephyr/arch/arch/arm/core/libarch__arm__core.a(nmi_on_reset.S.obj)
                              (--whole-archive)
zephyr/arch/arch/arm/core/libarch__arm__core.a(tls.c.obj)
                              (--whole-archive)
zephyr/arch/arch/arm/core/cortex_m/libarch__arm__core__cortex_m.a(exc_exit.c.obj)
                              (--whole-archive)
zephyr/arch/arch/arm/core/cortex_m/libarch__arm__core__cortex_m.a(fault.c.obj)
                              (--whole-archive)
zephyr/arch/arch/arm/core/cortex_m/libarch__arm__core__cortex_m.a(fault_s.S.obj)
                              (--whole-archive)
zephyr/arch/arch/arm/core/cortex_m/libarch__arm__core__cortex_m.a(fpu.c.obj)
                              (--whole-archive)
zephyr/arch/arch/arm/core/cortex_m/libarch__arm__core__cortex_m.a(reset.S.obj)
                              (--whole-archive)
zephyr/arch/arch/arm/core/cortex_m/libarch__arm__core__cortex_m.a(scb.c.obj)
                              (--whole-archive)
zephyr/arch/arch/arm/core/cortex_m/libarch__arm__core__cortex_m.a(thread_abort.c.obj)
                              (--whole-archive)
zephyr/arch/arch/arm/core/cortex_m/libarch__arm__core__cortex_m.a(vector_table.S.obj)
                              (--whole-archive)
zephyr/arch/arch/arm/core/cortex_m/libarch__arm__core__cortex_m.a(swap_helper.S.obj)
                              (--whole-archive)
zephyr/arch/arch/arm/core/cortex_m/libarch__arm__core__cortex_m.a(irq_manage.c.obj)
                              (--whole-archive)
zephyr/arch/arch/arm/core/cortex_m/libarch__arm__core__cortex_m.a(prep_c.c.obj)
                              (--whole-archive)
[...]
Memory Configuration

Name             Origin             Length             Attributes
FLASH            0x0000000000000000 0x0000000000100000 xr
RAM              0x0000000020000000 0x0000000000040000 xw
IDT_LIST         0x00000000ffff7fff 0x0000000000008000 xw
*default*        0x0000000000000000 0xffffffffffffffff

Linker script and memory map

                0x0000000000004f1c                vfprintf = __l_vfprintf
                0x0000000000000000                vfscanf = __l_vfscanf
LOAD zephyr/CMakeFiles/zephyr_pre0.dir/misc/empty_file.c.obj
LOAD zephyr/CMakeFiles/offsets.dir/./arch/arm/core/offsets/offsets.c.obj
LOAD app/libapp.a
LOAD zephyr/libzephyr.a
LOAD zephyr/arch/common/libarch__common.a
LOAD zephyr/arch/arch/arm/core/libarch__arm__core.a
LOAD zephyr/arch/arch/arm/core/cortex_m/libarch__arm__core__cortex_m.a
LOAD zephyr/lib/libc/picolibc/liblib__libc__picolibc.a
LOAD zephyr/lib/libc/common/liblib__libc__common.a
LOAD zephyr/soc/soc/nrf52840/libsoc__nordic.a
LOAD zephyr/drivers/clock_control/libdrivers__clock_control.a
LOAD zephyr/drivers/console/libdrivers__console.a
LOAD zephyr/drivers/gpio/libdrivers__gpio.a
LOAD zephyr/drivers/pinctrl/libdrivers__pinctrl.a
LOAD zephyr/drivers/serial/libdrivers__serial.a
LOAD zephyr/drivers/timer/libdrivers__timer.a
LOAD modules/nrf/drivers/hw_cc3xx/lib..__nrf__drivers__hw_cc3xx.a
LOAD modules/hal_nordic/modules/hal_nordic/nrfx/libmodules__hal_nordic__nrfx.a
LOAD zephyr/kernel/libkernel.a
LOAD zephyr/arch/common/libisr_tables.a
LOAD /home/pranav/ncs/v3.2.1/nrfxlib/crypto/nrf_cc310_platform/lib/cortex-m4/soft-float/no-interrupts/libnrf_cc310_platform_0.9.19.a
LOAD /home/pranav/ncs/toolchains/43683a87ea/opt/zephyr-sdk/arm-zephyr-eabi/bin/../lib/gcc/../../picolibc/arm-zephyr-eabi/lib/thumb/v7e-m/nofp/libc.a
LOAD /home/pranav/ncs/toolchains/43683a87ea/opt/zephyr-sdk/arm-zephyr-eabi/bin/../lib/gcc/arm-zephyr-eabi/12.2.0/thumb/v7e-m/nofp/libgcc.a
                0x0000000000000004                _region_min_align = 0x4

.rel.plt        0x0000000000000000        0x0
 *(SORT_BY_ALIGNMENT(.rel.plt))
                [!provide]                        PROVIDE (__rel_iplt_start = .)
 *(SORT_BY_ALIGNMENT(.rel.iplt))
 .rel.iplt      0x0000000000000000        0x0 app/libapp.a(main.c.obj)
                [!provide]                        PROVIDE (__rel_iplt_end = .)

.rela.plt       0x0000000000000000        0x0
 *(SORT_BY_ALIGNMENT(.rela.plt))
                [!provide]                        PROVIDE (__rela_iplt_start = .)
 *(SORT_BY_ALIGNMENT(.rela.iplt))
                [!provide]                        PROVIDE (__rela_iplt_end = .)

.rel.dyn
 *(SORT_BY_ALIGNMENT(.rel.*))

.rela.dyn
 *(SORT_BY_ALIGNMENT(.rela.*))

/DISCARD/
 *(SORT_BY_ALIGNMENT(.plt))

/DISCARD/
 *(SORT_BY_ALIGNMENT(.iplt))
                0x0000000000000000                __rom_region_start = 0x0

rom_start       0x0000000000000000      0x100
                0x0000000000000000                __rom_start_address = .
 FILL mask 0x00
                0x0000000000000000                . = (. + (0x0 - (. - __rom_start_address)))
                0x0000000000000000                . = ALIGN (0x4)
                0x0000000000000000                . = ALIGN (0x80)
                0x0000000000000000                . = ALIGN (0x100)
                0x0000000000000000                _vector_start = .
 *(SORT_BY_ALIGNMENT(.exc_vector_table))
 *(SORT_BY_ALIGNMENT(.exc_vector_table.*))
 .exc_vector_table._vector_table_section
                0x0000000000000000       0x40 zephyr/arch/arch/arm/core/cortex_m/libarch__arm__core__cortex_m.a(vector_table.S.obj)
                0x0000000000000000                _vector_table
 *(SORT_BY_ALIGNMENT(.vectors))
                0x0000000000000100                _vector_end = .
                0x0000000000000040                . = ALIGN (0x4)
 *(SORT_BY_ALIGNMENT(.gnu.linkonce.irq_vector_table*))
 .gnu.linkonce.irq_vector_table
                0x0000000000000040       0xc0 zephyr/arch/common/libisr_tables.a(isr_tables.c.obj)
                0x0000000000000040                _irq_vector_table
                0x0000000000000100                _vector_end = .

text            0x0000000000000100     0x6dd8
                0x0000000000000100                __text_region_start = .
 *(SORT_BY_ALIGNMENT(.text))
 .text          0x0000000000000100       0x10 /home/pranav/ncs/toolchains/43683a87ea/opt/zephyr-sdk/arm-zephyr-eabi/bin/../lib/gcc/../../picolibc/arm-zephyr-eabi/lib/thumb/v7e-m/nofp/libc.a(strlen.S.o)
                0x0000000000000100                strlen
 *(SORT_BY_ALIGNMENT(.text.*))
 .text.button_pressed
                0x0000000000000110       0x4c app/libapp.a(main.c.obj)
                0x0000000000000110                button_pressed
 .text.main     0x000000000000015c      0x164 app/libapp.a(main.c.obj)
                0x000000000000015c                main
 .text.cbvprintf_package
                0x00000000000002c0      0x3a4 zephyr/libzephyr.a(cbprintf_packaged.c.obj)
                0x00000000000002c0                cbvprintf_package
 .text.cbprintf_package_convert
                0x0000000000000664      0x3cc zephyr/libzephyr.a(cbprintf_packaged.c.obj)
                0x0000000000000664                cbprintf_package_convert
 .text.__printk_hook_install
                0x0000000000000a30        0xc zephyr/libzephyr.a(printk.c.obj)
                0x0000000000000a30                __printk_hook_install
 .text.z_thread_entry
                0x0000000000000a3c       0x34 zephyr/libzephyr.a(thread_entry.c.obj)
                0x0000000000000a3c                z_thread_entry
 .text.process_event
                0x0000000000000a70      0x21c zephyr/libzephyr.a(onoff.c.obj)
 .text.activate_foreach_backend
                0x0000000000000c8c       0x64 zephyr/libzephyr.a(log_core.c.obj)
 .text.enable_logger
                0x0000000000000cf0       0x5c zephyr/libzephyr.a(log_core.c.obj)
 .text.log_process_thread_timer_expiry_fn
                0x0000000000000d4c        0xc zephyr/libzephyr.a(log_core.c.obj)
 .text.z_log_init
                0x0000000000000d58       0x98 zephyr/libzephyr.a(log_core.c.obj)
 .text.log_format_func_t_get
                0x0000000000000df0        0xc zephyr/libzephyr.a(log_core.c.obj)
                0x0000000000000df0                log_format_func_t_get
 .text.log_set_timestamp_func
                0x0000000000000dfc       0x20 zephyr/libzephyr.a(log_core.c.obj)
                0x0000000000000dfc                log_set_timestamp_func
 .text.z_log_notify_backend_enabled
                0x0000000000000e1c       0x1c zephyr/libzephyr.a(log_core.c.obj)
                0x0000000000000e1c                z_log_notify_backend_enabled
 .text.z_log_dropped
                0x0000000000000e38       0x44 zephyr/libzephyr.a(log_core.c.obj)
                0x0000000000000e38                z_log_dropped
 .text.z_log_dropped_read_and_clear
                0x0000000000000e7c       0x20 zephyr/libzephyr.a(log_core.c.obj)
                0x0000000000000e7c                z_log_dropped_read_and_clear
 .text.dropped_notify
                0x0000000000000e9c       0x30 zephyr/libzephyr.a(log_core.c.obj)
                0x0000000000000e9c                dropped_notify
 .text.z_log_msg_init
                0x0000000000000ecc       0x20 zephyr/libzephyr.a(log_core.c.obj)
                0x0000000000000ecc                z_log_msg_init
 .text.log_core_init
                0x0000000000000eec       0x50 zephyr/libzephyr.a(log_core.c.obj)
                0x0000000000000eec                log_core_init
 .text.z_log_msg_alloc
                0x0000000000000f3c       0x10 zephyr/libzephyr.a(log_core.c.obj)
                0x0000000000000f3c                z_log_msg_alloc
 .text.z_log_msg_local_claim
                0x0000000000000f4c        0xc zephyr/libzephyr.a(log_core.c.obj)
                0x0000000000000f4c                z_log_msg_local_claim
 .text.z_log_msg_free
                0x0000000000000f58       0x10 zephyr/libzephyr.a(log_core.c.obj)
                0x0000000000000f58                z_log_msg_free
 .text.z_log_msg_pending
                0x0000000000000f68        0xc zephyr/libzephyr.a(log_core.c.obj)
                0x0000000000000f68                z_log_msg_pending
 .text.z_impl_log_process
                0x0000000000000f74       0xc0 zephyr/libzephyr.a(log_core.c.obj)
                0x0000000000000f74                z_impl_log_process
 .text.z_impl_log_panic
                0x0000000000001034       0x44 zephyr/libzephyr.a(log_core.c.obj)
                0x0000000000001034                z_impl_log_panic
 .text.log_process_thread_func
                0x0000000000001078       0xa4 zephyr/libzephyr.a(log_core.c.obj)
 .text.z_log_msg_post_finalize
                0x000000000000111c       0x78 zephyr/libzephyr.a(log_core.c.obj)
 .text.z_log_msg_commit
                0x0000000000001194       0x24 zephyr/libzephyr.a(log_core.c.obj)
                0x0000000000001194                z_log_msg_commit
 .text.log_source_name_get
                0x00000000000011b8       0x1c zephyr/libzephyr.a(log_mgmt.c.obj)
                0x00000000000011b8                log_source_name_get
 .text.z_impl_z_log_msg_static_create
                0x00000000000011d4      0x108 zephyr/libzephyr.a(log_msg.c.obj)
                0x00000000000011d4                z_impl_z_log_msg_static_create
 .text.z_log_msg_runtime_vcreate
                0x00000000000012dc       0xa0 zephyr/libzephyr.a(log_msg.c.obj)
                0x00000000000012dc                z_log_msg_runtime_vcreate
 .text.log_msg_get_source_id
                0x000000000000137c       0x18 zephyr/libzephyr.a(log_msg.c.obj)
                0x000000000000137c                log_msg_get_source_id
 .text.print_formatted
                0x0000000000001394       0x24 zephyr/libzephyr.a(log_output.c.obj)
 .text.newline_print
                0x00000000000013b8       0x1c zephyr/libzephyr.a(log_output.c.obj)
 .text.log_output_process
                0x00000000000013d4      0x2d4 zephyr/libzephyr.a(log_output.c.obj)
                0x00000000000013d4                log_output_process
 .text.log_output_dropped_process
                0x00000000000016a8       0x58 zephyr/libzephyr.a(log_output.c.obj)
                0x00000000000016a8                log_output_dropped_process
 .text.log_output_timestamp_freq_set
                0x0000000000001700       0x2c zephyr/libzephyr.a(log_output.c.obj)
                0x0000000000001700                log_output_timestamp_freq_set
 .text.char_out
                0x000000000000172c       0x24 zephyr/libzephyr.a(log_backend_uart.c.obj)
 .text.boot_banner
                0x0000000000001750       0x1c zephyr/libzephyr.a(banner.c.obj)
                0x0000000000001750                boot_banner
 .text.nrf_cc3xx_platform_abort_init
                0x000000000000176c        0xc zephyr/libzephyr.a(nrf_cc3xx_platform_abort_zephyr.c.obj)
                0x000000000000176c                nrf_cc3xx_platform_abort_init
 .text.mutex_free_platform
                0x0000000000001778       0x54 zephyr/libzephyr.a(nrf_cc3xx_platform_mutex_zephyr.c.obj)
 .text.mutex_lock_platform
                0x00000000000017cc       0x60 zephyr/libzephyr.a(nrf_cc3xx_platform_mutex_zephyr.c.obj)
 .text.mutex_unlock_platform
                0x000000000000182c       0x58 zephyr/libzephyr.a(nrf_cc3xx_platform_mutex_zephyr.c.obj)
 .text.mutex_init_platform
                0x0000000000001884       0x94 zephyr/libzephyr.a(nrf_cc3xx_platform_mutex_zephyr.c.obj)
 .text.nrf_cc3xx_platform_mutex_init
                0x0000000000001918       0x2c zephyr/libzephyr.a(nrf_cc3xx_platform_mutex_zephyr.c.obj)
                0x0000000000001918                nrf_cc3xx_platform_mutex_init
 .text.arch_bss_zero
                0x0000000000001944       0x18 zephyr/arch/common/libarch__common.a(init.c.obj)
                0x0000000000001944                arch_bss_zero
 .text.arch_data_copy
                0x000000000000195c       0x38 zephyr/arch/common/libarch__common.a(xip.c.obj)
                0x000000000000195c                arch_data_copy
 .text.z_arm_fatal_error
                0x0000000000001994       0xb8 zephyr/arch/arch/arm/core/libarch__arm__core.a(fatal.c.obj)
                0x0000000000001994                z_arm_fatal_error
 .text.z_SysNmiOnReset
                0x0000000000001a4c        0x8 zephyr/arch/arch/arm/core/libarch__arm__core.a(nmi_on_reset.S.obj)
                0x0000000000001a4c                z_SysNmiOnReset
 .text.arch_tls_stack_setup
                0x0000000000001a54       0x40 zephyr/arch/arch/arm/core/libarch__arm__core.a(tls.c.obj)
                0x0000000000001a54                arch_tls_stack_setup
 .text._HandlerModeExit
                0x0000000000001a94       0x20 zephyr/arch/arch/arm/core/cortex_m/libarch__arm__core__cortex_m.a(exc_exit.c.obj)
                0x0000000000001a94                z_arm_exc_exit
                0x0000000000001a94                z_arm_int_exit
 .text.mem_manage_fault.constprop.0
                0x0000000000001ab4       0xd0 zephyr/arch/arch/arm/core/cortex_m/libarch__arm__core__cortex_m.a(fault.c.obj)
 .text.usage_fault.constprop.0
                0x0000000000001b84       0xa8 zephyr/arch/arch/arm/core/cortex_m/libarch__arm__core__cortex_m.a(fault.c.obj)
 .text.bus_fault.constprop.0
                0x0000000000001c2c       0xd0 zephyr/arch/arch/arm/core/cortex_m/libarch__arm__core__cortex_m.a(fault.c.obj)
 .text.z_arm_fault
                0x0000000000001cfc      0x1d0 zephyr/arch/arch/arm/core/cortex_m/libarch__arm__core__cortex_m.a(fault.c.obj)
                0x0000000000001cfc                z_arm_fault
 .text.z_arm_fault_init
                0x0000000000001ecc       0x18 zephyr/arch/arch/arm/core/cortex_m/libarch__arm__core__cortex_m.a(fault.c.obj)
                0x0000000000001ecc                z_arm_fault_init
 .text.__fault  0x0000000000001ee4       0x14 zephyr/arch/arch/arm/core/cortex_m/libarch__arm__core__cortex_m.a(fault_s.S.obj)
                0x0000000000001ee4                z_arm_bus_fault
                0x0000000000001ee4                z_arm_usage_fault
                0x0000000000001ee4                z_arm_mpu_fault
                0x0000000000001ee4                z_arm_exc_spurious
                0x0000000000001ee4                z_arm_debug_monitor
                0x0000000000001ee4                z_arm_hard_fault
 .text._reset_section
                0x0000000000001ef8       0x54 zephyr/arch/arch/arm/core/cortex_m/libarch__arm__core__cortex_m.a(reset.S.obj)
                0x0000000000001ef8                z_arm_reset
                0x0000000000001ef8                __start
 .text.z_arm_init_arch_hw_at_boot
                0x0000000000001f4c       0x60 zephyr/arch/arch/arm/core/cortex_m/libarch__arm__core__cortex_m.a(scb.c.obj)
                0x0000000000001f4c                z_arm_init_arch_hw_at_boot
 .text.z_impl_k_thread_abort
                0x0000000000001fac       0x2c zephyr/arch/arch/arm/core/cortex_m/libarch__arm__core__cortex_m.a(thread_abort.c.obj)
                0x0000000000001fac                z_impl_k_thread_abort
 .text.z_arm_pendsv
                0x0000000000001fd8       0x54 zephyr/arch/arch/arm/core/cortex_m/libarch__arm__core__cortex_m.a(swap_helper.S.obj)
                0x0000000000001fd8                z_arm_pendsv
 .text.z_arm_svc
                0x000000000000202c       0x24 zephyr/arch/arch/arm/core/cortex_m/libarch__arm__core__cortex_m.a(swap_helper.S.obj)
                0x000000000000202c                z_arm_svc
 .text.arm_irq_enable
                0x0000000000002050       0x1c zephyr/arch/arch/arm/core/cortex_m/libarch__arm__core__cortex_m.a(irq_manage.c.obj)
                0x0000000000002050                arm_irq_enable
 .text.arm_irq_is_enabled
                0x000000000000206c       0x1c zephyr/arch/arch/arm/core/cortex_m/libarch__arm__core__cortex_m.a(irq_manage.c.obj)
                0x000000000000206c                arm_irq_is_enabled
 .text.arm_irq_priority_set
                0x0000000000002088       0x30 zephyr/arch/arch/arm/core/cortex_m/libarch__arm__core__cortex_m.a(irq_manage.c.obj)
                0x0000000000002088                arm_irq_priority_set
 .text.relocate_vector_table
                0x00000000000020b8       0x1c zephyr/arch/arch/arm/core/cortex_m/libarch__arm__core__cortex_m.a(prep_c.c.obj)
                0x00000000000020b8                relocate_vector_table
 .text.z_prep_c
                0x00000000000020d4       0x28 zephyr/arch/arch/arm/core/cortex_m/libarch__arm__core__cortex_m.a(prep_c.c.obj)
                0x00000000000020d4                z_prep_c
 .text.arch_new_thread
                0x00000000000020fc       0x38 zephyr/arch/arch/arm/core/cortex_m/libarch__arm__core__cortex_m.a(thread.c.obj)
                0x00000000000020fc                arch_new_thread
 .text.arch_switch_to_main_thread
                0x0000000000002134       0x38 zephyr/arch/arch/arm/core/cortex_m/libarch__arm__core__cortex_m.a(thread.c.obj)
                0x0000000000002134                arch_switch_to_main_thread
 .text.z_arm_cpu_idle_init
                0x000000000000216c        0xc zephyr/arch/arch/arm/core/cortex_m/libarch__arm__core__cortex_m.a(cpu_idle.c.obj)
                0x000000000000216c                z_arm_cpu_idle_init
 .text.z_arm_interrupt_init
                0x0000000000002178       0x18 zephyr/arch/arch/arm/core/cortex_m/libarch__arm__core__cortex_m.a(irq_init.c.obj)
                0x0000000000002178                z_arm_interrupt_init
 .text._isr_wrapper
                0x0000000000002190       0x24 zephyr/arch/arch/arm/core/cortex_m/libarch__arm__core__cortex_m.a(isr_wrapper.c.obj)
                0x0000000000002190                _isr_wrapper
 .text.cbvprintf
                0x00000000000021b4       0x38 zephyr/lib/libc/picolibc/liblib__libc__picolibc.a(cbprintf.c.obj)
                0x00000000000021b4                cbvprintf
 .text.z_impl_zephyr_fputc
                0x00000000000021ec       0x10 zephyr/lib/libc/picolibc/liblib__libc__picolibc.a(stdio.c.obj)
                0x00000000000021ec                z_impl_zephyr_fputc
 .text.__stdout_hook_install
                0x00000000000021fc       0x18 zephyr/lib/libc/picolibc/liblib__libc__picolibc.a(stdio.c.obj)
                0x00000000000021fc                __stdout_hook_install
 .text.malloc_prepare
                0x0000000000002214       0x24 zephyr/lib/libc/common/liblib__libc__common.a(malloc.c.obj)
 .text.nordicsemi_nrf52_init
                0x0000000000002238       0x44 zephyr/soc/soc/nrf52840/libsoc__nordic.a(soc.c.obj)
 .text.arch_busy_wait
                0x000000000000227c       0x24 zephyr/soc/soc/nrf52840/libsoc__nordic.a(soc.c.obj)
                0x000000000000227c                arch_busy_wait
 .text.gppi_init
                0x00000000000022a0       0x1c zephyr/soc/soc/nrf52840/libsoc__nordic.a(gppi_init.c.obj)
 .text.onoff_stop
                0x00000000000022bc       0x30 zephyr/drivers/clock_control/libdrivers__clock_control.a(clock_control_nrf.c.obj)
 .text.onoff_start
                0x00000000000022ec       0x44 zephyr/drivers/clock_control/libdrivers__clock_control.a(clock_control_nrf.c.obj)
 .text.clk_init
                0x0000000000002330       0x58 zephyr/drivers/clock_control/libdrivers__clock_control.a(clock_control_nrf.c.obj)
 .text.api_blocking_start
                0x0000000000002388       0x34 zephyr/drivers/clock_control/libdrivers__clock_control.a(clock_control_nrf.c.obj)
 .text.generic_hfclk_stop
                0x00000000000023bc       0x34 zephyr/drivers/clock_control/libdrivers__clock_control.a(clock_control_nrf.c.obj)
 .text.clkstarted_handle.constprop.0
                0x00000000000023f0       0x4c zephyr/drivers/clock_control/libdrivers__clock_control.a(clock_control_nrf.c.obj)
 .text.generic_hfclk_start
                0x000000000000243c       0x78 zephyr/drivers/clock_control/libdrivers__clock_control.a(clock_control_nrf.c.obj)
 .text.clock_event_handler
                0x00000000000024b4       0x1c zephyr/drivers/clock_control/libdrivers__clock_control.a(clock_control_nrf.c.obj)
 .text.z_nrf_clock_control_lf_on
                0x00000000000024d0       0xfc zephyr/drivers/clock_control/libdrivers__clock_control.a(clock_control_nrf.c.obj)
                0x00000000000024d0                z_nrf_clock_control_lf_on
 .text.uart_console_init
                0x00000000000025cc       0x28 zephyr/drivers/console/libdrivers__console.a(uart_console.c.obj)
 .text.console_out
                0x00000000000025f4       0x28 zephyr/drivers/console/libdrivers__console.a(uart_console.c.obj)
 .text.gpio_nrfx_pin_interrupt_configure
                0x000000000000261c       0xfc zephyr/drivers/gpio/libdrivers__gpio.a(gpio_nrfx.c.obj)
 .text.nrfx_gpio_handler
                0x0000000000002718       0x4c zephyr/drivers/gpio/libdrivers__gpio.a(gpio_nrfx.c.obj)
 .text.gpio_nrfx_init
                0x0000000000002764       0x3c zephyr/drivers/gpio/libdrivers__gpio.a(gpio_nrfx.c.obj)
 .text.gpio_nrfx_pin_configure
                0x00000000000027a0      0x180 zephyr/drivers/gpio/libdrivers__gpio.a(gpio_nrfx.c.obj)
 .text.nrf_gpio_pin_port_decode
                0x0000000000002920       0x20 zephyr/drivers/pinctrl/libdrivers__pinctrl.a(pinctrl_nrf.c.obj)
 .text.pinctrl_configure_pins
                0x0000000000002940      0x1c4 zephyr/drivers/pinctrl/libdrivers__pinctrl.a(pinctrl_nrf.c.obj)
                0x0000000000002940                pinctrl_configure_pins
 .text.uarte_nrfx_poll_out
                0x0000000000002b04       0xb4 zephyr/drivers/serial/libdrivers__serial.a(uart_nrfx_uarte.c.obj)
 .text.uarte_0_init
                0x0000000000002bb8      0x110 zephyr/drivers/serial/libdrivers__serial.a(uart_nrfx_uarte.c.obj)
 .text.compare_int_lock
                0x0000000000002cc8       0x48 zephyr/drivers/timer/libdrivers__timer.a(nrf_rtc_timer.c.obj)
 .text.sys_clock_timeout_handler
                0x0000000000002d10       0x48 zephyr/drivers/timer/libdrivers__timer.a(nrf_rtc_timer.c.obj)
 .text.compare_int_unlock
                0x0000000000002d58       0x5c zephyr/drivers/timer/libdrivers__timer.a(nrf_rtc_timer.c.obj)
 .text.z_nrf_rtc_timer_read
                0x0000000000002db4       0x44 zephyr/drivers/timer/libdrivers__timer.a(nrf_rtc_timer.c.obj)
                0x0000000000002db4                z_nrf_rtc_timer_read
 .text.compare_set
                0x0000000000002df8      0x130 zephyr/drivers/timer/libdrivers__timer.a(nrf_rtc_timer.c.obj)
 .text.sys_clock_driver_init
                0x0000000000002f28       0x90 zephyr/drivers/timer/libdrivers__timer.a(nrf_rtc_timer.c.obj)
 .text.rtc_nrf_isr
                0x0000000000002fb8       0xd4 zephyr/drivers/timer/libdrivers__timer.a(nrf_rtc_timer.c.obj)
                0x0000000000002fb8                rtc_nrf_isr
 .text.sys_clock_set_timeout
                0x000000000000308c       0x5c zephyr/drivers/timer/libdrivers__timer.a(nrf_rtc_timer.c.obj)
                0x000000000000308c                sys_clock_set_timeout
 .text.sys_clock_elapsed
                0x00000000000030e8       0x14 zephyr/drivers/timer/libdrivers__timer.a(nrf_rtc_timer.c.obj)
                0x00000000000030e8                sys_clock_elapsed
 .text.nrf52_errata_98
                0x00000000000030fc       0x24 modules/hal_nordic/modules/hal_nordic/nrfx/libmodules__hal_nordic__nrfx.a(system_nrf52840.c.obj)
 .text.nvmc_wait
                0x0000000000003120       0x10 modules/hal_nordic/modules/hal_nordic/nrfx/libmodules__hal_nordic__nrfx.a(system_nrf52840.c.obj)
                0x0000000000003120                nvmc_wait
 .text.SystemInit
                0x0000000000003130      0x1bc modules/hal_nordic/modules/hal_nordic/nrfx/libmodules__hal_nordic__nrfx.a(system_nrf52840.c.obj)
                0x0000000000003130                SystemInit
 .text.nrfx_gppi_init
                0x00000000000032ec        0xc modules/hal_nordic/modules/hal_nordic/nrfx/libmodules__hal_nordic__nrfx.a(nrfx_gppi_ppi.c.obj)
                0x00000000000032ec                nrfx_gppi_init
 .text.nrfx_gppi_domain_conn_alloc
                0x00000000000032f8       0x1c modules/hal_nordic/modules/hal_nordic/nrfx/libmodules__hal_nordic__nrfx.a(nrfx_gppi_ppi.c.obj)
                0x00000000000032f8                nrfx_gppi_domain_conn_alloc
 .text.nrfx_gppi_conn_enable
                0x0000000000003314       0x10 modules/hal_nordic/modules/hal_nordic/nrfx/libmodules__hal_nordic__nrfx.a(nrfx_gppi_ppi.c.obj)
                0x0000000000003314                nrfx_gppi_conn_enable
 .text.hfclk_event_handler
                0x0000000000003324        0xc modules/hal_nordic/modules/hal_nordic/nrfx/libmodules__hal_nordic__nrfx.a(nrfx_clock.c.obj)
 .text.lfclk_event_handler
                0x0000000000003330        0xc modules/hal_nordic/modules/hal_nordic/nrfx/libmodules__hal_nordic__nrfx.a(nrfx_clock.c.obj)
 .text.nrfx_clock_init
                0x000000000000333c       0x40 modules/hal_nordic/modules/hal_nordic/nrfx/libmodules__hal_nordic__nrfx.a(nrfx_clock.c.obj)
                0x000000000000333c                nrfx_clock_init
 .text.nrfx_clock_enable
                0x000000000000337c       0x20 modules/hal_nordic/modules/hal_nordic/nrfx/libmodules__hal_nordic__nrfx.a(nrfx_clock.c.obj)
                0x000000000000337c                nrfx_clock_enable
 .text.nrf52_errata_201
                0x000000000000339c       0x24 modules/hal_nordic/modules/hal_nordic/nrfx/libmodules__hal_nordic__nrfx.a(nrfx_clock_hfclk.c.obj)
 .text.clock_stop
                0x00000000000033c0       0x4c modules/hal_nordic/modules/hal_nordic/nrfx/libmodules__hal_nordic__nrfx.a(nrfx_clock_hfclk.c.obj)
 .text.nrfx_clock_hfclk_init
                0x000000000000340c       0x28 modules/hal_nordic/modules/hal_nordic/nrfx/libmodules__hal_nordic__nrfx.a(nrfx_clock_hfclk.c.obj)
                0x000000000000340c                nrfx_clock_hfclk_init
 .text.nrfx_clock_hfclk_start
                0x0000000000003434       0x38 modules/hal_nordic/modules/hal_nordic/nrfx/libmodules__hal_nordic__nrfx.a(nrfx_clock_hfclk.c.obj)
                0x0000000000003434                nrfx_clock_hfclk_start
 .text.nrfx_clock_hfclk_irq_handler
                0x000000000000346c       0x40 modules/hal_nordic/modules/hal_nordic/nrfx/libmodules__hal_nordic__nrfx.a(nrfx_clock_hfclk.c.obj)
                0x000000000000346c                nrfx_clock_hfclk_irq_handler
 .text.nrfx_clock_lfclk_init
                0x00000000000034ac       0x24 modules/hal_nordic/modules/hal_nordic/nrfx/libmodules__hal_nordic__nrfx.a(nrfx_clock_lfclk.c.obj)
                0x00000000000034ac                nrfx_clock_lfclk_init
 .text.nrfx_clock_lfclk_start
                0x00000000000034d0       0x80 modules/hal_nordic/modules/hal_nordic/nrfx/libmodules__hal_nordic__nrfx.a(nrfx_clock_lfclk.c.obj)
                0x00000000000034d0                nrfx_clock_lfclk_start
 .text.nrfx_clock_lfclk_irq_handler
                0x0000000000003550       0x70 modules/hal_nordic/modules/hal_nordic/nrfx/libmodules__hal_nordic__nrfx.a(nrfx_clock_lfclk.c.obj)
                0x0000000000003550                nrfx_clock_lfclk_irq_handler
 .text.nrf_gpio_pin_port_decode
                0x00000000000035c0       0x20 modules/hal_nordic/modules/hal_nordic/nrfx/libmodules__hal_nordic__nrfx.a(nrfx_gpiote.c.obj)
 .text.get_pin_idx
                0x00000000000035e0       0x14 modules/hal_nordic/modules/hal_nordic/nrfx/libmodules__hal_nordic__nrfx.a(nrfx_gpiote.c.obj)
 .text.latch_pending_read_and_check
                0x00000000000035f4       0x64 modules/hal_nordic/modules/hal_nordic/nrfx/libmodules__hal_nordic__nrfx.a(nrfx_gpiote.c.obj)
 .text.pin_uninit
                0x0000000000003658       0x7c modules/hal_nordic/modules/hal_nordic/nrfx/libmodules__hal_nordic__nrfx.a(nrfx_gpiote.c.obj)
 .text.nrfx_gpiote_channel_free
                0x00000000000036d4        0xc modules/hal_nordic/modules/hal_nordic/nrfx/libmodules__hal_nordic__nrfx.a(nrfx_gpiote.c.obj)
                0x00000000000036d4                nrfx_gpiote_channel_free
 .text.nrfx_gpiote_channel_alloc
                0x00000000000036e0       0x18 modules/hal_nordic/modules/hal_nordic/nrfx/libmodules__hal_nordic__nrfx.a(nrfx_gpiote.c.obj)
                0x00000000000036e0                nrfx_gpiote_channel_alloc
 .text.nrfx_gpiote_irq_handler
                0x00000000000036f8      0x1d0 modules/hal_nordic/modules/hal_nordic/nrfx/libmodules__hal_nordic__nrfx.a(nrfx_gpiote.c.obj)
                0x00000000000036f8                nrfx_gpiote_irq_handler
 .text.k_sys_fatal_error_handler
                0x00000000000038c8       0x20 zephyr/kernel/libkernel.a(fatal.c.obj)
                0x00000000000038c8                k_sys_fatal_error_handler
 .text.z_fatal_error
                0x00000000000038e8       0xe8 zephyr/kernel/libkernel.a(fatal.c.obj)
                0x00000000000038e8                z_fatal_error
 .text.z_sys_init_run_level
                0x00000000000039d0       0x30 zephyr/kernel/libkernel.a(init.c.obj)
 .text.bg_thread_main
                0x0000000000003a00       0xc0 zephyr/kernel/libkernel.a(init.c.obj)
 .text.z_init_cpu
                0x0000000000003ac0       0x68 zephyr/kernel/libkernel.a(init.c.obj)
                0x0000000000003ac0                z_init_cpu
 .text.z_cstart
                0x0000000000003b28       0xc8 zephyr/kernel/libkernel.a(init.c.obj)
                0x0000000000003b28                z_cstart
 .text.init_mem_slab_obj_core_list
                0x0000000000003bf0       0x24 zephyr/kernel/libkernel.a(mem_slab.c.obj)
 .text.k_mem_slab_alloc
                0x0000000000003c14       0x5c zephyr/kernel/libkernel.a(mem_slab.c.obj)
                0x0000000000003c14                k_mem_slab_alloc
 .text.z_impl_k_mutex_lock
                0x0000000000003c70       0xf0 zephyr/kernel/libkernel.a(mutex.c.obj)
                0x0000000000003c70                z_impl_k_mutex_lock
 .text.z_impl_k_mutex_unlock
                0x0000000000003d60       0xa0 zephyr/kernel/libkernel.a(mutex.c.obj)
                0x0000000000003d60                z_impl_k_mutex_unlock
 .text.z_impl_k_sem_give
                0x0000000000003e00       0x68 zephyr/kernel/libkernel.a(sem.c.obj)
                0x0000000000003e00                z_impl_k_sem_give
 .text.z_impl_k_sem_take
                0x0000000000003e68       0x4c zephyr/kernel/libkernel.a(sem.c.obj)
                0x0000000000003e68                z_impl_k_sem_take
 .text.z_setup_new_thread
                0x0000000000003eb4       0x70 zephyr/kernel/libkernel.a(thread.c.obj)
                0x0000000000003eb4                z_setup_new_thread
 .text.z_impl_k_thread_create
                0x0000000000003f24       0x58 zephyr/kernel/libkernel.a(thread.c.obj)
                0x0000000000003f24                z_impl_k_thread_create
 .text.z_dummy_thread_init
                0x0000000000003f7c       0x14 zephyr/kernel/libkernel.a(thread.c.obj)
                0x0000000000003f7c                z_dummy_thread_init
 .text.z_swap_irqlock
                0x0000000000003f90       0x30 zephyr/kernel/libkernel.a(sched.c.obj)
 .text.ready_thread
                0x0000000000003fc0       0x84 zephyr/kernel/libkernel.a(sched.c.obj)
 .text.unready_thread
                0x0000000000004044       0x54 zephyr/kernel/libkernel.a(sched.c.obj)
 .text.add_thread_timeout
                0x0000000000004098       0x1c zephyr/kernel/libkernel.a(sched.c.obj)
 .text.move_thread_to_end_of_prio_q
                0x00000000000040b4       0x90 zephyr/kernel/libkernel.a(sched.c.obj)
                0x00000000000040b4                move_thread_to_end_of_prio_q
 .text.z_pend_curr
                0x0000000000004144       0x44 zephyr/kernel/libkernel.a(sched.c.obj)
                0x0000000000004144                z_pend_curr
 .text.z_thread_prio_set
                0x0000000000004188       0xe4 zephyr/kernel/libkernel.a(sched.c.obj)
                0x0000000000004188                z_thread_prio_set
 .text.z_reschedule
                0x000000000000426c       0x24 zephyr/kernel/libkernel.a(sched.c.obj)
                0x000000000000426c                z_reschedule
 .text.z_reschedule_irqlock
                0x0000000000004290       0x28 zephyr/kernel/libkernel.a(sched.c.obj)
                0x0000000000004290                z_reschedule_irqlock
 .text.k_sched_lock
                0x00000000000042b8       0x28 zephyr/kernel/libkernel.a(sched.c.obj)
                0x00000000000042b8                k_sched_lock
 .text.k_sched_unlock
                0x00000000000042e0       0x68 zephyr/kernel/libkernel.a(sched.c.obj)
                0x00000000000042e0                k_sched_unlock
 .text.z_sched_init
                0x0000000000004348       0x10 zephyr/kernel/libkernel.a(sched.c.obj)
                0x0000000000004348                z_sched_init
 .text.z_impl_k_yield
                0x0000000000004358       0x88 zephyr/kernel/libkernel.a(sched.c.obj)
                0x0000000000004358                z_impl_k_yield
 .text.z_tick_sleep
                0x00000000000043e0       0x78 zephyr/kernel/libkernel.a(sched.c.obj)
 .text.z_impl_k_wakeup
                0x0000000000004458       0x48 zephyr/kernel/libkernel.a(sched.c.obj)
                0x0000000000004458                z_impl_k_wakeup
 .text.z_impl_k_sched_current_thread_query
                0x00000000000044a0        0xc zephyr/kernel/libkernel.a(sched.c.obj)
                0x00000000000044a0                z_impl_k_sched_current_thread_query
 .text.z_thread_abort
                0x00000000000044ac      0x140 zephyr/kernel/libkernel.a(sched.c.obj)
                0x00000000000044ac                z_thread_abort
 .text.slice_timeout
                0x00000000000045ec       0x20 zephyr/kernel/libkernel.a(timeslicing.c.obj)
 .text.thread_is_sliceable
                0x000000000000460c       0x3c zephyr/kernel/libkernel.a(timeslicing.c.obj)
                0x000000000000460c                thread_is_sliceable
 .text.z_reset_time_slice
                0x0000000000004648       0x50 zephyr/kernel/libkernel.a(timeslicing.c.obj)
                0x0000000000004648                z_reset_time_slice
 .text.z_time_slice
                0x0000000000004698       0x60 zephyr/kernel/libkernel.a(timeslicing.c.obj)
                0x0000000000004698                z_time_slice
 .text.first    0x00000000000046f8       0x10 zephyr/kernel/libkernel.a(timeout.c.obj)
 .text.elapsed  0x0000000000004708       0x14 zephyr/kernel/libkernel.a(timeout.c.obj)
 .text.remove_timeout
                0x000000000000471c       0x38 zephyr/kernel/libkernel.a(timeout.c.obj)
 .text.z_add_timeout
                0x0000000000004754      0x120 zephyr/kernel/libkernel.a(timeout.c.obj)
                0x0000000000004754                z_add_timeout
 .text.sys_clock_announce
                0x0000000000004874       0xc0 zephyr/kernel/libkernel.a(timeout.c.obj)
                0x0000000000004874                sys_clock_announce
 .text.sys_clock_tick_get
                0x0000000000004934       0x30 zephyr/kernel/libkernel.a(timeout.c.obj)
                0x0000000000004934                sys_clock_tick_get
 .text.z_timer_expiration_handler
                0x0000000000004964      0x110 zephyr/kernel/libkernel.a(timer.c.obj)
                0x0000000000004964                z_timer_expiration_handler
 .text.z_impl_k_timer_start
                0x0000000000004a74       0x70 zephyr/kernel/libkernel.a(timer.c.obj)
                0x0000000000004a74                z_impl_k_timer_start
 .text.nrf_cc3xx_platform_init_no_rng
                0x0000000000004ae4       0x38 /home/pranav/ncs/v3.2.1/nrfxlib/crypto/nrf_cc310_platform/lib/cortex-m4/soft-float/no-interrupts/libnrf_cc310_platform_0.9.19.a(nrf_cc3xx_platform.c.obj)
                0x0000000000004ae4                nrf_cc3xx_platform_init_no_rng
 .text.nrf_cc3xx_platform_abort
                0x0000000000004b1c       0x24 /home/pranav/ncs/v3.2.1/nrfxlib/crypto/nrf_cc310_platform/lib/cortex-m4/soft-float/no-interrupts/libnrf_cc310_platform_0.9.19.a(nrf_cc3xx_platform_abort.c.obj)
 .text.CC_PalAbort
                0x0000000000004b40       0x34 /home/pranav/ncs/v3.2.1/nrfxlib/crypto/nrf_cc310_platform/lib/cortex-m4/soft-float/no-interrupts/libnrf_cc310_platform_0.9.19.a(nrf_cc3xx_platform_abort.c.obj)
                0x0000000000004b40                CC_PalAbort
 .text.nrf_cc3xx_platform_set_abort
                0x0000000000004b74       0x10 /home/pranav/ncs/v3.2.1/nrfxlib/crypto/nrf_cc310_platform/lib/cortex-m4/soft-float/no-interrupts/libnrf_cc310_platform_0.9.19.a(nrf_cc3xx_platform_abort.c.obj)
                0x0000000000004b74                nrf_cc3xx_platform_set_abort
 .text.mutex_free
                0x0000000000004b84       0x34 /home/pranav/ncs/v3.2.1/nrfxlib/crypto/nrf_cc310_platform/lib/cortex-m4/soft-float/no-interrupts/libnrf_cc310_platform_0.9.19.a(nrf_cc3xx_platform_mutex.c.obj)
 .text.mutex_lock
                0x0000000000004bb8       0x48 /home/pranav/ncs/v3.2.1/nrfxlib/crypto/nrf_cc310_platform/lib/cortex-m4/soft-float/no-interrupts/libnrf_cc310_platform_0.9.19.a(nrf_cc3xx_platform_mutex.c.obj)
 .text.mutex_unlock
                0x0000000000004c00       0x38 /home/pranav/ncs/v3.2.1/nrfxlib/crypto/nrf_cc310_platform/lib/cortex-m4/soft-float/no-interrupts/libnrf_cc310_platform_0.9.19.a(nrf_cc3xx_platform_mutex.c.obj)
 .text.mutex_init
                0x0000000000004c38       0x20 /home/pranav/ncs/v3.2.1/nrfxlib/crypto/nrf_cc310_platform/lib/cortex-m4/soft-float/no-interrupts/libnrf_cc310_platform_0.9.19.a(nrf_cc3xx_platform_mutex.c.obj)
 .text.nrf_cc3xx_platform_set_mutexes
                0x0000000000004c58       0x74 /home/pranav/ncs/v3.2.1/nrfxlib/crypto/nrf_cc310_platform/lib/cortex-m4/soft-float/no-interrupts/libnrf_cc310_platform_0.9.19.a(nrf_cc3xx_platform_mutex.c.obj)
                0x0000000000004c58                nrf_cc3xx_platform_set_mutexes
 .text.CC_LibInitNoRng
                0x0000000000004ccc       0x64 /home/pranav/ncs/v3.2.1/nrfxlib/crypto/nrf_cc310_platform/lib/cortex-m4/soft-float/no-interrupts/libnrf_cc310_platform_0.9.19.a(cc_lib.c.obj)
                0x0000000000004ccc                CC_LibInitNoRng
 .text.CC_HalInit
                0x0000000000004d30        0x4 /home/pranav/ncs/v3.2.1/nrfxlib/crypto/nrf_cc310_platform/lib/cortex-m4/soft-float/no-interrupts/libnrf_cc310_platform_0.9.19.a(cc_hal.c.obj)
                0x0000000000004d30                CC_HalInit
 .text.CC_HalTerminate
                0x0000000000004d34        0x4 /home/pranav/ncs/v3.2.1/nrfxlib/crypto/nrf_cc310_platform/lib/cortex-m4/soft-float/no-interrupts/libnrf_cc310_platform_0.9.19.a(cc_hal.c.obj)
                0x0000000000004d34                CC_HalTerminate
 .text.CC_HalMaskInterrupt
                0x0000000000004d38        0xc /home/pranav/ncs/v3.2.1/nrfxlib/crypto/nrf_cc310_platform/lib/cortex-m4/soft-float/no-interrupts/libnrf_cc310_platform_0.9.19.a(cc_hal.c.obj)
                0x0000000000004d38                CC_HalMaskInterrupt
 .text.CC_PalInit
                0x0000000000004d44       0x5c /home/pranav/ncs/v3.2.1/nrfxlib/crypto/nrf_cc310_platform/lib/cortex-m4/soft-float/no-interrupts/libnrf_cc310_platform_0.9.19.a(cc_pal.c.obj)
                0x0000000000004d44                CC_PalInit
 .text.CC_PalTerminate
                0x0000000000004da0       0x34 /home/pranav/ncs/v3.2.1/nrfxlib/crypto/nrf_cc310_platform/lib/cortex-m4/soft-float/no-interrupts/libnrf_cc310_platform_0.9.19.a(cc_pal.c.obj)
                0x0000000000004da0                CC_PalTerminate
 .text.CC_PalDmaInit
                0x0000000000004dd4        0x4 /home/pranav/ncs/v3.2.1/nrfxlib/crypto/nrf_cc310_platform/lib/cortex-m4/soft-float/no-interrupts/libnrf_cc310_platform_0.9.19.a(cc_pal_dma.c.obj)
                0x0000000000004dd4                CC_PalDmaInit
 .text.CC_PalDmaTerminate
                0x0000000000004dd8        0x4 /home/pranav/ncs/v3.2.1/nrfxlib/crypto/nrf_cc310_platform/lib/cortex-m4/soft-float/no-interrupts/libnrf_cc310_platform_0.9.19.a(cc_pal_dma.c.obj)
                0x0000000000004dd8                CC_PalDmaTerminate
 .text.CC_PalMutexCreate
                0x0000000000004ddc       0x14 /home/pranav/ncs/v3.2.1/nrfxlib/crypto/nrf_cc310_platform/lib/cortex-m4/soft-float/no-interrupts/libnrf_cc310_platform_0.9.19.a(cc_pal_mutex.c.obj)
                0x0000000000004ddc                CC_PalMutexCreate
 .text.CC_PalMutexDestroy
                0x0000000000004df0       0x14 /home/pranav/ncs/v3.2.1/nrfxlib/crypto/nrf_cc310_platform/lib/cortex-m4/soft-float/no-interrupts/libnrf_cc310_platform_0.9.19.a(cc_pal_mutex.c.obj)
                0x0000000000004df0                CC_PalMutexDestroy
 .text.CC_PalPowerSaveModeInit
                0x0000000000004e04       0x3c /home/pranav/ncs/v3.2.1/nrfxlib/crypto/nrf_cc310_platform/lib/cortex-m4/soft-float/no-interrupts/libnrf_cc310_platform_0.9.19.a(cc_pal_pm.c.obj)
                0x0000000000004e04                CC_PalPowerSaveModeInit
 .text.CC_PalPowerSaveModeSelect
                0x0000000000004e40       0x84 /home/pranav/ncs/v3.2.1/nrfxlib/crypto/nrf_cc310_platform/lib/cortex-m4/soft-float/no-interrupts/libnrf_cc310_platform_0.9.19.a(cc_pal_pm.c.obj)
                0x0000000000004e40                CC_PalPowerSaveModeSelect
 .text.snprintf
                0x0000000000004ec4       0x58 /home/pranav/ncs/toolchains/43683a87ea/opt/zephyr-sdk/arm-zephyr-eabi/bin/../lib/gcc/../../picolibc/arm-zephyr-eabi/lib/thumb/v7e-m/nofp/libc.a(libc_tinystdio_snprintf.c.o)
                0x0000000000004ec4                snprintf
 .text.__l_vfprintf
                0x0000000000004f1c      0x4b8 /home/pranav/ncs/toolchains/43683a87ea/opt/zephyr-sdk/arm-zephyr-eabi/bin/../lib/gcc/../../picolibc/arm-zephyr-eabi/lib/thumb/v7e-m/nofp/libc.a(libc_tinystdio_vflprintf.c.o)
                0x0000000000004f1c                __l_vfprintf
 .text._OffsetAbsSyms
                0x00000000000053d4        0x2 zephyr/CMakeFiles/offsets.dir/./arch/arm/core/offsets/offsets.c.obj
                0x00000000000053d4                _OffsetAbsSyms
 .text.gpio_pin_configure_dt
                0x00000000000053d6       0x3e app/libapp.a(main.c.obj)
 .text.chunk_field
                0x0000000000005414       0x16 zephyr/libzephyr.a(heap.c.obj)
 .text.chunk_set
                0x000000000000542a       0x16 zephyr/libzephyr.a(heap.c.obj)
 .text.chunk_size
                0x0000000000005440        0xc zephyr/libzephyr.a(heap.c.obj)
 .text.set_chunk_used
                0x000000000000544c       0x30 zephyr/libzephyr.a(heap.c.obj)
 .text.set_chunk_size
                0x000000000000547c        0x8 zephyr/libzephyr.a(heap.c.obj)
 .text.bucket_idx
                0x0000000000005484       0x1e zephyr/libzephyr.a(heap.c.obj)
 .text.free_list_add
                0x00000000000054a2       0x84 zephyr/libzephyr.a(heap.c.obj)
 .text.sys_heap_init
                0x0000000000005526       0xb0 zephyr/libzephyr.a(heap.c.obj)
                0x0000000000005526                sys_heap_init
 .text.cbpprintf_external
                0x00000000000055d6       0x62 zephyr/libzephyr.a(cbprintf_packaged.c.obj)
                0x00000000000055d6                cbpprintf_external
 .text.is_ptr   0x0000000000005638       0x4a zephyr/libzephyr.a(cbprintf_packaged.c.obj)
                0x0000000000005638                is_ptr
 .text.arch_printk_char_out
                0x0000000000005682        0x4 zephyr/libzephyr.a(printk.c.obj)
                0x0000000000005682                arch_printk_char_out
 .text.printk   0x0000000000005686       0x1a zephyr/libzephyr.a(printk.c.obj)
                0x0000000000005686                printk
 .text.free_space
                0x00000000000056a0       0x26 zephyr/libzephyr.a(mpsc_pbuf.c.obj)
 .text.get_usage
                0x00000000000056c6       0x22 zephyr/libzephyr.a(mpsc_pbuf.c.obj)
 .text.idx_inc  0x00000000000056e8       0x1c zephyr/libzephyr.a(mpsc_pbuf.c.obj)
 .text.rd_idx_inc
                0x0000000000005704       0x18 zephyr/libzephyr.a(mpsc_pbuf.c.obj)
 .text.add_skip_item
                0x000000000000571c       0x3a zephyr/libzephyr.a(mpsc_pbuf.c.obj)
 .text.drop_item_locked
                0x0000000000005756      0x100 zephyr/libzephyr.a(mpsc_pbuf.c.obj)
 .text.post_drop_action
                0x0000000000005856       0x36 zephyr/libzephyr.a(mpsc_pbuf.c.obj)
 .text.max_utilization_update
                0x000000000000588c       0x1a zephyr/libzephyr.a(mpsc_pbuf.c.obj)
 .text.mpsc_pbuf_init
                0x00000000000058a6       0x42 zephyr/libzephyr.a(mpsc_pbuf.c.obj)
                0x00000000000058a6                mpsc_pbuf_init
 .text.mpsc_pbuf_alloc
                0x00000000000058e8       0xfe zephyr/libzephyr.a(mpsc_pbuf.c.obj)
                0x00000000000058e8                mpsc_pbuf_alloc
 .text.mpsc_pbuf_commit
                0x00000000000059e6       0x3e zephyr/libzephyr.a(mpsc_pbuf.c.obj)
                0x00000000000059e6                mpsc_pbuf_commit
 .text.mpsc_pbuf_claim
                0x0000000000005a24       0xa8 zephyr/libzephyr.a(mpsc_pbuf.c.obj)
                0x0000000000005a24                mpsc_pbuf_claim
 .text.mpsc_pbuf_free
                0x0000000000005acc       0x76 zephyr/libzephyr.a(mpsc_pbuf.c.obj)
                0x0000000000005acc                mpsc_pbuf_free
 .text.mpsc_pbuf_is_pending
                0x0000000000005b42       0x32 zephyr/libzephyr.a(mpsc_pbuf.c.obj)
                0x0000000000005b42                mpsc_pbuf_is_pending
 .text.process_recheck
                0x0000000000005b74       0x38 zephyr/libzephyr.a(onoff.c.obj)
 .text.validate_args
                0x0000000000005bac       0x20 zephyr/libzephyr.a(onoff.c.obj)
 .text.notify_one
                0x0000000000005bcc       0x2c zephyr/libzephyr.a(onoff.c.obj)
 .text.transition_complete
                0x0000000000005bf8       0x1a zephyr/libzephyr.a(onoff.c.obj)
 .text.onoff_manager_init
                0x0000000000005c12       0x26 zephyr/libzephyr.a(onoff.c.obj)
                0x0000000000005c12                onoff_manager_init
 .text.onoff_request
                0x0000000000005c38       0xae zephyr/libzephyr.a(onoff.c.obj)
                0x0000000000005c38                onoff_request
 .text.sys_notify_validate
                0x0000000000005ce6       0x22 zephyr/libzephyr.a(notify.c.obj)
                0x0000000000005ce6                sys_notify_validate
 .text.sys_notify_finalize
                0x0000000000005d08       0x1a zephyr/libzephyr.a(notify.c.obj)
                0x0000000000005d08                sys_notify_finalize
 .text._ConfigAbsSyms
                0x0000000000005d22        0x2 zephyr/libzephyr.a(configs.c.obj)
                0x0000000000005d22                _ConfigAbsSyms
 .text.log_msg_generic_get_wlen
                0x0000000000005d24       0x20 zephyr/libzephyr.a(log_core.c.obj)
 .text.dummy_timestamp
                0x0000000000005d44        0x4 zephyr/libzephyr.a(log_core.c.obj)
 .text.default_get_timestamp
                0x0000000000005d48        0x4 zephyr/libzephyr.a(log_core.c.obj)
 .text.atomic_inc
                0x0000000000005d4c       0x1a zephyr/libzephyr.a(log_core.c.obj)
 .text.z_log_vprintk
                0x0000000000005d66       0x1c zephyr/libzephyr.a(log_core.c.obj)
                0x0000000000005d66                z_log_vprintk
 .text.z_log_notify_drop
                0x0000000000005d82        0x6 zephyr/libzephyr.a(log_core.c.obj)
 .text.z_log_get_tag
                0x0000000000005d88        0x4 zephyr/libzephyr.a(log_core.c.obj)
                0x0000000000005d88                z_log_get_tag
 .text.log_backend_enable
                0x0000000000005d8c       0x12 zephyr/libzephyr.a(log_mgmt.c.obj)
                0x0000000000005d8c                log_backend_enable
 .text.z_cbprintf_cpy
                0x0000000000005d9e       0x2e zephyr/libzephyr.a(log_msg.c.obj)
 .text.z_log_msg_finalize
                0x0000000000005dcc       0x32 zephyr/libzephyr.a(log_msg.c.obj)
                0x0000000000005dcc                z_log_msg_finalize
 .text.z_log_msg_simple_create
                0x0000000000005dfe       0x6e zephyr/libzephyr.a(log_msg.c.obj)
 .text.z_impl_z_log_msg_simple_create_0
                0x0000000000005e6c       0x12 zephyr/libzephyr.a(log_msg.c.obj)
                0x0000000000005e6c                z_impl_z_log_msg_simple_create_0
 .text.z_impl_z_log_msg_simple_create_1
                0x0000000000005e7e       0x14 zephyr/libzephyr.a(log_msg.c.obj)
                0x0000000000005e7e                z_impl_z_log_msg_simple_create_1
 .text.z_impl_z_log_msg_simple_create_2
                0x0000000000005e92       0x18 zephyr/libzephyr.a(log_msg.c.obj)
                0x0000000000005e92                z_impl_z_log_msg_simple_create_2
 .text.log_output_write
                0x0000000000005eaa       0x1c zephyr/libzephyr.a(log_output.c.obj)
 .text.log_output_flush
                0x0000000000005ec6       0x1a zephyr/libzephyr.a(log_output.c.obj)
 .text.out_func
                0x0000000000005ee0       0x36 zephyr/libzephyr.a(log_output.c.obj)
 .text.cr_out_func
                0x0000000000005f16       0x1c zephyr/libzephyr.a(log_output.c.obj)
 .text.log_output_msg_process
                0x0000000000005f32       0x6a zephyr/libzephyr.a(log_output.c.obj)
                0x0000000000005f32                log_output_msg_process
 .text.format_set
                0x0000000000005f9c        0xc zephyr/libzephyr.a(log_backend_uart.c.obj)
 .text.log_backend_uart_init
                0x0000000000005fa8        0xc zephyr/libzephyr.a(log_backend_uart.c.obj)
 .text.panic    0x0000000000005fb4       0x32 zephyr/libzephyr.a(log_backend_uart.c.obj)
 .text.dropped  0x0000000000005fe6        0xa zephyr/libzephyr.a(log_backend_uart.c.obj)
 .text.process  0x0000000000005ff0       0x1e zephyr/libzephyr.a(log_backend_uart.c.obj)
 .text.abort_function
                0x000000000000600e        0x2 zephyr/libzephyr.a(nrf_cc3xx_platform_abort_zephyr.c.obj)
 .text.arch_early_memset
                0x0000000000006010        0x4 zephyr/arch/common/libarch__common.a(init.c.obj)
                0x0000000000006010                arch_early_memset
 .text.arch_early_memcpy
                0x0000000000006014        0x4 zephyr/arch/common/libarch__common.a(init.c.obj)
                0x0000000000006014                arch_early_memcpy
 .text.z_do_kernel_oops
                0x0000000000006018        0x8 zephyr/arch/arch/arm/core/libarch__arm__core.a(fatal.c.obj)
                0x0000000000006018                z_do_kernel_oops
 .text.z_arm_nmi
                0x0000000000006020        0xe zephyr/arch/arch/arm/core/libarch__arm__core.a(nmi.c.obj)
                0x0000000000006020                z_arm_nmi
 .text.z_log_msg_simple_create_0.constprop.0
                0x000000000000602e        0x8 zephyr/arch/arch/arm/core/cortex_m/libarch__arm__core__cortex_m.a(fault.c.obj)
 .text.z_irq_spurious
                0x0000000000006036        0x8 zephyr/arch/arch/arm/core/cortex_m/libarch__arm__core__cortex_m.a(irq_manage.c.obj)
                0x0000000000006036                z_irq_spurious
 .text.arch_coprocessors_disable
                0x000000000000603e        0x6 zephyr/arch/arch/arm/core/cortex_m/libarch__arm__core__cortex_m.a(thread.c.obj)
                0x000000000000603e                arch_coprocessors_disable
 .text.arch_irq_unlock_outlined
                0x0000000000006044        0xe zephyr/arch/arch/arm/core/cortex_m/libarch__arm__core__cortex_m.a(thread.c.obj)
                0x0000000000006044                arch_irq_unlock_outlined
 .text.arch_cpu_idle
                0x0000000000006052       0x1a zephyr/arch/arch/arm/core/cortex_m/libarch__arm__core__cortex_m.a(cpu_idle.c.obj)
                0x0000000000006052                arch_cpu_idle
 .text.arch_cpu_atomic_idle
                0x000000000000606c       0x1e zephyr/arch/arch/arm/core/cortex_m/libarch__arm__core__cortex_m.a(cpu_idle.c.obj)
                0x000000000000606c                arch_cpu_atomic_idle
 .text.cbputc   0x000000000000608a        0xc zephyr/lib/libc/picolibc/liblib__libc__picolibc.a(cbprintf.c.obj)
 .text.picolibc_put
                0x0000000000006096        0xa zephyr/lib/libc/picolibc/liblib__libc__picolibc.a(stdio.c.obj)
 .text.get_status
                0x00000000000060a0       0x12 zephyr/drivers/clock_control/libdrivers__clock_control.a(clock_control_nrf.c.obj)
 .text.stop     0x00000000000060b2       0x50 zephyr/drivers/clock_control/libdrivers__clock_control.a(clock_control_nrf.c.obj)
 .text.api_stop
                0x0000000000006102        0x6 zephyr/drivers/clock_control/libdrivers__clock_control.a(clock_control_nrf.c.obj)
 .text.async_start
                0x0000000000006108       0x5a zephyr/drivers/clock_control/libdrivers__clock_control.a(clock_control_nrf.c.obj)
 .text.api_start
                0x0000000000006162        0xe zephyr/drivers/clock_control/libdrivers__clock_control.a(clock_control_nrf.c.obj)
 .text.onoff_started_callback
                0x0000000000006170       0x12 zephyr/drivers/clock_control/libdrivers__clock_control.a(clock_control_nrf.c.obj)
 .text.blocking_start_callback
                0x0000000000006182        0x6 zephyr/drivers/clock_control/libdrivers__clock_control.a(clock_control_nrf.c.obj)
 .text.lfclk_stop
                0x0000000000006188        0x4 zephyr/drivers/clock_control/libdrivers__clock_control.a(clock_control_nrf.c.obj)
 .text.lfclk_start
                0x000000000000618c        0x4 zephyr/drivers/clock_control/libdrivers__clock_control.a(clock_control_nrf.c.obj)
 .text.gpio_nrfx_port_get_raw
                0x0000000000006190        0xe zephyr/drivers/gpio/libdrivers__gpio.a(gpio_nrfx.c.obj)
 .text.gpio_nrfx_port_set_masked_raw
                0x000000000000619e       0x18 zephyr/drivers/gpio/libdrivers__gpio.a(gpio_nrfx.c.obj)
 .text.gpio_nrfx_port_set_bits_raw
                0x00000000000061b6        0xc zephyr/drivers/gpio/libdrivers__gpio.a(gpio_nrfx.c.obj)
 .text.gpio_nrfx_port_clear_bits_raw
                0x00000000000061c2        0xc zephyr/drivers/gpio/libdrivers__gpio.a(gpio_nrfx.c.obj)
 .text.gpio_nrfx_port_toggle_bits
                0x00000000000061ce       0x1a zephyr/drivers/gpio/libdrivers__gpio.a(gpio_nrfx.c.obj)
 .text.gpio_nrfx_manage_callback
                0x00000000000061e8       0x52 zephyr/drivers/gpio/libdrivers__gpio.a(gpio_nrfx.c.obj)
 .text.gpio_nrfx_gpiote_irq_handler
                0x000000000000623a        0x4 zephyr/drivers/gpio/libdrivers__gpio.a(gpio_nrfx.c.obj)
                0x000000000000623a                gpio_nrfx_gpiote_irq_handler
 .text.pinctrl_lookup_state
                0x000000000000623e       0x26 zephyr/drivers/pinctrl/libdrivers__pinctrl.a(common.c.obj)
                0x000000000000623e                pinctrl_lookup_state
 .text.uarte_nrfx_err_check
                0x0000000000006264        0xe zephyr/drivers/serial/libdrivers__serial.a(uart_nrfx_uarte.c.obj)
 .text.uarte_nrfx_poll_in
                0x0000000000006272       0x26 zephyr/drivers/serial/libdrivers__serial.a(uart_nrfx_uarte.c.obj)
 .text.is_tx_ready.isra.0
                0x0000000000006298       0x20 zephyr/drivers/serial/libdrivers__serial.a(uart_nrfx_uarte.c.obj)
 .text.uarte_nrfx_isr_int
                0x00000000000062b8       0x42 zephyr/drivers/serial/libdrivers__serial.a(uart_nrfx_uarte.c.obj)
 .text.pinctrl_apply_state.isra.0
                0x00000000000062fa       0x1e zephyr/drivers/serial/libdrivers__serial.a(uart_nrfx_uarte.c.obj)
 .text.uarte_instance_deinit
                0x0000000000006318        0x6 zephyr/drivers/serial/libdrivers__serial.a(uart_nrfx_uarte.c.obj)
 .text.event_clear
                0x000000000000631e       0x18 zephyr/drivers/timer/libdrivers__timer.a(nrf_rtc_timer.c.obj)
 .text.sys_clock_cycle_get_32
                0x0000000000006336        0x8 zephyr/drivers/timer/libdrivers__timer.a(nrf_rtc_timer.c.obj)
                0x0000000000006336                sys_clock_cycle_get_32
 .text.hw_cc3xx_init_internal
                0x000000000000633e        0x4 modules/nrf/drivers/hw_cc3xx/lib..__nrf__drivers__hw_cc3xx.a(hw_cc3xx.c.obj)
 .text.hw_cc3xx_init
                0x0000000000006342       0x12 modules/nrf/drivers/hw_cc3xx/lib..__nrf__drivers__hw_cc3xx.a(hw_cc3xx.c.obj)
 .text.nrfx_isr
                0x0000000000006354        0x6 modules/hal_nordic/modules/hal_nordic/nrfx/libmodules__hal_nordic__nrfx.a(nrfx_glue.c.obj)
                0x0000000000006354                nrfx_isr
 .text.nrfx_busy_wait
                0x000000000000635a        0x4 modules/hal_nordic/modules/hal_nordic/nrfx/libmodules__hal_nordic__nrfx.a(nrfx_glue.c.obj)
                0x000000000000635a                nrfx_busy_wait
 .text.nrfx_flag32_alloc
                0x000000000000635e       0x3c modules/hal_nordic/modules/hal_nordic/nrfx/libmodules__hal_nordic__nrfx.a(nrfx_flag32_allocator.c.obj)
                0x000000000000635e                nrfx_flag32_alloc
 .text.nrfx_flag32_free
                0x000000000000639a       0x3a modules/hal_nordic/modules/hal_nordic/nrfx/libmodules__hal_nordic__nrfx.a(nrfx_flag32_allocator.c.obj)
                0x000000000000639a                nrfx_flag32_free
 .text.nrfx_gppi_conn_alloc
                0x00000000000063d4       0x2c modules/hal_nordic/modules/hal_nordic/nrfx/libmodules__hal_nordic__nrfx.a(nrfx_gppi_ppi.c.obj)
                0x00000000000063d4                nrfx_gppi_conn_alloc
 .text.nrfx_clock_start
                0x0000000000006400       0x10 modules/hal_nordic/modules/hal_nordic/nrfx/libmodules__hal_nordic__nrfx.a(nrfx_clock.c.obj)
                0x0000000000006400                nrfx_clock_start
 .text.nrfx_clock_stop
                0x0000000000006410       0x10 modules/hal_nordic/modules/hal_nordic/nrfx/libmodules__hal_nordic__nrfx.a(nrfx_clock.c.obj)
                0x0000000000006410                nrfx_clock_stop
 .text.CLOCK_POWER_IRQHandler
                0x0000000000006420        0xe modules/hal_nordic/modules/hal_nordic/nrfx/libmodules__hal_nordic__nrfx.a(nrfx_clock.c.obj)
                0x0000000000006420                CLOCK_POWER_IRQHandler
 .text.nrfx_clock_hfclk_stop
                0x000000000000642e        0x4 modules/hal_nordic/modules/hal_nordic/nrfx/libmodules__hal_nordic__nrfx.a(nrfx_clock_hfclk.c.obj)
                0x000000000000642e                nrfx_clock_hfclk_stop
 .text.clock_stop
                0x0000000000006432       0x32 modules/hal_nordic/modules/hal_nordic/nrfx/libmodules__hal_nordic__nrfx.a(nrfx_clock_lfclk.c.obj)
 .text.nrfx_clock_lfclk_stop
                0x0000000000006464        0x4 modules/hal_nordic/modules/hal_nordic/nrfx/libmodules__hal_nordic__nrfx.a(nrfx_clock_lfclk.c.obj)
                0x0000000000006464                nrfx_clock_lfclk_stop
 .text.nrf_gpio_reconfigure
                0x0000000000006468       0x92 modules/hal_nordic/modules/hal_nordic/nrfx/libmodules__hal_nordic__nrfx.a(nrfx_gpiote.c.obj)
 .text.nrf_gpio_cfg_sense_set
                0x00000000000064fa       0x1e modules/hal_nordic/modules/hal_nordic/nrfx/libmodules__hal_nordic__nrfx.a(nrfx_gpiote.c.obj)
 .text.pin_in_use_by_te
                0x0000000000006518       0x16 modules/hal_nordic/modules/hal_nordic/nrfx/libmodules__hal_nordic__nrfx.a(nrfx_gpiote.c.obj)
 .text.pin_is_output
                0x000000000000652e       0x16 modules/hal_nordic/modules/hal_nordic/nrfx/libmodules__hal_nordic__nrfx.a(nrfx_gpiote.c.obj)
 .text.pin_te_get
                0x0000000000006544       0x14 modules/hal_nordic/modules/hal_nordic/nrfx/libmodules__hal_nordic__nrfx.a(nrfx_gpiote.c.obj)
 .text.call_handler
                0x0000000000006558       0x3e modules/hal_nordic/modules/hal_nordic/nrfx/libmodules__hal_nordic__nrfx.a(nrfx_gpiote.c.obj)
 .text.release_handler
                0x0000000000006596       0x54 modules/hal_nordic/modules/hal_nordic/nrfx/libmodules__hal_nordic__nrfx.a(nrfx_gpiote.c.obj)
 .text.__nrfy_internal_gpiote_events_process
                0x00000000000065ea       0x50 modules/hal_nordic/modules/hal_nordic/nrfx/libmodules__hal_nordic__nrfx.a(nrfx_gpiote.c.obj)
 .text.pin_trigger_disable
                0x000000000000663a       0x46 modules/hal_nordic/modules/hal_nordic/nrfx/libmodules__hal_nordic__nrfx.a(nrfx_gpiote.c.obj)
 .text.nrfx_gpiote_input_configure
                0x0000000000006680      0x170 modules/hal_nordic/modules/hal_nordic/nrfx/libmodules__hal_nordic__nrfx.a(nrfx_gpiote.c.obj)
                0x0000000000006680                nrfx_gpiote_input_configure
 .text.nrfx_gpiote_output_configure
                0x00000000000067f0       0xf2 modules/hal_nordic/modules/hal_nordic/nrfx/libmodules__hal_nordic__nrfx.a(nrfx_gpiote.c.obj)
                0x00000000000067f0                nrfx_gpiote_output_configure
 .text.nrfx_gpiote_global_callback_set
                0x00000000000068e2        0x6 modules/hal_nordic/modules/hal_nordic/nrfx/libmodules__hal_nordic__nrfx.a(nrfx_gpiote.c.obj)
                0x00000000000068e2                nrfx_gpiote_global_callback_set
 .text.nrfx_gpiote_channel_get
                0x00000000000068e8       0x26 modules/hal_nordic/modules/hal_nordic/nrfx/libmodules__hal_nordic__nrfx.a(nrfx_gpiote.c.obj)
                0x00000000000068e8                nrfx_gpiote_channel_get
 .text.nrfx_gpiote_init
                0x000000000000690e       0x38 modules/hal_nordic/modules/hal_nordic/nrfx/libmodules__hal_nordic__nrfx.a(nrfx_gpiote.c.obj)
                0x000000000000690e                nrfx_gpiote_init
 .text.nrfx_gpiote_init_check
                0x0000000000006946        0xc modules/hal_nordic/modules/hal_nordic/nrfx/libmodules__hal_nordic__nrfx.a(nrfx_gpiote.c.obj)
                0x0000000000006946                nrfx_gpiote_init_check
 .text.nrfx_gpiote_pin_uninit
                0x0000000000006952        0x4 modules/hal_nordic/modules/hal_nordic/nrfx/libmodules__hal_nordic__nrfx.a(nrfx_gpiote.c.obj)
                0x0000000000006952                nrfx_gpiote_pin_uninit
 .text.nrfx_gpiote_trigger_enable
                0x0000000000006956       0xa6 modules/hal_nordic/modules/hal_nordic/nrfx/libmodules__hal_nordic__nrfx.a(nrfx_gpiote.c.obj)
                0x0000000000006956                nrfx_gpiote_trigger_enable
 .text.nrfx_gpiote_trigger_disable
                0x00000000000069fc        0x4 modules/hal_nordic/modules/hal_nordic/nrfx/libmodules__hal_nordic__nrfx.a(nrfx_gpiote.c.obj)
                0x00000000000069fc                nrfx_gpiote_trigger_disable
 .text.z_impl_k_busy_wait
                0x0000000000006a00        0x8 zephyr/kernel/libkernel.a(busy_wait.c.obj)
                0x0000000000006a00                z_impl_k_busy_wait
 .text.do_device_init
                0x0000000000006a08       0x30 zephyr/kernel/libkernel.a(device.c.obj)
                0x0000000000006a08                do_device_init
 .text.z_impl_device_is_ready
                0x0000000000006a38       0x16 zephyr/kernel/libkernel.a(device.c.obj)
                0x0000000000006a38                z_impl_device_is_ready
 .text.arch_system_halt
                0x0000000000006a4e       0x10 zephyr/kernel/libkernel.a(fatal.c.obj)
                0x0000000000006a4e                arch_system_halt
 .text.create_free_list
                0x0000000000006a5e       0x34 zephyr/kernel/libkernel.a(mem_slab.c.obj)
 .text.k_mem_slab_init
                0x0000000000006a92       0x1c zephyr/kernel/libkernel.a(mem_slab.c.obj)
                0x0000000000006a92                k_mem_slab_init
 .text.k_mem_slab_free
                0x0000000000006aae       0x6e zephyr/kernel/libkernel.a(mem_slab.c.obj)
                0x0000000000006aae                k_mem_slab_free
 .text.idle     0x0000000000006b1c       0x16 zephyr/kernel/libkernel.a(idle.c.obj)
                0x0000000000006b1c                idle
 .text.adjust_owner_prio.isra.0
                0x0000000000006b32       0x10 zephyr/kernel/libkernel.a(mutex.c.obj)
 .text.z_impl_k_mutex_init
                0x0000000000006b42        0xe zephyr/kernel/libkernel.a(mutex.c.obj)
                0x0000000000006b42                z_impl_k_mutex_init
 .text.z_impl_k_sem_init
                0x0000000000006b50       0x18 zephyr/kernel/libkernel.a(sem.c.obj)
                0x0000000000006b50                z_impl_k_sem_init
 .text.k_is_in_isr
                0x0000000000006b68        0xc zephyr/kernel/libkernel.a(thread.c.obj)
                0x0000000000006b68                k_is_in_isr
 .text.z_impl_k_thread_name_set
                0x0000000000006b74        0x6 zephyr/kernel/libkernel.a(thread.c.obj)
                0x0000000000006b74                z_impl_k_thread_name_set
 .text.k_thread_name_get
                0x0000000000006b7a        0x4 zephyr/kernel/libkernel.a(thread.c.obj)
                0x0000000000006b7a                k_thread_name_get
 .text.sys_dlist_remove
                0x0000000000006b7e       0x10 zephyr/kernel/libkernel.a(sched.c.obj)
 .text.unpend_thread_no_timeout
                0x0000000000006b8e       0x14 zephyr/kernel/libkernel.a(sched.c.obj)
 .text.add_to_waitq_locked
                0x0000000000006ba2       0x50 zephyr/kernel/libkernel.a(sched.c.obj)
 .text.z_ready_thread
                0x0000000000006bf2       0x1e zephyr/kernel/libkernel.a(sched.c.obj)
                0x0000000000006bf2                z_ready_thread
 .text.z_unpend_thread_no_timeout
                0x0000000000006c10       0x22 zephyr/kernel/libkernel.a(sched.c.obj)
                0x0000000000006c10                z_unpend_thread_no_timeout
 .text.z_sched_wake_thread
                0x0000000000006c32       0x3a zephyr/kernel/libkernel.a(sched.c.obj)
                0x0000000000006c32                z_sched_wake_thread
 .text.z_thread_timeout
                0x0000000000006c6c        0x8 zephyr/kernel/libkernel.a(sched.c.obj)
                0x0000000000006c6c                z_thread_timeout
 .text.z_unpend1_no_timeout
                0x0000000000006c74       0x2c zephyr/kernel/libkernel.a(sched.c.obj)
                0x0000000000006c74                z_unpend1_no_timeout
 .text.z_impl_k_sleep
                0x0000000000006ca0       0x4e zephyr/kernel/libkernel.a(sched.c.obj)
                0x0000000000006ca0                z_impl_k_sleep
 .text.next_timeout
                0x0000000000006cee       0x2e zephyr/kernel/libkernel.a(timeout.c.obj)
 .text.z_abort_timeout
                0x0000000000006d1c       0x50 zephyr/kernel/libkernel.a(timeout.c.obj)
                0x0000000000006d1c                z_abort_timeout
 .text.sys_clock_tick_get_32
                0x0000000000006d6c        0x8 zephyr/kernel/libkernel.a(timeout.c.obj)
                0x0000000000006d6c                sys_clock_tick_get_32
 .text.z_impl_k_uptime_ticks
                0x0000000000006d74        0x4 zephyr/kernel/libkernel.a(timeout.c.obj)
                0x0000000000006d74                z_impl_k_uptime_ticks
 .text.k_timer_init
                0x0000000000006d78       0x18 zephyr/kernel/libkernel.a(timer.c.obj)
                0x0000000000006d78                k_timer_init
 .text.z_impl_k_timer_stop
                0x0000000000006d90       0x38 zephyr/kernel/libkernel.a(timer.c.obj)
                0x0000000000006d90                z_impl_k_timer_stop
 .text.memcpy   0x0000000000006dc8       0x1c /home/pranav/ncs/toolchains/43683a87ea/opt/zephyr-sdk/arm-zephyr-eabi/bin/../lib/gcc/../../picolibc/arm-zephyr-eabi/lib/thumb/v7e-m/nofp/libc.a(memcpy.c.o)
                0x0000000000006dc8                memcpy
                0x0000000000006dc8                __aeabi_memcpy
                0x0000000000006dc8                __aeabi_memcpy4
                0x0000000000006dc8                __aeabi_memcpy8
 .text.memset   0x0000000000006de4       0x10 /home/pranav/ncs/toolchains/43683a87ea/opt/zephyr-sdk/arm-zephyr-eabi/bin/../lib/gcc/../../picolibc/arm-zephyr-eabi/lib/thumb/v7e-m/nofp/libc.a(memset.c.o)
                0x0000000000006de4                memset
 .text.strnlen  0x0000000000006df4       0x18 /home/pranav/ncs/toolchains/43683a87ea/opt/zephyr-sdk/arm-zephyr-eabi/bin/../lib/gcc/../../picolibc/arm-zephyr-eabi/lib/thumb/v7e-m/nofp/libc.a(libc_string_strnlen.c.o)
                0x0000000000006df4                strnlen
 .text.__ultoa_invert
                0x0000000000006e0c       0xae /home/pranav/ncs/toolchains/43683a87ea/opt/zephyr-sdk/arm-zephyr-eabi/bin/../lib/gcc/../../picolibc/arm-zephyr-eabi/lib/thumb/v7e-m/nofp/libc.a(libc_tinystdio_vflprintf.c.o)
 .text.__file_str_put
                0x0000000000006eba       0x10 /home/pranav/ncs/toolchains/43683a87ea/opt/zephyr-sdk/arm-zephyr-eabi/bin/../lib/gcc/../../picolibc/arm-zephyr-eabi/lib/thumb/v7e-m/nofp/libc.a(libc_tinystdio_filestrput.c.o)
                0x0000000000006eba                __file_str_put
 *(SORT_BY_ALIGNMENT(.TEXT.*))
 *fill*         0x0000000000006eca        0x2 
 .TEXT.__aeabi_read_tp
                0x0000000000006ecc        0xc zephyr/arch/arch/arm/core/cortex_m/libarch__arm__core__cortex_m.a(__aeabi_read_tp.S.obj)
                0x0000000000006ecc                __aeabi_read_tp
 *(SORT_BY_ALIGNMENT(.gnu.linkonce.t.*))
 *(SORT_BY_ALIGNMENT(.glue_7t))
 .glue_7t       0x0000000000006ed8        0x0 linker stubs
 *(SORT_BY_ALIGNMENT(.glue_7))
 .glue_7        0x0000000000006ed8        0x0 linker stubs
 *(SORT_BY_ALIGNMENT(.vfp11_veneer))
 .vfp11_veneer  0x0000000000006ed8        0x0 linker stubs
 *(SORT_BY_ALIGNMENT(.v4_bx))
 .v4_bx         0x0000000000006ed8        0x0 linker stubs
                0x0000000000006ed8                . = ALIGN (0x4)
                0x0000000000006ed8                __text_region_end = .

.ARM.exidx      0x0000000000006ed8        0x8
                0x0000000000006ed8                __exidx_start = .
 *(SORT_BY_ALIGNMENT(.ARM.exidx*) SORT_BY_ALIGNMENT(gnu.linkonce.armexidx.*))
 .ARM.exidx     0x0000000000006ed8        0x8 /home/pranav/ncs/toolchains/43683a87ea/opt/zephyr-sdk/arm-zephyr-eabi/bin/../lib/gcc/../../picolibc/arm-zephyr-eabi/lib/thumb/v7e-m/nofp/libc.a(strlen.S.o)
                0x0000000000006ee0                __exidx_end = .
                0x0000000000006ee0                __rodata_region_start = .

initlevel       0x0000000000006ee0       0x68
                0x0000000000006ee0                __init_start = .
                0x0000000000006ee0                __init_EARLY_start = .
 *(SORT_BY_NAME(SORT_BY_ALIGNMENT(.z_init_EARLY_P_?_*)))
 *(SORT_BY_NAME(SORT_BY_ALIGNMENT(.z_init_EARLY_P_??_*)))
 *(SORT_BY_NAME(SORT_BY_ALIGNMENT(.z_init_EARLY_P_???_*)))
                0x0000000000006ee0                __init_PRE_KERNEL_1_start = .
 *(SORT_BY_NAME(SORT_BY_ALIGNMENT(.z_init_PRE_KERNEL_1_P_?_*)))
 .z_init_PRE_KERNEL_1_P_0_SUB_0_
                0x0000000000006ee0        0x8 zephyr/soc/soc/nrf52840/libsoc__nordic.a(soc.c.obj)
 .z_init_PRE_KERNEL_1_P_0_SUB_0_
                0x0000000000006ee8        0x8 zephyr/soc/soc/nrf52840/libsoc__nordic.a(gppi_init.c.obj)
 *(SORT_BY_NAME(SORT_BY_ALIGNMENT(.z_init_PRE_KERNEL_1_P_??_*)))
 .z_init_PRE_KERNEL_1_P_30_SUB_00077_
                0x0000000000006ef0        0x8 zephyr/drivers/clock_control/libdrivers__clock_control.a(clock_control_nrf.c.obj)
 .z_init_PRE_KERNEL_1_P_30_SUB_0_
                0x0000000000006ef8        0x8 zephyr/kernel/libkernel.a(mem_slab.c.obj)
 .z_init_PRE_KERNEL_1_P_40_SUB_00011_
                0x0000000000006f00        0x8 zephyr/drivers/gpio/libdrivers__gpio.a(gpio_nrfx.c.obj)
 .z_init_PRE_KERNEL_1_P_40_SUB_00107_
                0x0000000000006f08        0x8 zephyr/drivers/gpio/libdrivers__gpio.a(gpio_nrfx.c.obj)
 .z_init_PRE_KERNEL_1_P_40_SUB_0_
                0x0000000000006f10        0x8 modules/nrf/drivers/hw_cc3xx/lib..__nrf__drivers__hw_cc3xx.a(hw_cc3xx.c.obj)
 .z_init_PRE_KERNEL_1_P_50_SUB_00115_
                0x0000000000006f18        0x8 zephyr/drivers/serial/libdrivers__serial.a(uart_nrfx_uarte.c.obj)
 .z_init_PRE_KERNEL_1_P_60_SUB_0_
                0x0000000000006f20        0x8 zephyr/drivers/console/libdrivers__console.a(uart_console.c.obj)
 *(SORT_BY_NAME(SORT_BY_ALIGNMENT(.z_init_PRE_KERNEL_1_P_???_*)))
                0x0000000000006f28                __init_PRE_KERNEL_2_start = .
 *(SORT_BY_NAME(SORT_BY_ALIGNMENT(.z_init_PRE_KERNEL_2_P_?_*)))
 .z_init_PRE_KERNEL_2_P_0_SUB_0_
                0x0000000000006f28        0x8 zephyr/drivers/timer/libdrivers__timer.a(nrf_rtc_timer.c.obj)
 *(SORT_BY_NAME(SORT_BY_ALIGNMENT(.z_init_PRE_KERNEL_2_P_??_*)))
 *(SORT_BY_NAME(SORT_BY_ALIGNMENT(.z_init_PRE_KERNEL_2_P_???_*)))
                0x0000000000006f30                __init_POST_KERNEL_start = .
 *(SORT_BY_NAME(SORT_BY_ALIGNMENT(.z_init_POST_KERNEL_P_?_*)))
 .z_init_POST_KERNEL_P_0_SUB_0_
                0x0000000000006f30        0x8 zephyr/libzephyr.a(log_core.c.obj)
 *(SORT_BY_NAME(SORT_BY_ALIGNMENT(.z_init_POST_KERNEL_P_??_*)))
 .z_init_POST_KERNEL_P_35_SUB_0_
                0x0000000000006f38        0x8 zephyr/lib/libc/common/liblib__libc__common.a(malloc.c.obj)
 .z_init_POST_KERNEL_P_40_SUB_0_
                0x0000000000006f40        0x8 modules/nrf/drivers/hw_cc3xx/lib..__nrf__drivers__hw_cc3xx.a(hw_cc3xx.c.obj)
 *(SORT_BY_NAME(SORT_BY_ALIGNMENT(.z_init_POST_KERNEL_P_???_*)))
                0x0000000000006f48                __init_APPLICATION_start = .
 *(SORT_BY_NAME(SORT_BY_ALIGNMENT(.z_init_APPLICATION_P_?_*)))
 *(SORT_BY_NAME(SORT_BY_ALIGNMENT(.z_init_APPLICATION_P_??_*)))
 *(SORT_BY_NAME(SORT_BY_ALIGNMENT(.z_init_APPLICATION_P_???_*)))
                0x0000000000006f48                __init_SMP_start = .
 *(SORT_BY_NAME(SORT_BY_ALIGNMENT(.z_init_SMP_P_?_*)))
 *(SORT_BY_NAME(SORT_BY_ALIGNMENT(.z_init_SMP_P_??_*)))
 *(SORT_BY_NAME(SORT_BY_ALIGNMENT(.z_init_SMP_P_???_*)))
                0x0000000000006f48                __init_end = .

device_area     0x0000000000006f48       0x80
                0x0000000000006f48                _device_list_start = .
 *(SORT_BY_NAME(SORT_BY_ALIGNMENT(._device.static.*_?_*)))
 *(SORT_BY_NAME(SORT_BY_ALIGNMENT(._device.static.*_??_*)))
 ._device.static.1_30_
                0x0000000000006f48       0x20 zephyr/drivers/clock_control/libdrivers__clock_control.a(clock_control_nrf.c.obj)
                0x0000000000006f48                __device_dts_ord_77
 ._device.static.1_40_
                0x0000000000006f68       0x40 zephyr/drivers/gpio/libdrivers__gpio.a(gpio_nrfx.c.obj)
                0x0000000000006f68                __device_dts_ord_107
                0x0000000000006f88                __device_dts_ord_11
 ._device.static.1_50_
                0x0000000000006fa8       0x20 zephyr/drivers/serial/libdrivers__serial.a(uart_nrfx_uarte.c.obj)
                0x0000000000006fa8                __device_dts_ord_115
 *(SORT_BY_NAME(SORT_BY_ALIGNMENT(._device.static.*_???_*)))
 *(SORT_BY_NAME(SORT_BY_ALIGNMENT(._device.static.*_????_*)))
 *(SORT_BY_NAME(SORT_BY_ALIGNMENT(._device.static.*_?????_*)))
                0x0000000000006fc8                _device_list_end = .

sw_isr_table    0x0000000000006fc8      0x180
                0x0000000000006fc8                . = ALIGN (0x4)
 *(SORT_BY_ALIGNMENT(.gnu.linkonce.sw_isr_table*))
 .gnu.linkonce.sw_isr_table
                0x0000000000006fc8      0x180 zephyr/arch/common/libisr_tables.a(isr_tables.c.obj)
                0x0000000000006fc8                _sw_isr_table

initlevel_error
                0x0000000000006ee0        0x0
 *(SORT_BY_NAME(SORT_BY_ALIGNMENT(.z_init_*)))
                0x0000000000000001                ASSERT ((SIZEOF (initlevel_error) == 0x0), Undefined initialization levels used.)

app_shmem_regions
                0x0000000000007148        0x0
                0x0000000000007148                __app_shmem_regions_start = .
 *(SORT_BY_NAME(SORT_BY_ALIGNMENT(.app_regions.*)))
                0x0000000000007148                __app_shmem_regions_end = .

k_p4wq_initparam_area
                0x0000000000007148        0x0
                0x0000000000007148                _k_p4wq_initparam_list_start = .
 *(SORT_BY_NAME(SORT_BY_ALIGNMENT(._k_p4wq_initparam.static.*)))
                0x0000000000007148                _k_p4wq_initparam_list_end = .

_static_thread_data_area
                0x0000000000007148        0x0
                0x0000000000007148                __static_thread_data_list_start = .
 *(SORT_BY_NAME(SORT_BY_ALIGNMENT(.__static_thread_data.static.*)))
                0x0000000000007148                __static_thread_data_list_end = .

device_deps     0x0000000000007148        0x0
                0x0000000000007148                __device_deps_start = .
 *(SORT_BY_NAME(SORT_BY_ALIGNMENT(.__device_deps_pass2*)))
                0x0000000000007148                __device_deps_end = .

gpio_driver_api_area
                0x0000000000007148       0x24
                0x0000000000007148                _gpio_driver_api_list_start = .
 *(SORT_BY_NAME(SORT_BY_ALIGNMENT(._gpio_driver_api.static.*)))
 ._gpio_driver_api.static.gpio_nrfx_drv_api_funcs_
                0x0000000000007148       0x24 zephyr/drivers/gpio/libdrivers__gpio.a(gpio_nrfx.c.obj)
                0x000000000000716c                _gpio_driver_api_list_end = .

shared_irq_driver_api_area
                0x000000000000716c        0x0
                0x000000000000716c                _shared_irq_driver_api_list_start = .
 *(SORT_BY_NAME(SORT_BY_ALIGNMENT(._shared_irq_driver_api.static.*)))
                0x000000000000716c                _shared_irq_driver_api_list_end = .

crypto_driver_api_area
                0x000000000000716c        0x0
                0x000000000000716c                _crypto_driver_api_list_start = .
 *(SORT_BY_NAME(SORT_BY_ALIGNMENT(._crypto_driver_api.static.*)))
                0x000000000000716c                _crypto_driver_api_list_end = .

adc_driver_api_area
                0x000000000000716c        0x0
                0x000000000000716c                _adc_driver_api_list_start = .
 *(SORT_BY_NAME(SORT_BY_ALIGNMENT(._adc_driver_api.static.*)))
                0x000000000000716c                _adc_driver_api_list_end = .

auxdisplay_driver_api_area
                0x000000000000716c        0x0
                0x000000000000716c                _auxdisplay_driver_api_list_start = .
 *(SORT_BY_NAME(SORT_BY_ALIGNMENT(._auxdisplay_driver_api.static.*)))
                0x000000000000716c                _auxdisplay_driver_api_list_end = .

bbram_driver_api_area
                0x000000000000716c        0x0
                0x000000000000716c                _bbram_driver_api_list_start = .
 *(SORT_BY_NAME(SORT_BY_ALIGNMENT(._bbram_driver_api.static.*)))
                0x000000000000716c                _bbram_driver_api_list_end = .

bt_hci_driver_api_area
                0x000000000000716c        0x0
                0x000000000000716c                _bt_hci_driver_api_list_start = .
 *(SORT_BY_NAME(SORT_BY_ALIGNMENT(._bt_hci_driver_api.static.*)))
                0x000000000000716c                _bt_hci_driver_api_list_end = .

can_driver_api_area
                0x000000000000716c        0x0
                0x000000000000716c                _can_driver_api_list_start = .
 *(SORT_BY_NAME(SORT_BY_ALIGNMENT(._can_driver_api.static.*)))
                0x000000000000716c                _can_driver_api_list_end = .

cellular_driver_api_area
                0x000000000000716c        0x0
                0x000000000000716c                _cellular_driver_api_list_start = .
 *(SORT_BY_NAME(SORT_BY_ALIGNMENT(._cellular_driver_api.static.*)))
                0x000000000000716c                _cellular_driver_api_list_end = .

charger_driver_api_area
                0x000000000000716c        0x0
                0x000000000000716c                _charger_driver_api_list_start = .
 *(SORT_BY_NAME(SORT_BY_ALIGNMENT(._charger_driver_api.static.*)))
                0x000000000000716c                _charger_driver_api_list_end = .

clock_control_driver_api_area
                0x000000000000716c       0x1c
                0x000000000000716c                _clock_control_driver_api_list_start = .
 *(SORT_BY_NAME(SORT_BY_ALIGNMENT(._clock_control_driver_api.static.*)))
 ._clock_control_driver_api.static.clock_control_api_
                0x000000000000716c       0x1c zephyr/drivers/clock_control/libdrivers__clock_control.a(clock_control_nrf.c.obj)
                0x0000000000007188                _clock_control_driver_api_list_end = .

comparator_driver_api_area
                0x0000000000007188        0x0
                0x0000000000007188                _comparator_driver_api_list_start = .
 *(SORT_BY_NAME(SORT_BY_ALIGNMENT(._comparator_driver_api.static.*)))
                0x0000000000007188                _comparator_driver_api_list_end = .

coredump_driver_api_area
                0x0000000000007188        0x0
                0x0000000000007188                _coredump_driver_api_list_start = .
 *(SORT_BY_NAME(SORT_BY_ALIGNMENT(._coredump_driver_api.static.*)))
                0x0000000000007188                _coredump_driver_api_list_end = .

counter_driver_api_area
                0x0000000000007188        0x0
                0x0000000000007188                _counter_driver_api_list_start = .
 *(SORT_BY_NAME(SORT_BY_ALIGNMENT(._counter_driver_api.static.*)))
                0x0000000000007188                _counter_driver_api_list_end = .

crc_driver_api_area
                0x0000000000007188        0x0
                0x0000000000007188                _crc_driver_api_list_start = .
 *(SORT_BY_NAME(SORT_BY_ALIGNMENT(._crc_driver_api.static.*)))
                0x0000000000007188                _crc_driver_api_list_end = .

dac_driver_api_area
                0x0000000000007188        0x0
                0x0000000000007188                _dac_driver_api_list_start = .
 *(SORT_BY_NAME(SORT_BY_ALIGNMENT(._dac_driver_api.static.*)))
                0x0000000000007188                _dac_driver_api_list_end = .

dai_driver_api_area
                0x0000000000007188        0x0
                0x0000000000007188                _dai_driver_api_list_start = .
 *(SORT_BY_NAME(SORT_BY_ALIGNMENT(._dai_driver_api.static.*)))
                0x0000000000007188                _dai_driver_api_list_end = .

display_driver_api_area
                0x0000000000007188        0x0
                0x0000000000007188                _display_driver_api_list_start = .
 *(SORT_BY_NAME(SORT_BY_ALIGNMENT(._display_driver_api.static.*)))
                0x0000000000007188                _display_driver_api_list_end = .

dma_driver_api_area
                0x0000000000007188        0x0
                0x0000000000007188                _dma_driver_api_list_start = .
 *(SORT_BY_NAME(SORT_BY_ALIGNMENT(._dma_driver_api.static.*)))
                0x0000000000007188                _dma_driver_api_list_end = .

edac_driver_api_area
                0x0000000000007188        0x0
                0x0000000000007188                _edac_driver_api_list_start = .
 *(SORT_BY_NAME(SORT_BY_ALIGNMENT(._edac_driver_api.static.*)))
                0x0000000000007188                _edac_driver_api_list_end = .

eeprom_driver_api_area
                0x0000000000007188        0x0
                0x0000000000007188                _eeprom_driver_api_list_start = .
 *(SORT_BY_NAME(SORT_BY_ALIGNMENT(._eeprom_driver_api.static.*)))
                0x0000000000007188                _eeprom_driver_api_list_end = .

emul_bbram_driver_api_area
                0x0000000000007188        0x0
                0x0000000000007188                _emul_bbram_driver_api_list_start = .
 *(SORT_BY_NAME(SORT_BY_ALIGNMENT(._emul_bbram_driver_api.static.*)))
                0x0000000000007188                _emul_bbram_driver_api_list_end = .

fuel_gauge_emul_driver_api_area
                0x0000000000007188        0x0
                0x0000000000007188                _fuel_gauge_emul_driver_api_list_start = .
 *(SORT_BY_NAME(SORT_BY_ALIGNMENT(._fuel_gauge_emul_driver_api.static.*)))
                0x0000000000007188                _fuel_gauge_emul_driver_api_list_end = .

emul_sensor_driver_api_area
                0x0000000000007188        0x0
                0x0000000000007188                _emul_sensor_driver_api_list_start = .
 *(SORT_BY_NAME(SORT_BY_ALIGNMENT(._emul_sensor_driver_api.static.*)))
                0x0000000000007188                _emul_sensor_driver_api_list_end = .

entropy_driver_api_area
                0x0000000000007188        0x0
                0x0000000000007188                _entropy_driver_api_list_start = .
 *(SORT_BY_NAME(SORT_BY_ALIGNMENT(._entropy_driver_api.static.*)))
                0x0000000000007188                _entropy_driver_api_list_end = .

espi_driver_api_area
                0x0000000000007188        0x0
                0x0000000000007188                _espi_driver_api_list_start = .
 *(SORT_BY_NAME(SORT_BY_ALIGNMENT(._espi_driver_api.static.*)))
                0x0000000000007188                _espi_driver_api_list_end = .

espi_saf_driver_api_area
                0x0000000000007188        0x0
                0x0000000000007188                _espi_saf_driver_api_list_start = .
 *(SORT_BY_NAME(SORT_BY_ALIGNMENT(._espi_saf_driver_api.static.*)))
                0x0000000000007188                _espi_saf_driver_api_list_end = .

flash_driver_api_area
                0x0000000000007188        0x0
                0x0000000000007188                _flash_driver_api_list_start = .
 *(SORT_BY_NAME(SORT_BY_ALIGNMENT(._flash_driver_api.static.*)))
                0x0000000000007188                _flash_driver_api_list_end = .

fpga_driver_api_area
                0x0000000000007188        0x0
                0x0000000000007188                _fpga_driver_api_list_start = .
 *(SORT_BY_NAME(SORT_BY_ALIGNMENT(._fpga_driver_api.static.*)))
                0x0000000000007188                _fpga_driver_api_list_end = .

fuel_gauge_driver_api_area
                0x0000000000007188        0x0
                0x0000000000007188                _fuel_gauge_driver_api_list_start = .
 *(SORT_BY_NAME(SORT_BY_ALIGNMENT(._fuel_gauge_driver_api.static.*)))
                0x0000000000007188                _fuel_gauge_driver_api_list_end = .

gnss_driver_api_area
                0x0000000000007188        0x0
                0x0000000000007188                _gnss_driver_api_list_start = .
 *(SORT_BY_NAME(SORT_BY_ALIGNMENT(._gnss_driver_api.static.*)))
                0x0000000000007188                _gnss_driver_api_list_end = .

haptics_driver_api_area
                0x0000000000007188        0x0
                0x0000000000007188                _haptics_driver_api_list_start = .
 *(SORT_BY_NAME(SORT_BY_ALIGNMENT(._haptics_driver_api.static.*)))
                0x0000000000007188                _haptics_driver_api_list_end = .

hwspinlock_driver_api_area
                0x0000000000007188        0x0
                0x0000000000007188                _hwspinlock_driver_api_list_start = .
 *(SORT_BY_NAME(SORT_BY_ALIGNMENT(._hwspinlock_driver_api.static.*)))
                0x0000000000007188                _hwspinlock_driver_api_list_end = .

i2c_driver_api_area
                0x0000000000007188        0x0
                0x0000000000007188                _i2c_driver_api_list_start = .
 *(SORT_BY_NAME(SORT_BY_ALIGNMENT(._i2c_driver_api.static.*)))
                0x0000000000007188                _i2c_driver_api_list_end = .

i2c_target_driver_api_area
                0x0000000000007188        0x0
                0x0000000000007188                _i2c_target_driver_api_list_start = .
 *(SORT_BY_NAME(SORT_BY_ALIGNMENT(._i2c_target_driver_api.static.*)))
                0x0000000000007188                _i2c_target_driver_api_list_end = .

i2s_driver_api_area
                0x0000000000007188        0x0
                0x0000000000007188                _i2s_driver_api_list_start = .
 *(SORT_BY_NAME(SORT_BY_ALIGNMENT(._i2s_driver_api.static.*)))
                0x0000000000007188                _i2s_driver_api_list_end = .

i3c_driver_api_area
                0x0000000000007188        0x0
                0x0000000000007188                _i3c_driver_api_list_start = .
 *(SORT_BY_NAME(SORT_BY_ALIGNMENT(._i3c_driver_api.static.*)))
                0x0000000000007188                _i3c_driver_api_list_end = .

ipm_driver_api_area
                0x0000000000007188        0x0
                0x0000000000007188                _ipm_driver_api_list_start = .
 *(SORT_BY_NAME(SORT_BY_ALIGNMENT(._ipm_driver_api.static.*)))
                0x0000000000007188                _ipm_driver_api_list_end = .

led_driver_api_area
                0x0000000000007188        0x0
                0x0000000000007188                _led_driver_api_list_start = .
 *(SORT_BY_NAME(SORT_BY_ALIGNMENT(._led_driver_api.static.*)))
                0x0000000000007188                _led_driver_api_list_end = .

led_strip_driver_api_area
                0x0000000000007188        0x0
                0x0000000000007188                _led_strip_driver_api_list_start = .
 *(SORT_BY_NAME(SORT_BY_ALIGNMENT(._led_strip_driver_api.static.*)))
                0x0000000000007188                _led_strip_driver_api_list_end = .

lora_driver_api_area
                0x0000000000007188        0x0
                0x0000000000007188                _lora_driver_api_list_start = .
 *(SORT_BY_NAME(SORT_BY_ALIGNMENT(._lora_driver_api.static.*)))
                0x0000000000007188                _lora_driver_api_list_end = .

mbox_driver_api_area
                0x0000000000007188        0x0
                0x0000000000007188                _mbox_driver_api_list_start = .
 *(SORT_BY_NAME(SORT_BY_ALIGNMENT(._mbox_driver_api.static.*)))
                0x0000000000007188                _mbox_driver_api_list_end = .

mdio_driver_api_area
                0x0000000000007188        0x0
                0x0000000000007188                _mdio_driver_api_list_start = .
 *(SORT_BY_NAME(SORT_BY_ALIGNMENT(._mdio_driver_api.static.*)))
                0x0000000000007188                _mdio_driver_api_list_end = .

mipi_dbi_driver_api_area
                0x0000000000007188        0x0
                0x0000000000007188                _mipi_dbi_driver_api_list_start = .
 *(SORT_BY_NAME(SORT_BY_ALIGNMENT(._mipi_dbi_driver_api.static.*)))
                0x0000000000007188                _mipi_dbi_driver_api_list_end = .

mipi_dsi_driver_api_area
                0x0000000000007188        0x0
                0x0000000000007188                _mipi_dsi_driver_api_list_start = .
 *(SORT_BY_NAME(SORT_BY_ALIGNMENT(._mipi_dsi_driver_api.static.*)))
                0x0000000000007188                _mipi_dsi_driver_api_list_end = .

mspi_driver_api_area
                0x0000000000007188        0x0
                0x0000000000007188                _mspi_driver_api_list_start = .
 *(SORT_BY_NAME(SORT_BY_ALIGNMENT(._mspi_driver_api.static.*)))
                0x0000000000007188                _mspi_driver_api_list_end = .

peci_driver_api_area
                0x0000000000007188        0x0
                0x0000000000007188                _peci_driver_api_list_start = .
 *(SORT_BY_NAME(SORT_BY_ALIGNMENT(._peci_driver_api.static.*)))
                0x0000000000007188                _peci_driver_api_list_end = .

ps2_driver_api_area
                0x0000000000007188        0x0
                0x0000000000007188                _ps2_driver_api_list_start = .
 *(SORT_BY_NAME(SORT_BY_ALIGNMENT(._ps2_driver_api.static.*)))
                0x0000000000007188                _ps2_driver_api_list_end = .

ptp_clock_driver_api_area
                0x0000000000007188        0x0
                0x0000000000007188                _ptp_clock_driver_api_list_start = .
 *(SORT_BY_NAME(SORT_BY_ALIGNMENT(._ptp_clock_driver_api.static.*)))
                0x0000000000007188                _ptp_clock_driver_api_list_end = .

pwm_driver_api_area
                0x0000000000007188        0x0
                0x0000000000007188                _pwm_driver_api_list_start = .
 *(SORT_BY_NAME(SORT_BY_ALIGNMENT(._pwm_driver_api.static.*)))
                0x0000000000007188                _pwm_driver_api_list_end = .

regulator_parent_driver_api_area
                0x0000000000007188        0x0
                0x0000000000007188                _regulator_parent_driver_api_list_start = .
 *(SORT_BY_NAME(SORT_BY_ALIGNMENT(._regulator_parent_driver_api.static.*)))
                0x0000000000007188                _regulator_parent_driver_api_list_end = .

regulator_driver_api_area
                0x0000000000007188        0x0
                0x0000000000007188                _regulator_driver_api_list_start = .
 *(SORT_BY_NAME(SORT_BY_ALIGNMENT(._regulator_driver_api.static.*)))
                0x0000000000007188                _regulator_driver_api_list_end = .

reset_driver_api_area
                0x0000000000007188        0x0
                0x0000000000007188                _reset_driver_api_list_start = .
 *(SORT_BY_NAME(SORT_BY_ALIGNMENT(._reset_driver_api.static.*)))
                0x0000000000007188                _reset_driver_api_list_end = .

retained_mem_driver_api_area
                0x0000000000007188        0x0
                0x0000000000007188                _retained_mem_driver_api_list_start = .
 *(SORT_BY_NAME(SORT_BY_ALIGNMENT(._retained_mem_driver_api.static.*)))
                0x0000000000007188                _retained_mem_driver_api_list_end = .

rtc_driver_api_area
                0x0000000000007188        0x0
                0x0000000000007188                _rtc_driver_api_list_start = .
 *(SORT_BY_NAME(SORT_BY_ALIGNMENT(._rtc_driver_api.static.*)))
                0x0000000000007188                _rtc_driver_api_list_end = .

sdhc_driver_api_area
                0x0000000000007188        0x0
                0x0000000000007188                _sdhc_driver_api_list_start = .
 *(SORT_BY_NAME(SORT_BY_ALIGNMENT(._sdhc_driver_api.static.*)))
                0x0000000000007188                _sdhc_driver_api_list_end = .

sensor_driver_api_area
                0x0000000000007188        0x0
                0x0000000000007188                _sensor_driver_api_list_start = .
 *(SORT_BY_NAME(SORT_BY_ALIGNMENT(._sensor_driver_api.static.*)))
                0x0000000000007188                _sensor_driver_api_list_end = .

smbus_driver_api_area
                0x0000000000007188        0x0
                0x0000000000007188                _smbus_driver_api_list_start = .
 *(SORT_BY_NAME(SORT_BY_ALIGNMENT(._smbus_driver_api.static.*)))
                0x0000000000007188                _smbus_driver_api_list_end = .

spi_driver_api_area
                0x0000000000007188        0x0