Archive member included to satisfy reference by file (symbol)

app/libapp.a(main.c.obj)      (--whole-archive)
zephyr/libzephyr.a(validate_libc.c.obj)
                              (--whole-archive)
zephyr/libzephyr.a(heap.c.obj)
                              (--whole-archive)
zephyr/libzephyr.a(cbprintf_packaged.c.obj)
                              (--whole-archive)
zephyr/libzephyr.a(clock.c.obj)
                              (--whole-archive)
zephyr/libzephyr.a(printk.c.obj)
                              (--whole-archive)
zephyr/libzephyr.a(sem.c.obj)
                              (--whole-archive)
zephyr/libzephyr.a(thread_entry.c.obj)
                              (--whole-archive)
zephyr/libzephyr.a(cbprintf_complete.c.obj)
                              (--whole-archive)
zephyr/libzephyr.a(assert.c.obj)
                              (--whole-archive)
zephyr/libzephyr.a(dec.c.obj)
                              (--whole-archive)
zephyr/libzephyr.a(hex.c.obj)
                              (--whole-archive)
zephyr/libzephyr.a(rb.c.obj)  (--whole-archive)
zephyr/libzephyr.a(timeutil.c.obj)
                              (--whole-archive)
zephyr/libzephyr.a(bitarray.c.obj)
                              (--whole-archive)
zephyr/libzephyr.a(bitmask.c.obj)
                              (--whole-archive)
zephyr/libzephyr.a(onoff.c.obj)
                              (--whole-archive)
zephyr/libzephyr.a(notify.c.obj)
                              (--whole-archive)
zephyr/libzephyr.a(ring_buffer.c.obj)
                              (--whole-archive)
zephyr/libzephyr.a(last_section_id.c.obj)
                              (--whole-archive)
zephyr/libzephyr.a(configs.c.obj)
                              (--whole-archive)
zephyr/libzephyr.a(tracing_none.c.obj)
                              (--whole-archive)
zephyr/libzephyr.a(banner.c.obj)
                              (--whole-archive)
zephyr/libzephyr.a(flash_map_partition_manager.c.obj)
                              (--whole-archive)
zephyr/libzephyr.a(nrf_cc3xx_platform_abort_zephyr.c.obj)
                              (--whole-archive)
zephyr/libzephyr.a(nrf_cc3xx_platform_mutex_zephyr.c.obj)
                              (--whole-archive)
zephyr/arch/common/libarch__common.a(sw_isr_common.c.obj)
                              (--whole-archive)
zephyr/arch/common/libarch__common.a(init.c.obj)
                              (--whole-archive)
zephyr/arch/common/libarch__common.a(xip.c.obj)
                              (--whole-archive)
zephyr/arch/arch/arm/core/libarch__arm__core.a(fatal.c.obj)
                              (--whole-archive)
zephyr/arch/arch/arm/core/libarch__arm__core.a(nmi.c.obj)
                              (--whole-archive)
zephyr/arch/arch/arm/core/libarch__arm__core.a(nmi_on_reset.S.obj)
                              (--whole-archive)
zephyr/arch/arch/arm/core/libarch__arm__core.a(tls.c.obj)
                              (--whole-archive)
zephyr/arch/arch/arm/core/cortex_m/libarch__arm__core__cortex_m.a(exc_exit.c.obj)
                              (--whole-archive)
zephyr/arch/arch/arm/core/cortex_m/libarch__arm__core__cortex_m.a(fault.c.obj)
                              (--whole-archive)
zephyr/arch/arch/arm/core/cortex_m/libarch__arm__core__cortex_m.a(fault_s.S.obj)
                              (--whole-archive)
zephyr/arch/arch/arm/core/cortex_m/libarch__arm__core__cortex_m.a(fpu.c.obj)
                              (--whole-archive)
zephyr/arch/arch/arm/core/cortex_m/libarch__arm__core__cortex_m.a(reset.S.obj)
                              (--whole-archive)
zephyr/arch/arch/arm/core/cortex_m/libarch__arm__core__cortex_m.a(scb.c.obj)
                              (--whole-archive)
zephyr/arch/arch/arm/core/cortex_m/libarch__arm__core__cortex_m.a(thread_abort.c.obj)
                              (--whole-archive)
zephyr/arch/arch/arm/core/cortex_m/libarch__arm__core__cortex_m.a(vector_table.S.obj)
                              (--whole-archive)
zephyr/arch/arch/arm/core/cortex_m/libarch__arm__core__cortex_m.a(swap_helper.S.obj)
                              (--whole-archive)
zephyr/arch/arch/arm/core/cortex_m/libarch__arm__core__cortex_m.a(irq_manage.c.obj)
                              (--whole-archive)
zephyr/arch/arch/arm/core/cortex_m/libarch__arm__core__cortex_m.a(prep_c.c.obj)
                              (--whole-archive)
zephyr/arch/arch/arm/core/cortex_m/libarch__arm__core__cortex_m.a(thread.c.obj)
                              (--whole-archive)
zephyr/arch/arch/arm/core/cortex_m/libarch__arm__core__cortex_m.a(cpu_idle.c.obj)
                              (--whole-archive)
zephyr/arch/arch/arm/core/cortex_m/libarch__arm__core__cortex_m.a(irq_init.c.obj)
                              (--whole-archive)
zephyr/arch/arch/arm/core/cortex_m/libarch__arm__core__cortex_m.a(isr_wrapper.c.obj)
                              (--whole-archive)
zephyr/arch/arch/arm/core/cortex_m/libarch__arm__core__cortex_m.a(__aeabi_read_tp.S.obj)
[...]
Memory Configuration

Name             Origin             Length             Attributes
FLASH            0x0000000000000000 0x0000000000100000 xr
RAM              0x0000000020000000 0x0000000000040000 xw
IDT_LIST         0x00000000ffff7fff 0x0000000000008000 xw
*default*        0x0000000000000000 0xffffffffffffffff

Linker script and memory map

                0x0000000000003ee4                vfprintf = __l_vfprintf
                0x0000000000000000                vfscanf = __l_vfscanf
LOAD zephyr/CMakeFiles/zephyr_pre0.dir/misc/empty_file.c.obj
LOAD zephyr/CMakeFiles/offsets.dir/./arch/arm/core/offsets/offsets.c.obj
LOAD app/libapp.a
LOAD zephyr/libzephyr.a
LOAD zephyr/arch/common/libarch__common.a
LOAD zephyr/arch/arch/arm/core/libarch__arm__core.a
LOAD zephyr/arch/arch/arm/core/cortex_m/libarch__arm__core__cortex_m.a
LOAD zephyr/lib/libc/picolibc/liblib__libc__picolibc.a
LOAD zephyr/lib/libc/common/liblib__libc__common.a
LOAD zephyr/soc/soc/nrf52840/libsoc__nordic.a
LOAD zephyr/drivers/clock_control/libdrivers__clock_control.a
LOAD zephyr/drivers/gpio/libdrivers__gpio.a
LOAD zephyr/drivers/pinctrl/libdrivers__pinctrl.a
LOAD zephyr/drivers/serial/libdrivers__serial.a
LOAD zephyr/drivers/timer/libdrivers__timer.a
LOAD modules/nrf/drivers/hw_cc3xx/lib..__nrf__drivers__hw_cc3xx.a
LOAD modules/hal_nordic/modules/hal_nordic/nrfx/libmodules__hal_nordic__nrfx.a
LOAD zephyr/kernel/libkernel.a
LOAD zephyr/arch/common/libisr_tables.a
LOAD /home/pranav/ncs/v3.2.1/nrfxlib/crypto/nrf_cc310_platform/lib/cortex-m4/soft-float/no-interrupts/libnrf_cc310_platform_0.9.19.a
LOAD /home/pranav/ncs/toolchains/43683a87ea/opt/zephyr-sdk/arm-zephyr-eabi/bin/../lib/gcc/../../picolibc/arm-zephyr-eabi/lib/thumb/v7e-m/nofp/libc.a
LOAD /home/pranav/ncs/toolchains/43683a87ea/opt/zephyr-sdk/arm-zephyr-eabi/bin/../lib/gcc/arm-zephyr-eabi/12.2.0/thumb/v7e-m/nofp/libgcc.a
                0x0000000000000004                _region_min_align = 0x4

.rel.plt        0x0000000000000000        0x0
 *(SORT_BY_ALIGNMENT(.rel.plt))
                [!provide]                        PROVIDE (__rel_iplt_start = .)
 *(SORT_BY_ALIGNMENT(.rel.iplt))
 .rel.iplt      0x0000000000000000        0x0 app/libapp.a(main.c.obj)
                [!provide]                        PROVIDE (__rel_iplt_end = .)

.rela.plt       0x0000000000000000        0x0
 *(SORT_BY_ALIGNMENT(.rela.plt))
                [!provide]                        PROVIDE (__rela_iplt_start = .)
 *(SORT_BY_ALIGNMENT(.rela.iplt))
                [!provide]                        PROVIDE (__rela_iplt_end = .)

.rel.dyn
 *(SORT_BY_ALIGNMENT(.rel.*))

.rela.dyn
 *(SORT_BY_ALIGNMENT(.rela.*))

/DISCARD/
 *(SORT_BY_ALIGNMENT(.plt))

/DISCARD/
 *(SORT_BY_ALIGNMENT(.iplt))
                0x0000000000000000                __rom_region_start = 0x0

rom_start       0x0000000000000000      0x100
                0x0000000000000000                __rom_start_address = .
 FILL mask 0x00
                0x0000000000000000                . = (. + (0x0 - (. - __rom_start_address)))
                0x0000000000000000                . = ALIGN (0x4)
                0x0000000000000000                . = ALIGN (0x80)
                0x0000000000000000                . = ALIGN (0x100)
                0x0000000000000000                _vector_start = .
 *(SORT_BY_ALIGNMENT(.exc_vector_table))
 *(SORT_BY_ALIGNMENT(.exc_vector_table.*))
 .exc_vector_table._vector_table_section
                0x0000000000000000       0x40 zephyr/arch/arch/arm/core/cortex_m/libarch__arm__core__cortex_m.a(vector_table.S.obj)
                0x0000000000000000                _vector_table
 *(SORT_BY_ALIGNMENT(.vectors))
                0x0000000000000100                _vector_end = .
                0x0000000000000040                . = ALIGN (0x4)
 *(SORT_BY_ALIGNMENT(.gnu.linkonce.irq_vector_table*))
 .gnu.linkonce.irq_vector_table
                0x0000000000000040       0xc0 zephyr/arch/common/libisr_tables.a(isr_tables.c.obj)
                0x0000000000000040                _irq_vector_table
                0x0000000000000100                _vector_end = .

text            0x0000000000000100     0x5bd8
                0x0000000000000100                __text_region_start = .
 *(SORT_BY_ALIGNMENT(.text))
 .text          0x0000000000000100       0x30 /home/pranav/ncs/toolchains/43683a87ea/opt/zephyr-sdk/arm-zephyr-eabi/bin/../lib/gcc/arm-zephyr-eabi/12.2.0/thumb/v7e-m/nofp/libgcc.a(_aeabi_uldivmod.o)
                0x0000000000000100                __aeabi_uldivmod
 .text          0x0000000000000130        0x4 /home/pranav/ncs/toolchains/43683a87ea/opt/zephyr-sdk/arm-zephyr-eabi/bin/../lib/gcc/arm-zephyr-eabi/12.2.0/thumb/v7e-m/nofp/libgcc.a(_dvmd_tls.o)
                0x0000000000000130                __aeabi_ldiv0
                0x0000000000000130                __aeabi_idiv0
 .text          0x0000000000000134      0x2a0 /home/pranav/ncs/toolchains/43683a87ea/opt/zephyr-sdk/arm-zephyr-eabi/bin/../lib/gcc/arm-zephyr-eabi/12.2.0/thumb/v7e-m/nofp/libgcc.a(_udivmoddi4.o)
                0x0000000000000134                __udivmoddi4
 *(SORT_BY_ALIGNMENT(.text.*))
 .text.uart_cb  0x00000000000003d4       0x90 app/libapp.a(main.c.obj)
 .text.main     0x0000000000000464       0xbc app/libapp.a(main.c.obj)
                0x0000000000000464                main
 .text.char_out
                0x0000000000000520        0xc zephyr/libzephyr.a(printk.c.obj)
 .text.vprintk  0x000000000000052c       0x30 zephyr/libzephyr.a(printk.c.obj)
                0x000000000000052c                vprintk
 .text.z_thread_entry
                0x000000000000055c       0x34 zephyr/libzephyr.a(thread_entry.c.obj)
                0x000000000000055c                z_thread_entry
 .text.process_event
                0x0000000000000590      0x21c zephyr/libzephyr.a(onoff.c.obj)
 .text.boot_banner
                0x00000000000007ac       0x1c zephyr/libzephyr.a(banner.c.obj)
                0x00000000000007ac                boot_banner
 .text.nrf_cc3xx_platform_abort_init
                0x00000000000007c8        0xc zephyr/libzephyr.a(nrf_cc3xx_platform_abort_zephyr.c.obj)
                0x00000000000007c8                nrf_cc3xx_platform_abort_init
 .text.mutex_free_platform
                0x00000000000007d4       0x54 zephyr/libzephyr.a(nrf_cc3xx_platform_mutex_zephyr.c.obj)
 .text.mutex_lock_platform
                0x0000000000000828       0x60 zephyr/libzephyr.a(nrf_cc3xx_platform_mutex_zephyr.c.obj)
 .text.mutex_unlock_platform
                0x0000000000000888       0x58 zephyr/libzephyr.a(nrf_cc3xx_platform_mutex_zephyr.c.obj)
 .text.mutex_init_platform
                0x00000000000008e0       0x94 zephyr/libzephyr.a(nrf_cc3xx_platform_mutex_zephyr.c.obj)
 .text.nrf_cc3xx_platform_mutex_init
                0x0000000000000974       0x2c zephyr/libzephyr.a(nrf_cc3xx_platform_mutex_zephyr.c.obj)
                0x0000000000000974                nrf_cc3xx_platform_mutex_init
 .text.arch_bss_zero
                0x00000000000009a0       0x18 zephyr/arch/common/libarch__common.a(init.c.obj)
                0x00000000000009a0                arch_bss_zero
 .text.arch_data_copy
                0x00000000000009b8       0x38 zephyr/arch/common/libarch__common.a(xip.c.obj)
                0x00000000000009b8                arch_data_copy
 .text.z_arm_fatal_error
                0x00000000000009f0       0x60 zephyr/arch/arch/arm/core/libarch__arm__core.a(fatal.c.obj)
                0x00000000000009f0                z_arm_fatal_error
 .text.z_SysNmiOnReset
                0x0000000000000a50        0x8 zephyr/arch/arch/arm/core/libarch__arm__core.a(nmi_on_reset.S.obj)
                0x0000000000000a50                z_SysNmiOnReset
 .text.arch_tls_stack_setup
                0x0000000000000a58       0x40 zephyr/arch/arch/arm/core/libarch__arm__core.a(tls.c.obj)
                0x0000000000000a58                arch_tls_stack_setup
 .text._HandlerModeExit
                0x0000000000000a98       0x20 zephyr/arch/arch/arm/core/cortex_m/libarch__arm__core__cortex_m.a(exc_exit.c.obj)
                0x0000000000000a98                z_arm_exc_exit
                0x0000000000000a98                z_arm_int_exit
 .text.usage_fault.constprop.0
                0x0000000000000ab8       0x98 zephyr/arch/arch/arm/core/cortex_m/libarch__arm__core__cortex_m.a(fault.c.obj)
 .text.bus_fault.constprop.0
                0x0000000000000b50       0xb8 zephyr/arch/arch/arm/core/cortex_m/libarch__arm__core__cortex_m.a(fault.c.obj)
 .text.mem_manage_fault.constprop.0
                0x0000000000000c08       0xbc zephyr/arch/arch/arm/core/cortex_m/libarch__arm__core__cortex_m.a(fault.c.obj)
 .text.z_arm_fault
                0x0000000000000cc4      0x1a0 zephyr/arch/arch/arm/core/cortex_m/libarch__arm__core__cortex_m.a(fault.c.obj)
                0x0000000000000cc4                z_arm_fault
 .text.z_arm_fault_init
                0x0000000000000e64       0x18 zephyr/arch/arch/arm/core/cortex_m/libarch__arm__core__cortex_m.a(fault.c.obj)
                0x0000000000000e64                z_arm_fault_init
 .text.__fault  0x0000000000000e7c       0x14 zephyr/arch/arch/arm/core/cortex_m/libarch__arm__core__cortex_m.a(fault_s.S.obj)
                0x0000000000000e7c                z_arm_bus_fault
                0x0000000000000e7c                z_arm_usage_fault
                0x0000000000000e7c                z_arm_mpu_fault
                0x0000000000000e7c                z_arm_exc_spurious
                0x0000000000000e7c                z_arm_debug_monitor
                0x0000000000000e7c                z_arm_hard_fault
 .text._reset_section
                0x0000000000000e90       0x54 zephyr/arch/arch/arm/core/cortex_m/libarch__arm__core__cortex_m.a(reset.S.obj)
                0x0000000000000e90                z_arm_reset
                0x0000000000000e90                __start
 .text.z_arm_init_arch_hw_at_boot
                0x0000000000000ee4       0x60 zephyr/arch/arch/arm/core/cortex_m/libarch__arm__core__cortex_m.a(scb.c.obj)
                0x0000000000000ee4                z_arm_init_arch_hw_at_boot
 .text.z_impl_k_thread_abort
                0x0000000000000f44       0x2c zephyr/arch/arch/arm/core/cortex_m/libarch__arm__core__cortex_m.a(thread_abort.c.obj)
                0x0000000000000f44                z_impl_k_thread_abort
 .text.z_arm_pendsv
                0x0000000000000f70       0x54 zephyr/arch/arch/arm/core/cortex_m/libarch__arm__core__cortex_m.a(swap_helper.S.obj)
                0x0000000000000f70                z_arm_pendsv
 .text.z_arm_svc
                0x0000000000000fc4       0x24 zephyr/arch/arch/arm/core/cortex_m/libarch__arm__core__cortex_m.a(swap_helper.S.obj)
                0x0000000000000fc4                z_arm_svc
 .text.arm_irq_enable
                0x0000000000000fe8       0x1c zephyr/arch/arch/arm/core/cortex_m/libarch__arm__core__cortex_m.a(irq_manage.c.obj)
                0x0000000000000fe8                arm_irq_enable
 .text.arm_irq_is_enabled
                0x0000000000001004       0x1c zephyr/arch/arch/arm/core/cortex_m/libarch__arm__core__cortex_m.a(irq_manage.c.obj)
                0x0000000000001004                arm_irq_is_enabled
 .text.arm_irq_priority_set
                0x0000000000001020       0x30 zephyr/arch/arch/arm/core/cortex_m/libarch__arm__core__cortex_m.a(irq_manage.c.obj)
                0x0000000000001020                arm_irq_priority_set
 .text.relocate_vector_table
                0x0000000000001050       0x1c zephyr/arch/arch/arm/core/cortex_m/libarch__arm__core__cortex_m.a(prep_c.c.obj)
                0x0000000000001050                relocate_vector_table
 .text.z_prep_c
                0x000000000000106c       0x28 zephyr/arch/arch/arm/core/cortex_m/libarch__arm__core__cortex_m.a(prep_c.c.obj)
                0x000000000000106c                z_prep_c
 .text.arch_new_thread
                0x0000000000001094       0x38 zephyr/arch/arch/arm/core/cortex_m/libarch__arm__core__cortex_m.a(thread.c.obj)
                0x0000000000001094                arch_new_thread
 .text.arch_switch_to_main_thread
                0x00000000000010cc       0x38 zephyr/arch/arch/arm/core/cortex_m/libarch__arm__core__cortex_m.a(thread.c.obj)
                0x00000000000010cc                arch_switch_to_main_thread
 .text.z_arm_cpu_idle_init
                0x0000000000001104        0xc zephyr/arch/arch/arm/core/cortex_m/libarch__arm__core__cortex_m.a(cpu_idle.c.obj)
                0x0000000000001104                z_arm_cpu_idle_init
 .text.z_arm_interrupt_init
                0x0000000000001110       0x18 zephyr/arch/arch/arm/core/cortex_m/libarch__arm__core__cortex_m.a(irq_init.c.obj)
                0x0000000000001110                z_arm_interrupt_init
 .text._isr_wrapper
                0x0000000000001128       0x24 zephyr/arch/arch/arm/core/cortex_m/libarch__arm__core__cortex_m.a(isr_wrapper.c.obj)
                0x0000000000001128                _isr_wrapper
 .text.malloc_prepare
                0x000000000000114c       0x24 zephyr/lib/libc/common/liblib__libc__common.a(malloc.c.obj)
 .text.nordicsemi_nrf52_init
                0x0000000000001170       0x44 zephyr/soc/soc/nrf52840/libsoc__nordic.a(soc.c.obj)
 .text.arch_busy_wait
                0x00000000000011b4       0x24 zephyr/soc/soc/nrf52840/libsoc__nordic.a(soc.c.obj)
                0x00000000000011b4                arch_busy_wait
 .text.gppi_init
                0x00000000000011d8       0x1c zephyr/soc/soc/nrf52840/libsoc__nordic.a(gppi_init.c.obj)
 .text.onoff_stop
                0x00000000000011f4       0x30 zephyr/drivers/clock_control/libdrivers__clock_control.a(clock_control_nrf.c.obj)
 .text.onoff_start
                0x0000000000001224       0x44 zephyr/drivers/clock_control/libdrivers__clock_control.a(clock_control_nrf.c.obj)
 .text.clk_init
                0x0000000000001268       0x58 zephyr/drivers/clock_control/libdrivers__clock_control.a(clock_control_nrf.c.obj)
 .text.api_blocking_start
                0x00000000000012c0       0x34 zephyr/drivers/clock_control/libdrivers__clock_control.a(clock_control_nrf.c.obj)
 .text.generic_hfclk_stop
                0x00000000000012f4       0x34 zephyr/drivers/clock_control/libdrivers__clock_control.a(clock_control_nrf.c.obj)
 .text.clkstarted_handle.constprop.0
                0x0000000000001328       0x4c zephyr/drivers/clock_control/libdrivers__clock_control.a(clock_control_nrf.c.obj)
 .text.generic_hfclk_start
                0x0000000000001374       0x78 zephyr/drivers/clock_control/libdrivers__clock_control.a(clock_control_nrf.c.obj)
 .text.clock_event_handler
                0x00000000000013ec       0x1c zephyr/drivers/clock_control/libdrivers__clock_control.a(clock_control_nrf.c.obj)
 .text.z_nrf_clock_control_lf_on
                0x0000000000001408       0xfc zephyr/drivers/clock_control/libdrivers__clock_control.a(clock_control_nrf.c.obj)
                0x0000000000001408                z_nrf_clock_control_lf_on
 .text.gpio_nrfx_pin_interrupt_configure
                0x0000000000001504       0xfc zephyr/drivers/gpio/libdrivers__gpio.a(gpio_nrfx.c.obj)
 .text.nrfx_gpio_handler
                0x0000000000001600       0x4c zephyr/drivers/gpio/libdrivers__gpio.a(gpio_nrfx.c.obj)
 .text.gpio_nrfx_init
                0x000000000000164c       0x3c zephyr/drivers/gpio/libdrivers__gpio.a(gpio_nrfx.c.obj)
 .text.gpio_nrfx_pin_configure
                0x0000000000001688      0x180 zephyr/drivers/gpio/libdrivers__gpio.a(gpio_nrfx.c.obj)
 .text.nrf_gpio_pin_port_decode
                0x0000000000001808       0x20 zephyr/drivers/pinctrl/libdrivers__pinctrl.a(pinctrl_nrf.c.obj)
 .text.pinctrl_configure_pins
                0x0000000000001828      0x1c4 zephyr/drivers/pinctrl/libdrivers__pinctrl.a(pinctrl_nrf.c.obj)
                0x0000000000001828                pinctrl_configure_pins
 .text.uarte_0_init
                0x00000000000019ec      0x11c zephyr/drivers/serial/libdrivers__serial.a(uart_nrfx_uarte.c.obj)
 .text.uarte_nrfx_poll_out
                0x0000000000001b08       0xd0 zephyr/drivers/serial/libdrivers__serial.a(uart_nrfx_uarte.c.obj)
 .text.uarte_nrfx_rx_enable
                0x0000000000001bd8      0x190 zephyr/drivers/serial/libdrivers__serial.a(uart_nrfx_uarte.c.obj)
 .text.uarte_nrfx_tx
                0x0000000000001d68       0xb4 zephyr/drivers/serial/libdrivers__serial.a(uart_nrfx_uarte.c.obj)
 .text.compare_int_lock
                0x0000000000001e1c       0x48 zephyr/drivers/timer/libdrivers__timer.a(nrf_rtc_timer.c.obj)
 .text.sys_clock_timeout_handler
                0x0000000000001e64       0x48 zephyr/drivers/timer/libdrivers__timer.a(nrf_rtc_timer.c.obj)
 .text.compare_int_unlock
                0x0000000000001eac       0x5c zephyr/drivers/timer/libdrivers__timer.a(nrf_rtc_timer.c.obj)
 .text.z_nrf_rtc_timer_read
                0x0000000000001f08       0x44 zephyr/drivers/timer/libdrivers__timer.a(nrf_rtc_timer.c.obj)
                0x0000000000001f08                z_nrf_rtc_timer_read
 .text.compare_set
                0x0000000000001f4c      0x130 zephyr/drivers/timer/libdrivers__timer.a(nrf_rtc_timer.c.obj)
 .text.sys_clock_driver_init
                0x000000000000207c       0x90 zephyr/drivers/timer/libdrivers__timer.a(nrf_rtc_timer.c.obj)
 .text.rtc_nrf_isr
                0x000000000000210c       0xd4 zephyr/drivers/timer/libdrivers__timer.a(nrf_rtc_timer.c.obj)
                0x000000000000210c                rtc_nrf_isr
 .text.sys_clock_set_timeout
                0x00000000000021e0       0x5c zephyr/drivers/timer/libdrivers__timer.a(nrf_rtc_timer.c.obj)
                0x00000000000021e0                sys_clock_set_timeout
 .text.sys_clock_elapsed
                0x000000000000223c       0x14 zephyr/drivers/timer/libdrivers__timer.a(nrf_rtc_timer.c.obj)
                0x000000000000223c                sys_clock_elapsed
 .text.nrf52_errata_98
                0x0000000000002250       0x24 modules/hal_nordic/modules/hal_nordic/nrfx/libmodules__hal_nordic__nrfx.a(system_nrf52840.c.obj)
 .text.nvmc_wait
                0x0000000000002274       0x10 modules/hal_nordic/modules/hal_nordic/nrfx/libmodules__hal_nordic__nrfx.a(system_nrf52840.c.obj)
                0x0000000000002274                nvmc_wait
 .text.SystemInit
                0x0000000000002284      0x1bc modules/hal_nordic/modules/hal_nordic/nrfx/libmodules__hal_nordic__nrfx.a(system_nrf52840.c.obj)
                0x0000000000002284                SystemInit
 .text.nrfx_gppi_init
                0x0000000000002440        0xc modules/hal_nordic/modules/hal_nordic/nrfx/libmodules__hal_nordic__nrfx.a(nrfx_gppi_ppi.c.obj)
                0x0000000000002440                nrfx_gppi_init
 .text.nrfx_gppi_domain_conn_alloc
                0x000000000000244c       0x1c modules/hal_nordic/modules/hal_nordic/nrfx/libmodules__hal_nordic__nrfx.a(nrfx_gppi_ppi.c.obj)
                0x000000000000244c                nrfx_gppi_domain_conn_alloc
 .text.nrfx_gppi_conn_enable
                0x0000000000002468       0x10 modules/hal_nordic/modules/hal_nordic/nrfx/libmodules__hal_nordic__nrfx.a(nrfx_gppi_ppi.c.obj)
                0x0000000000002468                nrfx_gppi_conn_enable
 .text.hfclk_event_handler
                0x0000000000002478        0xc modules/hal_nordic/modules/hal_nordic/nrfx/libmodules__hal_nordic__nrfx.a(nrfx_clock.c.obj)
 .text.lfclk_event_handler
                0x0000000000002484        0xc modules/hal_nordic/modules/hal_nordic/nrfx/libmodules__hal_nordic__nrfx.a(nrfx_clock.c.obj)
 .text.nrfx_clock_init
                0x0000000000002490       0x40 modules/hal_nordic/modules/hal_nordic/nrfx/libmodules__hal_nordic__nrfx.a(nrfx_clock.c.obj)
                0x0000000000002490                nrfx_clock_init
 .text.nrfx_clock_enable
                0x00000000000024d0       0x20 modules/hal_nordic/modules/hal_nordic/nrfx/libmodules__hal_nordic__nrfx.a(nrfx_clock.c.obj)
                0x00000000000024d0                nrfx_clock_enable
 .text.nrf52_errata_201
                0x00000000000024f0       0x24 modules/hal_nordic/modules/hal_nordic/nrfx/libmodules__hal_nordic__nrfx.a(nrfx_clock_hfclk.c.obj)
 .text.clock_stop
                0x0000000000002514       0x4c modules/hal_nordic/modules/hal_nordic/nrfx/libmodules__hal_nordic__nrfx.a(nrfx_clock_hfclk.c.obj)
 .text.nrfx_clock_hfclk_init
                0x0000000000002560       0x28 modules/hal_nordic/modules/hal_nordic/nrfx/libmodules__hal_nordic__nrfx.a(nrfx_clock_hfclk.c.obj)
                0x0000000000002560                nrfx_clock_hfclk_init
 .text.nrfx_clock_hfclk_start
                0x0000000000002588       0x38 modules/hal_nordic/modules/hal_nordic/nrfx/libmodules__hal_nordic__nrfx.a(nrfx_clock_hfclk.c.obj)
                0x0000000000002588                nrfx_clock_hfclk_start
 .text.nrfx_clock_hfclk_irq_handler
                0x00000000000025c0       0x40 modules/hal_nordic/modules/hal_nordic/nrfx/libmodules__hal_nordic__nrfx.a(nrfx_clock_hfclk.c.obj)
                0x00000000000025c0                nrfx_clock_hfclk_irq_handler
 .text.nrfx_clock_lfclk_init
                0x0000000000002600       0x24 modules/hal_nordic/modules/hal_nordic/nrfx/libmodules__hal_nordic__nrfx.a(nrfx_clock_lfclk.c.obj)
                0x0000000000002600                nrfx_clock_lfclk_init
 .text.nrfx_clock_lfclk_start
                0x0000000000002624       0x80 modules/hal_nordic/modules/hal_nordic/nrfx/libmodules__hal_nordic__nrfx.a(nrfx_clock_lfclk.c.obj)
                0x0000000000002624                nrfx_clock_lfclk_start
 .text.nrfx_clock_lfclk_irq_handler
                0x00000000000026a4       0x70 modules/hal_nordic/modules/hal_nordic/nrfx/libmodules__hal_nordic__nrfx.a(nrfx_clock_lfclk.c.obj)
                0x00000000000026a4                nrfx_clock_lfclk_irq_handler
 .text.nrf_gpio_pin_port_decode
                0x0000000000002714       0x20 modules/hal_nordic/modules/hal_nordic/nrfx/libmodules__hal_nordic__nrfx.a(nrfx_gpiote.c.obj)
 .text.get_pin_idx
                0x0000000000002734       0x14 modules/hal_nordic/modules/hal_nordic/nrfx/libmodules__hal_nordic__nrfx.a(nrfx_gpiote.c.obj)
 .text.latch_pending_read_and_check
                0x0000000000002748       0x64 modules/hal_nordic/modules/hal_nordic/nrfx/libmodules__hal_nordic__nrfx.a(nrfx_gpiote.c.obj)
 .text.pin_uninit
                0x00000000000027ac       0x7c modules/hal_nordic/modules/hal_nordic/nrfx/libmodules__hal_nordic__nrfx.a(nrfx_gpiote.c.obj)
 .text.nrfx_gpiote_channel_free
                0x0000000000002828        0xc modules/hal_nordic/modules/hal_nordic/nrfx/libmodules__hal_nordic__nrfx.a(nrfx_gpiote.c.obj)
                0x0000000000002828                nrfx_gpiote_channel_free
 .text.nrfx_gpiote_channel_alloc
                0x0000000000002834       0x18 modules/hal_nordic/modules/hal_nordic/nrfx/libmodules__hal_nordic__nrfx.a(nrfx_gpiote.c.obj)
                0x0000000000002834                nrfx_gpiote_channel_alloc
 .text.nrfx_gpiote_irq_handler
                0x000000000000284c      0x1d0 modules/hal_nordic/modules/hal_nordic/nrfx/libmodules__hal_nordic__nrfx.a(nrfx_gpiote.c.obj)
                0x000000000000284c                nrfx_gpiote_irq_handler
 .text.z_fatal_error
                0x0000000000002a1c       0x30 zephyr/kernel/libkernel.a(fatal.c.obj)
                0x0000000000002a1c                z_fatal_error
 .text.z_sys_init_run_level
                0x0000000000002a4c       0x30 zephyr/kernel/libkernel.a(init.c.obj)
 .text.bg_thread_main
                0x0000000000002a7c       0xc0 zephyr/kernel/libkernel.a(init.c.obj)
 .text.z_init_cpu
                0x0000000000002b3c       0x68 zephyr/kernel/libkernel.a(init.c.obj)
                0x0000000000002b3c                z_init_cpu
 .text.z_cstart
                0x0000000000002ba4       0xc4 zephyr/kernel/libkernel.a(init.c.obj)
                0x0000000000002ba4                z_cstart
 .text.init_mem_slab_obj_core_list
                0x0000000000002c68       0x24 zephyr/kernel/libkernel.a(mem_slab.c.obj)
 .text.k_mem_slab_alloc
                0x0000000000002c8c       0x5c zephyr/kernel/libkernel.a(mem_slab.c.obj)
                0x0000000000002c8c                k_mem_slab_alloc
 .text.z_impl_k_mutex_lock
                0x0000000000002ce8       0xf0 zephyr/kernel/libkernel.a(mutex.c.obj)
                0x0000000000002ce8                z_impl_k_mutex_lock
 .text.z_impl_k_mutex_unlock
                0x0000000000002dd8       0xa0 zephyr/kernel/libkernel.a(mutex.c.obj)
                0x0000000000002dd8                z_impl_k_mutex_unlock
 .text.z_impl_k_sem_give
                0x0000000000002e78       0x68 zephyr/kernel/libkernel.a(sem.c.obj)
                0x0000000000002e78                z_impl_k_sem_give
 .text.z_impl_k_sem_take
                0x0000000000002ee0       0x4c zephyr/kernel/libkernel.a(sem.c.obj)
                0x0000000000002ee0                z_impl_k_sem_take
 .text.z_setup_new_thread
                0x0000000000002f2c       0x70 zephyr/kernel/libkernel.a(thread.c.obj)
                0x0000000000002f2c                z_setup_new_thread
 .text.z_dummy_thread_init
                0x0000000000002f9c       0x14 zephyr/kernel/libkernel.a(thread.c.obj)
                0x0000000000002f9c                z_dummy_thread_init
 .text.z_swap_irqlock
                0x0000000000002fb0       0x30 zephyr/kernel/libkernel.a(sched.c.obj)
 .text.ready_thread
                0x0000000000002fe0       0x84 zephyr/kernel/libkernel.a(sched.c.obj)
 .text.unready_thread
                0x0000000000003064       0x54 zephyr/kernel/libkernel.a(sched.c.obj)
 .text.add_thread_timeout
                0x00000000000030b8       0x1c zephyr/kernel/libkernel.a(sched.c.obj)
 .text.move_thread_to_end_of_prio_q
                0x00000000000030d4       0x90 zephyr/kernel/libkernel.a(sched.c.obj)
                0x00000000000030d4                move_thread_to_end_of_prio_q
 .text.z_pend_curr
                0x0000000000003164       0x44 zephyr/kernel/libkernel.a(sched.c.obj)
                0x0000000000003164                z_pend_curr
 .text.z_thread_prio_set
                0x00000000000031a8       0xe4 zephyr/kernel/libkernel.a(sched.c.obj)
                0x00000000000031a8                z_thread_prio_set
 .text.z_reschedule
                0x000000000000328c       0x24 zephyr/kernel/libkernel.a(sched.c.obj)
                0x000000000000328c                z_reschedule
 .text.z_reschedule_irqlock
                0x00000000000032b0       0x28 zephyr/kernel/libkernel.a(sched.c.obj)
                0x00000000000032b0                z_reschedule_irqlock
 .text.k_sched_lock
                0x00000000000032d8       0x28 zephyr/kernel/libkernel.a(sched.c.obj)
                0x00000000000032d8                k_sched_lock
 .text.k_sched_unlock
                0x0000000000003300       0x68 zephyr/kernel/libkernel.a(sched.c.obj)
                0x0000000000003300                k_sched_unlock
 .text.z_sched_init
                0x0000000000003368       0x10 zephyr/kernel/libkernel.a(sched.c.obj)
                0x0000000000003368                z_sched_init
 .text.z_impl_k_yield
                0x0000000000003378       0x88 zephyr/kernel/libkernel.a(sched.c.obj)
                0x0000000000003378                z_impl_k_yield
 .text.z_tick_sleep
                0x0000000000003400       0x78 zephyr/kernel/libkernel.a(sched.c.obj)
 .text.z_impl_k_wakeup
                0x0000000000003478       0x48 zephyr/kernel/libkernel.a(sched.c.obj)
                0x0000000000003478                z_impl_k_wakeup
 .text.z_impl_k_sched_current_thread_query
                0x00000000000034c0        0xc zephyr/kernel/libkernel.a(sched.c.obj)
                0x00000000000034c0                z_impl_k_sched_current_thread_query
 .text.z_thread_abort
                0x00000000000034cc      0x140 zephyr/kernel/libkernel.a(sched.c.obj)
                0x00000000000034cc                z_thread_abort
 .text.slice_timeout
                0x000000000000360c       0x20 zephyr/kernel/libkernel.a(timeslicing.c.obj)
 .text.thread_is_sliceable
                0x000000000000362c       0x3c zephyr/kernel/libkernel.a(timeslicing.c.obj)
                0x000000000000362c                thread_is_sliceable
 .text.z_reset_time_slice
                0x0000000000003668       0x50 zephyr/kernel/libkernel.a(timeslicing.c.obj)
                0x0000000000003668                z_reset_time_slice
 .text.z_time_slice
                0x00000000000036b8       0x60 zephyr/kernel/libkernel.a(timeslicing.c.obj)
                0x00000000000036b8                z_time_slice
 .text.first    0x0000000000003718       0x10 zephyr/kernel/libkernel.a(timeout.c.obj)
 .text.elapsed  0x0000000000003728       0x14 zephyr/kernel/libkernel.a(timeout.c.obj)
 .text.remove_timeout
                0x000000000000373c       0x38 zephyr/kernel/libkernel.a(timeout.c.obj)
 .text.z_add_timeout
                0x0000000000003774      0x120 zephyr/kernel/libkernel.a(timeout.c.obj)
                0x0000000000003774                z_add_timeout
 .text.sys_clock_announce
                0x0000000000003894       0xc0 zephyr/kernel/libkernel.a(timeout.c.obj)
                0x0000000000003894                sys_clock_announce
 .text.sys_clock_tick_get
                0x0000000000003954       0x30 zephyr/kernel/libkernel.a(timeout.c.obj)
                0x0000000000003954                sys_clock_tick_get
 .text.z_timer_expiration_handler
                0x0000000000003984      0x110 zephyr/kernel/libkernel.a(timer.c.obj)
                0x0000000000003984                z_timer_expiration_handler
 .text.z_impl_k_timer_start
                0x0000000000003a94       0x70 zephyr/kernel/libkernel.a(timer.c.obj)
                0x0000000000003a94                z_impl_k_timer_start
 .text.nrf_cc3xx_platform_init_no_rng
                0x0000000000003b04       0x38 /home/pranav/ncs/v3.2.1/nrfxlib/crypto/nrf_cc310_platform/lib/cortex-m4/soft-float/no-interrupts/libnrf_cc310_platform_0.9.19.a(nrf_cc3xx_platform.c.obj)
                0x0000000000003b04                nrf_cc3xx_platform_init_no_rng
 .text.nrf_cc3xx_platform_abort
                0x0000000000003b3c       0x24 /home/pranav/ncs/v3.2.1/nrfxlib/crypto/nrf_cc310_platform/lib/cortex-m4/soft-float/no-interrupts/libnrf_cc310_platform_0.9.19.a(nrf_cc3xx_platform_abort.c.obj)
 .text.CC_PalAbort
                0x0000000000003b60       0x34 /home/pranav/ncs/v3.2.1/nrfxlib/crypto/nrf_cc310_platform/lib/cortex-m4/soft-float/no-interrupts/libnrf_cc310_platform_0.9.19.a(nrf_cc3xx_platform_abort.c.obj)
                0x0000000000003b60                CC_PalAbort
 .text.nrf_cc3xx_platform_set_abort
                0x0000000000003b94       0x10 /home/pranav/ncs/v3.2.1/nrfxlib/crypto/nrf_cc310_platform/lib/cortex-m4/soft-float/no-interrupts/libnrf_cc310_platform_0.9.19.a(nrf_cc3xx_platform_abort.c.obj)
                0x0000000000003b94                nrf_cc3xx_platform_set_abort
 .text.mutex_free
                0x0000000000003ba4       0x34 /home/pranav/ncs/v3.2.1/nrfxlib/crypto/nrf_cc310_platform/lib/cortex-m4/soft-float/no-interrupts/libnrf_cc310_platform_0.9.19.a(nrf_cc3xx_platform_mutex.c.obj)
 .text.mutex_lock
                0x0000000000003bd8       0x48 /home/pranav/ncs/v3.2.1/nrfxlib/crypto/nrf_cc310_platform/lib/cortex-m4/soft-float/no-interrupts/libnrf_cc310_platform_0.9.19.a(nrf_cc3xx_platform_mutex.c.obj)
 .text.mutex_unlock
                0x0000000000003c20       0x38 /home/pranav/ncs/v3.2.1/nrfxlib/crypto/nrf_cc310_platform/lib/cortex-m4/soft-float/no-interrupts/libnrf_cc310_platform_0.9.19.a(nrf_cc3xx_platform_mutex.c.obj)
 .text.mutex_init
                0x0000000000003c58       0x20 /home/pranav/ncs/v3.2.1/nrfxlib/crypto/nrf_cc310_platform/lib/cortex-m4/soft-float/no-interrupts/libnrf_cc310_platform_0.9.19.a(nrf_cc3xx_platform_mutex.c.obj)
 .text.nrf_cc3xx_platform_set_mutexes
                0x0000000000003c78       0x74 /home/pranav/ncs/v3.2.1/nrfxlib/crypto/nrf_cc310_platform/lib/cortex-m4/soft-float/no-interrupts/libnrf_cc310_platform_0.9.19.a(nrf_cc3xx_platform_mutex.c.obj)
                0x0000000000003c78                nrf_cc3xx_platform_set_mutexes
 .text.CC_LibInitNoRng
                0x0000000000003cec       0x64 /home/pranav/ncs/v3.2.1/nrfxlib/crypto/nrf_cc310_platform/lib/cortex-m4/soft-float/no-interrupts/libnrf_cc310_platform_0.9.19.a(cc_lib.c.obj)
                0x0000000000003cec                CC_LibInitNoRng
 .text.CC_HalInit
                0x0000000000003d50        0x4 /home/pranav/ncs/v3.2.1/nrfxlib/crypto/nrf_cc310_platform/lib/cortex-m4/soft-float/no-interrupts/libnrf_cc310_platform_0.9.19.a(cc_hal.c.obj)
                0x0000000000003d50                CC_HalInit
 .text.CC_HalTerminate
                0x0000000000003d54        0x4 /home/pranav/ncs/v3.2.1/nrfxlib/crypto/nrf_cc310_platform/lib/cortex-m4/soft-float/no-interrupts/libnrf_cc310_platform_0.9.19.a(cc_hal.c.obj)
                0x0000000000003d54                CC_HalTerminate
 .text.CC_HalMaskInterrupt
                0x0000000000003d58        0xc /home/pranav/ncs/v3.2.1/nrfxlib/crypto/nrf_cc310_platform/lib/cortex-m4/soft-float/no-interrupts/libnrf_cc310_platform_0.9.19.a(cc_hal.c.obj)
                0x0000000000003d58                CC_HalMaskInterrupt
 .text.CC_PalInit
                0x0000000000003d64       0x5c /home/pranav/ncs/v3.2.1/nrfxlib/crypto/nrf_cc310_platform/lib/cortex-m4/soft-float/no-interrupts/libnrf_cc310_platform_0.9.19.a(cc_pal.c.obj)
                0x0000000000003d64                CC_PalInit
 .text.CC_PalTerminate
                0x0000000000003dc0       0x34 /home/pranav/ncs/v3.2.1/nrfxlib/crypto/nrf_cc310_platform/lib/cortex-m4/soft-float/no-interrupts/libnrf_cc310_platform_0.9.19.a(cc_pal.c.obj)
                0x0000000000003dc0                CC_PalTerminate
 .text.CC_PalDmaInit
                0x0000000000003df4        0x4 /home/pranav/ncs/v3.2.1/nrfxlib/crypto/nrf_cc310_platform/lib/cortex-m4/soft-float/no-interrupts/libnrf_cc310_platform_0.9.19.a(cc_pal_dma.c.obj)
                0x0000000000003df4                CC_PalDmaInit
 .text.CC_PalDmaTerminate
                0x0000000000003df8        0x4 /home/pranav/ncs/v3.2.1/nrfxlib/crypto/nrf_cc310_platform/lib/cortex-m4/soft-float/no-interrupts/libnrf_cc310_platform_0.9.19.a(cc_pal_dma.c.obj)
                0x0000000000003df8                CC_PalDmaTerminate
 .text.CC_PalMutexCreate
                0x0000000000003dfc       0x14 /home/pranav/ncs/v3.2.1/nrfxlib/crypto/nrf_cc310_platform/lib/cortex-m4/soft-float/no-interrupts/libnrf_cc310_platform_0.9.19.a(cc_pal_mutex.c.obj)
                0x0000000000003dfc                CC_PalMutexCreate
 .text.CC_PalMutexDestroy
                0x0000000000003e10       0x14 /home/pranav/ncs/v3.2.1/nrfxlib/crypto/nrf_cc310_platform/lib/cortex-m4/soft-float/no-interrupts/libnrf_cc310_platform_0.9.19.a(cc_pal_mutex.c.obj)
                0x0000000000003e10                CC_PalMutexDestroy
 .text.CC_PalPowerSaveModeInit
                0x0000000000003e24       0x3c /home/pranav/ncs/v3.2.1/nrfxlib/crypto/nrf_cc310_platform/lib/cortex-m4/soft-float/no-interrupts/libnrf_cc310_platform_0.9.19.a(cc_pal_pm.c.obj)
                0x0000000000003e24                CC_PalPowerSaveModeInit
 .text.CC_PalPowerSaveModeSelect
                0x0000000000003e60       0x84 /home/pranav/ncs/v3.2.1/nrfxlib/crypto/nrf_cc310_platform/lib/cortex-m4/soft-float/no-interrupts/libnrf_cc310_platform_0.9.19.a(cc_pal_pm.c.obj)
                0x0000000000003e60                CC_PalPowerSaveModeSelect
 .text.__l_vfprintf
                0x0000000000003ee4      0x4b8 /home/pranav/ncs/toolchains/43683a87ea/opt/zephyr-sdk/arm-zephyr-eabi/bin/../lib/gcc/../../picolibc/arm-zephyr-eabi/lib/thumb/v7e-m/nofp/libc.a(libc_tinystdio_vflprintf.c.o)
                0x0000000000003ee4                __l_vfprintf
 .text._OffsetAbsSyms
                0x000000000000439c        0x2 zephyr/CMakeFiles/offsets.dir/./arch/arm/core/offsets/offsets.c.obj
                0x000000000000439c                _OffsetAbsSyms
 .text.gpio_pin_configure_dt.constprop.0
                0x000000000000439e       0x34 app/libapp.a(main.c.obj)
 .text.gpio_pin_toggle_dt.isra.0
                0x00000000000043d2       0x10 app/libapp.a(main.c.obj)
 .text.chunk_field
                0x00000000000043e2       0x16 zephyr/libzephyr.a(heap.c.obj)
 .text.chunk_set
                0x00000000000043f8       0x16 zephyr/libzephyr.a(heap.c.obj)
 .text.chunk_size
                0x000000000000440e        0xc zephyr/libzephyr.a(heap.c.obj)
 .text.set_chunk_used
                0x000000000000441a       0x30 zephyr/libzephyr.a(heap.c.obj)
 .text.set_chunk_size
                0x000000000000444a        0x8 zephyr/libzephyr.a(heap.c.obj)
 .text.bucket_idx
                0x0000000000004452       0x1e zephyr/libzephyr.a(heap.c.obj)
 .text.free_list_add
                0x0000000000004470       0x84 zephyr/libzephyr.a(heap.c.obj)
 .text.sys_heap_init
                0x00000000000044f4       0xb0 zephyr/libzephyr.a(heap.c.obj)
                0x00000000000044f4                sys_heap_init
 .text.arch_printk_char_out
                0x00000000000045a4        0x4 zephyr/libzephyr.a(printk.c.obj)
                0x00000000000045a4                arch_printk_char_out
 .text.printk   0x00000000000045a8       0x1a zephyr/libzephyr.a(printk.c.obj)
                0x00000000000045a8                printk
 .text.process_recheck
                0x00000000000045c2       0x38 zephyr/libzephyr.a(onoff.c.obj)
 .text.validate_args
                0x00000000000045fa       0x20 zephyr/libzephyr.a(onoff.c.obj)
 .text.notify_one
                0x000000000000461a       0x2c zephyr/libzephyr.a(onoff.c.obj)
 .text.transition_complete
                0x0000000000004646       0x1a zephyr/libzephyr.a(onoff.c.obj)
 .text.onoff_manager_init
                0x0000000000004660       0x26 zephyr/libzephyr.a(onoff.c.obj)
                0x0000000000004660                onoff_manager_init
 .text.onoff_request
                0x0000000000004686       0xae zephyr/libzephyr.a(onoff.c.obj)
                0x0000000000004686                onoff_request
 .text.sys_notify_validate
                0x0000000000004734       0x22 zephyr/libzephyr.a(notify.c.obj)
                0x0000000000004734                sys_notify_validate
 .text.sys_notify_finalize
                0x0000000000004756       0x1a zephyr/libzephyr.a(notify.c.obj)
                0x0000000000004756                sys_notify_finalize
 .text._ConfigAbsSyms
                0x0000000000004770        0x2 zephyr/libzephyr.a(configs.c.obj)
                0x0000000000004770                _ConfigAbsSyms
 .text.abort_function
                0x0000000000004772        0x2 zephyr/libzephyr.a(nrf_cc3xx_platform_abort_zephyr.c.obj)
 .text.arch_early_memset
                0x0000000000004774        0x4 zephyr/arch/common/libarch__common.a(init.c.obj)
                0x0000000000004774                arch_early_memset
 .text.arch_early_memcpy
                0x0000000000004778        0x4 zephyr/arch/common/libarch__common.a(init.c.obj)
                0x0000000000004778                arch_early_memcpy
 .text.z_do_kernel_oops
                0x000000000000477c        0x8 zephyr/arch/arch/arm/core/libarch__arm__core.a(fatal.c.obj)
                0x000000000000477c                z_do_kernel_oops
 .text.z_arm_nmi
                0x0000000000004784        0xe zephyr/arch/arch/arm/core/libarch__arm__core.a(nmi.c.obj)
                0x0000000000004784                z_arm_nmi
 .text.z_irq_spurious
                0x0000000000004792        0x8 zephyr/arch/arch/arm/core/cortex_m/libarch__arm__core__cortex_m.a(irq_manage.c.obj)
                0x0000000000004792                z_irq_spurious
 .text.arch_coprocessors_disable
                0x000000000000479a        0x6 zephyr/arch/arch/arm/core/cortex_m/libarch__arm__core__cortex_m.a(thread.c.obj)
                0x000000000000479a                arch_coprocessors_disable
 .text.arch_irq_unlock_outlined
                0x00000000000047a0        0xe zephyr/arch/arch/arm/core/cortex_m/libarch__arm__core__cortex_m.a(thread.c.obj)
                0x00000000000047a0                arch_irq_unlock_outlined
 .text.arch_cpu_idle
                0x00000000000047ae       0x1a zephyr/arch/arch/arm/core/cortex_m/libarch__arm__core__cortex_m.a(cpu_idle.c.obj)
                0x00000000000047ae                arch_cpu_idle
 .text.arch_cpu_atomic_idle
                0x00000000000047c8       0x1e zephyr/arch/arch/arm/core/cortex_m/libarch__arm__core__cortex_m.a(cpu_idle.c.obj)
                0x00000000000047c8                arch_cpu_atomic_idle
 .text.get_status
                0x00000000000047e6       0x12 zephyr/drivers/clock_control/libdrivers__clock_control.a(clock_control_nrf.c.obj)
 .text.stop     0x00000000000047f8       0x52 zephyr/drivers/clock_control/libdrivers__clock_control.a(clock_control_nrf.c.obj)
 .text.api_stop
                0x000000000000484a        0x6 zephyr/drivers/clock_control/libdrivers__clock_control.a(clock_control_nrf.c.obj)
 .text.async_start
                0x0000000000004850       0x5c zephyr/drivers/clock_control/libdrivers__clock_control.a(clock_control_nrf.c.obj)
 .text.api_start
                0x00000000000048ac        0xe zephyr/drivers/clock_control/libdrivers__clock_control.a(clock_control_nrf.c.obj)
 .text.onoff_started_callback
                0x00000000000048ba       0x12 zephyr/drivers/clock_control/libdrivers__clock_control.a(clock_control_nrf.c.obj)
 .text.blocking_start_callback
                0x00000000000048cc        0x6 zephyr/drivers/clock_control/libdrivers__clock_control.a(clock_control_nrf.c.obj)
 .text.lfclk_stop
                0x00000000000048d2        0x4 zephyr/drivers/clock_control/libdrivers__clock_control.a(clock_control_nrf.c.obj)
 .text.lfclk_start
                0x00000000000048d6        0x4 zephyr/drivers/clock_control/libdrivers__clock_control.a(clock_control_nrf.c.obj)
 .text.gpio_nrfx_port_get_raw
                0x00000000000048da        0xe zephyr/drivers/gpio/libdrivers__gpio.a(gpio_nrfx.c.obj)
 .text.gpio_nrfx_port_set_masked_raw
                0x00000000000048e8       0x18 zephyr/drivers/gpio/libdrivers__gpio.a(gpio_nrfx.c.obj)
 .text.gpio_nrfx_port_set_bits_raw
                0x0000000000004900        0xc zephyr/drivers/gpio/libdrivers__gpio.a(gpio_nrfx.c.obj)
 .text.gpio_nrfx_port_clear_bits_raw
                0x000000000000490c        0xc zephyr/drivers/gpio/libdrivers__gpio.a(gpio_nrfx.c.obj)
 .text.gpio_nrfx_port_toggle_bits
                0x0000000000004918       0x1a zephyr/drivers/gpio/libdrivers__gpio.a(gpio_nrfx.c.obj)
 .text.gpio_nrfx_manage_callback
                0x0000000000004932       0x52 zephyr/drivers/gpio/libdrivers__gpio.a(gpio_nrfx.c.obj)
 .text.gpio_nrfx_gpiote_irq_handler
                0x0000000000004984        0x4 zephyr/drivers/gpio/libdrivers__gpio.a(gpio_nrfx.c.obj)
                0x0000000000004984                gpio_nrfx_gpiote_irq_handler
 .text.pinctrl_lookup_state
                0x0000000000004988       0x26 zephyr/drivers/pinctrl/libdrivers__pinctrl.a(common.c.obj)
                0x0000000000004988                pinctrl_lookup_state
 .text.uarte_nrfx_err_check
                0x00000000000049ae        0xe zephyr/drivers/serial/libdrivers__serial.a(uart_nrfx_uarte.c.obj)
 .text.user_callback
                0x00000000000049bc        0xe zephyr/drivers/serial/libdrivers__serial.a(uart_nrfx_uarte.c.obj)
 .text.rx_buf_release
                0x00000000000049ca       0x28 zephyr/drivers/serial/libdrivers__serial.a(uart_nrfx_uarte.c.obj)
 .text.notify_uart_rx_rdy
                0x00000000000049f2       0x34 zephyr/drivers/serial/libdrivers__serial.a(uart_nrfx_uarte.c.obj)
 .text.uarte_nrfx_rx_buf_rsp
                0x0000000000004a26       0x54 zephyr/drivers/serial/libdrivers__serial.a(uart_nrfx_uarte.c.obj)
 .text.uarte_nrfx_callback_set
                0x0000000000004a7a       0x16 zephyr/drivers/serial/libdrivers__serial.a(uart_nrfx_uarte.c.obj)
 .text.uarte_nrfx_poll_in
                0x0000000000004a90       0x32 zephyr/drivers/serial/libdrivers__serial.a(uart_nrfx_uarte.c.obj)
 .text.rx_disable
                0x0000000000004ac2       0x58 zephyr/drivers/serial/libdrivers__serial.a(uart_nrfx_uarte.c.obj)
 .text.uarte_nrfx_rx_disable
                0x0000000000004b1a       0x14 zephyr/drivers/serial/libdrivers__serial.a(uart_nrfx_uarte.c.obj)
 .text.setup_tx_cache
                0x0000000000004b2e       0x3e zephyr/drivers/serial/libdrivers__serial.a(uart_nrfx_uarte.c.obj)
 .text.is_tx_ready.isra.0
                0x0000000000004b6c       0x20 zephyr/drivers/serial/libdrivers__serial.a(uart_nrfx_uarte.c.obj)
 .text.pinctrl_apply_state.isra.0
                0x0000000000004b8c       0x1e zephyr/drivers/serial/libdrivers__serial.a(uart_nrfx_uarte.c.obj)
 .text.uarte_disable_locked
                0x0000000000004baa       0x2a zephyr/drivers/serial/libdrivers__serial.a(uart_nrfx_uarte.c.obj)
 .text.rx_disable_finalize
                0x0000000000004bd4       0x52 zephyr/drivers/serial/libdrivers__serial.a(uart_nrfx_uarte.c.obj)
 .text.uarte_instance_deinit
                0x0000000000004c26        0x6 zephyr/drivers/serial/libdrivers__serial.a(uart_nrfx_uarte.c.obj)
 .text.uarte_enable_locked
                0x0000000000004c2c       0x22 zephyr/drivers/serial/libdrivers__serial.a(uart_nrfx_uarte.c.obj)
 .text.tx_start
                0x0000000000004c4e       0x32 zephyr/drivers/serial/libdrivers__serial.a(uart_nrfx_uarte.c.obj)
 .text.start_tx_locked
                0x0000000000004c80       0x42 zephyr/drivers/serial/libdrivers__serial.a(uart_nrfx_uarte.c.obj)
 .text.rx_timeout
                0x0000000000004cc2       0x44 zephyr/drivers/serial/libdrivers__serial.a(uart_nrfx_uarte.c.obj)
 .text.uarte_nrfx_isr_async
                0x0000000000004d06      0x3e6 zephyr/drivers/serial/libdrivers__serial.a(uart_nrfx_uarte.c.obj)
 .text.uarte_nrfx_tx_abort
                0x00000000000050ec       0x2c zephyr/drivers/serial/libdrivers__serial.a(uart_nrfx_uarte.c.obj)
 .text.tx_timeout
                0x0000000000005118        0x6 zephyr/drivers/serial/libdrivers__serial.a(uart_nrfx_uarte.c.obj)
 .text.event_clear
                0x000000000000511e       0x18 zephyr/drivers/timer/libdrivers__timer.a(nrf_rtc_timer.c.obj)
 .text.hw_cc3xx_init_internal
                0x0000000000005136        0x4 modules/nrf/drivers/hw_cc3xx/lib..__nrf__drivers__hw_cc3xx.a(hw_cc3xx.c.obj)
 .text.hw_cc3xx_init
                0x000000000000513a       0x12 modules/nrf/drivers/hw_cc3xx/lib..__nrf__drivers__hw_cc3xx.a(hw_cc3xx.c.obj)
 .text.nrfx_isr
                0x000000000000514c        0x6 modules/hal_nordic/modules/hal_nordic/nrfx/libmodules__hal_nordic__nrfx.a(nrfx_glue.c.obj)
                0x000000000000514c                nrfx_isr
 .text.nrfx_busy_wait
                0x0000000000005152        0x4 modules/hal_nordic/modules/hal_nordic/nrfx/libmodules__hal_nordic__nrfx.a(nrfx_glue.c.obj)
                0x0000000000005152                nrfx_busy_wait
 .text.nrfx_flag32_alloc
                0x0000000000005156       0x3c modules/hal_nordic/modules/hal_nordic/nrfx/libmodules__hal_nordic__nrfx.a(nrfx_flag32_allocator.c.obj)
                0x0000000000005156                nrfx_flag32_alloc
 .text.nrfx_flag32_free
                0x0000000000005192       0x3a modules/hal_nordic/modules/hal_nordic/nrfx/libmodules__hal_nordic__nrfx.a(nrfx_flag32_allocator.c.obj)
                0x0000000000005192                nrfx_flag32_free
 .text.nrfx_gppi_conn_alloc
                0x00000000000051cc       0x2c modules/hal_nordic/modules/hal_nordic/nrfx/libmodules__hal_nordic__nrfx.a(nrfx_gppi_ppi.c.obj)
                0x00000000000051cc                nrfx_gppi_conn_alloc
 .text.nrfx_clock_start
                0x00000000000051f8       0x10 modules/hal_nordic/modules/hal_nordic/nrfx/libmodules__hal_nordic__nrfx.a(nrfx_clock.c.obj)
                0x00000000000051f8                nrfx_clock_start
 .text.nrfx_clock_stop
                0x0000000000005208       0x10 modules/hal_nordic/modules/hal_nordic/nrfx/libmodules__hal_nordic__nrfx.a(nrfx_clock.c.obj)
                0x0000000000005208                nrfx_clock_stop
 .text.CLOCK_POWER_IRQHandler
                0x0000000000005218        0xe modules/hal_nordic/modules/hal_nordic/nrfx/libmodules__hal_nordic__nrfx.a(nrfx_clock.c.obj)
                0x0000000000005218                CLOCK_POWER_IRQHandler
 .text.nrfx_clock_hfclk_stop
                0x0000000000005226        0x4 modules/hal_nordic/modules/hal_nordic/nrfx/libmodules__hal_nordic__nrfx.a(nrfx_clock_hfclk.c.obj)
                0x0000000000005226                nrfx_clock_hfclk_stop
 .text.clock_stop
                0x000000000000522a       0x32 modules/hal_nordic/modules/hal_nordic/nrfx/libmodules__hal_nordic__nrfx.a(nrfx_clock_lfclk.c.obj)
 .text.nrfx_clock_lfclk_stop
                0x000000000000525c        0x4 modules/hal_nordic/modules/hal_nordic/nrfx/libmodules__hal_nordic__nrfx.a(nrfx_clock_lfclk.c.obj)
                0x000000000000525c                nrfx_clock_lfclk_stop
 .text.nrf_gpio_reconfigure
                0x0000000000005260       0x92 modules/hal_nordic/modules/hal_nordic/nrfx/libmodules__hal_nordic__nrfx.a(nrfx_gpiote.c.obj)
 .text.nrf_gpio_cfg_sense_set
                0x00000000000052f2       0x1e modules/hal_nordic/modules/hal_nordic/nrfx/libmodules__hal_nordic__nrfx.a(nrfx_gpiote.c.obj)
 .text.pin_in_use_by_te
                0x0000000000005310       0x16 modules/hal_nordic/modules/hal_nordic/nrfx/libmodules__hal_nordic__nrfx.a(nrfx_gpiote.c.obj)
 .text.pin_is_output
                0x0000000000005326       0x16 modules/hal_nordic/modules/hal_nordic/nrfx/libmodules__hal_nordic__nrfx.a(nrfx_gpiote.c.obj)
 .text.pin_te_get
                0x000000000000533c       0x14 modules/hal_nordic/modules/hal_nordic/nrfx/libmodules__hal_nordic__nrfx.a(nrfx_gpiote.c.obj)
 .text.call_handler
                0x0000000000005350       0x3e modules/hal_nordic/modules/hal_nordic/nrfx/libmodules__hal_nordic__nrfx.a(nrfx_gpiote.c.obj)
 .text.release_handler
                0x000000000000538e       0x54 modules/hal_nordic/modules/hal_nordic/nrfx/libmodules__hal_nordic__nrfx.a(nrfx_gpiote.c.obj)
 .text.__nrfy_internal_gpiote_events_process
                0x00000000000053e2       0x50 modules/hal_nordic/modules/hal_nordic/nrfx/libmodules__hal_nordic__nrfx.a(nrfx_gpiote.c.obj)
 .text.pin_trigger_disable
                0x0000000000005432       0x46 modules/hal_nordic/modules/hal_nordic/nrfx/libmodules__hal_nordic__nrfx.a(nrfx_gpiote.c.obj)
 .text.nrfx_gpiote_input_configure
                0x0000000000005478      0x170 modules/hal_nordic/modules/hal_nordic/nrfx/libmodules__hal_nordic__nrfx.a(nrfx_gpiote.c.obj)
                0x0000000000005478                nrfx_gpiote_input_configure
 .text.nrfx_gpiote_output_configure
                0x00000000000055e8       0xf2 modules/hal_nordic/modules/hal_nordic/nrfx/libmodules__hal_nordic__nrfx.a(nrfx_gpiote.c.obj)
                0x00000000000055e8                nrfx_gpiote_output_configure
 .text.nrfx_gpiote_global_callback_set
                0x00000000000056da        0x6 modules/hal_nordic/modules/hal_nordic/nrfx/libmodules__hal_nordic__nrfx.a(nrfx_gpiote.c.obj)
                0x00000000000056da                nrfx_gpiote_global_callback_set
 .text.nrfx_gpiote_channel_get
                0x00000000000056e0       0x26 modules/hal_nordic/modules/hal_nordic/nrfx/libmodules__hal_nordic__nrfx.a(nrfx_gpiote.c.obj)
                0x00000000000056e0                nrfx_gpiote_channel_get
 .text.nrfx_gpiote_init
                0x0000000000005706       0x38 modules/hal_nordic/modules/hal_nordic/nrfx/libmodules__hal_nordic__nrfx.a(nrfx_gpiote.c.obj)
                0x0000000000005706                nrfx_gpiote_init
 .text.nrfx_gpiote_init_check
                0x000000000000573e        0xc modules/hal_nordic/modules/hal_nordic/nrfx/libmodules__hal_nordic__nrfx.a(nrfx_gpiote.c.obj)
                0x000000000000573e                nrfx_gpiote_init_check
 .text.nrfx_gpiote_pin_uninit
                0x000000000000574a        0x4 modules/hal_nordic/modules/hal_nordic/nrfx/libmodules__hal_nordic__nrfx.a(nrfx_gpiote.c.obj)
                0x000000000000574a                nrfx_gpiote_pin_uninit
 .text.nrfx_gpiote_trigger_enable
                0x000000000000574e       0xa6 modules/hal_nordic/modules/hal_nordic/nrfx/libmodules__hal_nordic__nrfx.a(nrfx_gpiote.c.obj)
                0x000000000000574e                nrfx_gpiote_trigger_enable
 .text.nrfx_gpiote_trigger_disable
                0x00000000000057f4        0x4 modules/hal_nordic/modules/hal_nordic/nrfx/libmodules__hal_nordic__nrfx.a(nrfx_gpiote.c.obj)
                0x00000000000057f4                nrfx_gpiote_trigger_disable
 .text.z_impl_k_busy_wait
                0x00000000000057f8        0x8 zephyr/kernel/libkernel.a(busy_wait.c.obj)
                0x00000000000057f8                z_impl_k_busy_wait
 .text.do_device_init
                0x0000000000005800       0x30 zephyr/kernel/libkernel.a(device.c.obj)
                0x0000000000005800                do_device_init
 .text.z_impl_device_is_ready
                0x0000000000005830       0x16 zephyr/kernel/libkernel.a(device.c.obj)
                0x0000000000005830                z_impl_device_is_ready
 .text.arch_system_halt
                0x0000000000005846       0x10 zephyr/kernel/libkernel.a(fatal.c.obj)
                0x0000000000005846                arch_system_halt
 .text.k_sys_fatal_error_handler
                0x0000000000005856        0x6 zephyr/kernel/libkernel.a(fatal.c.obj)
                0x0000000000005856                k_sys_fatal_error_handler
 .text.create_free_list
                0x000000000000585c       0x34 zephyr/kernel/libkernel.a(mem_slab.c.obj)
 .text.k_mem_slab_init
                0x0000000000005890       0x1c zephyr/kernel/libkernel.a(mem_slab.c.obj)
                0x0000000000005890                k_mem_slab_init
 .text.k_mem_slab_free
                0x00000000000058ac       0x6e zephyr/kernel/libkernel.a(mem_slab.c.obj)
                0x00000000000058ac                k_mem_slab_free
 .text.idle     0x000000000000591a       0x16 zephyr/kernel/libkernel.a(idle.c.obj)
                0x000000000000591a                idle
 .text.adjust_owner_prio.isra.0
                0x0000000000005930       0x10 zephyr/kernel/libkernel.a(mutex.c.obj)
 .text.z_impl_k_mutex_init
                0x0000000000005940        0xe zephyr/kernel/libkernel.a(mutex.c.obj)
                0x0000000000005940                z_impl_k_mutex_init
 .text.k_is_in_isr
                0x000000000000594e        0xc zephyr/kernel/libkernel.a(thread.c.obj)
                0x000000000000594e                k_is_in_isr
 .text.sys_dlist_remove
                0x000000000000595a       0x10 zephyr/kernel/libkernel.a(sched.c.obj)
 .text.unpend_thread_no_timeout
                0x000000000000596a       0x14 zephyr/kernel/libkernel.a(sched.c.obj)
 .text.add_to_waitq_locked
                0x000000000000597e       0x50 zephyr/kernel/libkernel.a(sched.c.obj)
 .text.z_ready_thread
                0x00000000000059ce       0x1e zephyr/kernel/libkernel.a(sched.c.obj)
                0x00000000000059ce                z_ready_thread
 .text.z_unpend_thread_no_timeout
                0x00000000000059ec       0x22 zephyr/kernel/libkernel.a(sched.c.obj)
                0x00000000000059ec                z_unpend_thread_no_timeout
 .text.z_sched_wake_thread
                0x0000000000005a0e       0x3a zephyr/kernel/libkernel.a(sched.c.obj)
                0x0000000000005a0e                z_sched_wake_thread
 .text.z_thread_timeout
                0x0000000000005a48        0x8 zephyr/kernel/libkernel.a(sched.c.obj)
                0x0000000000005a48                z_thread_timeout
 .text.z_unpend1_no_timeout
                0x0000000000005a50       0x2c zephyr/kernel/libkernel.a(sched.c.obj)
                0x0000000000005a50                z_unpend1_no_timeout
 .text.z_impl_k_sleep
                0x0000000000005a7c       0x4e zephyr/kernel/libkernel.a(sched.c.obj)
                0x0000000000005a7c                z_impl_k_sleep
 .text.next_timeout
                0x0000000000005aca       0x2e zephyr/kernel/libkernel.a(timeout.c.obj)
 .text.z_abort_timeout
                0x0000000000005af8       0x50 zephyr/kernel/libkernel.a(timeout.c.obj)
                0x0000000000005af8                z_abort_timeout
 .text.sys_clock_tick_get_32
                0x0000000000005b48        0x8 zephyr/kernel/libkernel.a(timeout.c.obj)
                0x0000000000005b48                sys_clock_tick_get_32
 .text.z_impl_k_uptime_ticks
                0x0000000000005b50        0x4 zephyr/kernel/libkernel.a(timeout.c.obj)
                0x0000000000005b50                z_impl_k_uptime_ticks
 .text.k_timer_init
                0x0000000000005b54       0x18 zephyr/kernel/libkernel.a(timer.c.obj)
                0x0000000000005b54                k_timer_init
 .text.z_impl_k_timer_stop
                0x0000000000005b6c       0x38 zephyr/kernel/libkernel.a(timer.c.obj)
                0x0000000000005b6c                z_impl_k_timer_stop
 .text.memcpy   0x0000000000005ba4       0x1c /home/pranav/ncs/toolchains/43683a87ea/opt/zephyr-sdk/arm-zephyr-eabi/bin/../lib/gcc/../../picolibc/arm-zephyr-eabi/lib/thumb/v7e-m/nofp/libc.a(memcpy.c.o)
                0x0000000000005ba4                memcpy
                0x0000000000005ba4                __aeabi_memcpy
                0x0000000000005ba4                __aeabi_memcpy4
                0x0000000000005ba4                __aeabi_memcpy8
 .text.memmove  0x0000000000005bc0       0x34 /home/pranav/ncs/toolchains/43683a87ea/opt/zephyr-sdk/arm-zephyr-eabi/bin/../lib/gcc/../../picolibc/arm-zephyr-eabi/lib/thumb/v7e-m/nofp/libc.a(memmove.c.o)
                0x0000000000005bc0                memmove
                0x0000000000005bc0                __aeabi_memmove8
                0x0000000000005bc0                __aeabi_memmove
                0x0000000000005bc0                __aeabi_memmove4
 .text.memset   0x0000000000005bf4       0x10 /home/pranav/ncs/toolchains/43683a87ea/opt/zephyr-sdk/arm-zephyr-eabi/bin/../lib/gcc/../../picolibc/arm-zephyr-eabi/lib/thumb/v7e-m/nofp/libc.a(memset.c.o)
                0x0000000000005bf4                memset
 .text.strnlen  0x0000000000005c04       0x18 /home/pranav/ncs/toolchains/43683a87ea/opt/zephyr-sdk/arm-zephyr-eabi/bin/../lib/gcc/../../picolibc/arm-zephyr-eabi/lib/thumb/v7e-m/nofp/libc.a(libc_string_strnlen.c.o)
                0x0000000000005c04                strnlen
 .text.__ultoa_invert
                0x0000000000005c1c       0xae /home/pranav/ncs/toolchains/43683a87ea/opt/zephyr-sdk/arm-zephyr-eabi/bin/../lib/gcc/../../picolibc/arm-zephyr-eabi/lib/thumb/v7e-m/nofp/libc.a(libc_tinystdio_vflprintf.c.o)
 *(SORT_BY_ALIGNMENT(.TEXT.*))
 *fill*         0x0000000000005cca        0x2 
 .TEXT.__aeabi_read_tp
                0x0000000000005ccc        0xc zephyr/arch/arch/arm/core/cortex_m/libarch__arm__core__cortex_m.a(__aeabi_read_tp.S.obj)
                0x0000000000005ccc                __aeabi_read_tp
 *(SORT_BY_ALIGNMENT(.gnu.linkonce.t.*))
 *(SORT_BY_ALIGNMENT(.glue_7t))
 .glue_7t       0x0000000000005cd8        0x0 linker stubs
 *(SORT_BY_ALIGNMENT(.glue_7))
 .glue_7        0x0000000000005cd8        0x0 linker stubs
 *(SORT_BY_ALIGNMENT(.vfp11_veneer))
 .vfp11_veneer  0x0000000000005cd8        0x0 linker stubs
 *(SORT_BY_ALIGNMENT(.v4_bx))
 .v4_bx         0x0000000000005cd8        0x0 linker stubs
                0x0000000000005cd8                . = ALIGN (0x4)
                0x0000000000005cd8                __text_region_end = .

.ARM.exidx      0x0000000000005cd8        0x8
                0x0000000000005cd8                __exidx_start = .
 *(SORT_BY_ALIGNMENT(.ARM.exidx*) SORT_BY_ALIGNMENT(gnu.linkonce.armexidx.*))
 .ARM.exidx     0x0000000000005cd8        0x8 /home/pranav/ncs/toolchains/43683a87ea/opt/zephyr-sdk/arm-zephyr-eabi/bin/../lib/gcc/arm-zephyr-eabi/12.2.0/thumb/v7e-m/nofp/libgcc.a(_udivmoddi4.o)
                0x0000000000005ce0                __exidx_end = .
                0x0000000000005ce0                __rodata_region_start = .

initlevel       0x0000000000005ce0       0x58
                0x0000000000005ce0                __init_start = .
                0x0000000000005ce0                __init_EARLY_start = .
 *(SORT_BY_NAME(SORT_BY_ALIGNMENT(.z_init_EARLY_P_?_*)))
 *(SORT_BY_NAME(SORT_BY_ALIGNMENT(.z_init_EARLY_P_??_*)))
 *(SORT_BY_NAME(SORT_BY_ALIGNMENT(.z_init_EARLY_P_???_*)))
                0x0000000000005ce0                __init_PRE_KERNEL_1_start = .
 *(SORT_BY_NAME(SORT_BY_ALIGNMENT(.z_init_PRE_KERNEL_1_P_?_*)))
 .z_init_PRE_KERNEL_1_P_0_SUB_0_
                0x0000000000005ce0        0x8 zephyr/soc/soc/nrf52840/libsoc__nordic.a(soc.c.obj)
 .z_init_PRE_KERNEL_1_P_0_SUB_0_
                0x0000000000005ce8        0x8 zephyr/soc/soc/nrf52840/libsoc__nordic.a(gppi_init.c.obj)
 *(SORT_BY_NAME(SORT_BY_ALIGNMENT(.z_init_PRE_KERNEL_1_P_??_*)))
 .z_init_PRE_KERNEL_1_P_30_SUB_00077_
                0x0000000000005cf0        0x8 zephyr/drivers/clock_control/libdrivers__clock_control.a(clock_control_nrf.c.obj)
 .z_init_PRE_KERNEL_1_P_30_SUB_0_
                0x0000000000005cf8        0x8 zephyr/kernel/libkernel.a(mem_slab.c.obj)
 .z_init_PRE_KERNEL_1_P_40_SUB_00011_
                0x0000000000005d00        0x8 zephyr/drivers/gpio/libdrivers__gpio.a(gpio_nrfx.c.obj)
 .z_init_PRE_KERNEL_1_P_40_SUB_00107_
                0x0000000000005d08        0x8 zephyr/drivers/gpio/libdrivers__gpio.a(gpio_nrfx.c.obj)
 .z_init_PRE_KERNEL_1_P_40_SUB_0_
                0x0000000000005d10        0x8 modules/nrf/drivers/hw_cc3xx/lib..__nrf__drivers__hw_cc3xx.a(hw_cc3xx.c.obj)
 .z_init_PRE_KERNEL_1_P_50_SUB_00115_
                0x0000000000005d18        0x8 zephyr/drivers/serial/libdrivers__serial.a(uart_nrfx_uarte.c.obj)
 *(SORT_BY_NAME(SORT_BY_ALIGNMENT(.z_init_PRE_KERNEL_1_P_???_*)))
                0x0000000000005d20                __init_PRE_KERNEL_2_start = .
 *(SORT_BY_NAME(SORT_BY_ALIGNMENT(.z_init_PRE_KERNEL_2_P_?_*)))
 .z_init_PRE_KERNEL_2_P_0_SUB_0_
                0x0000000000005d20        0x8 zephyr/drivers/timer/libdrivers__timer.a(nrf_rtc_timer.c.obj)
 *(SORT_BY_NAME(SORT_BY_ALIGNMENT(.z_init_PRE_KERNEL_2_P_??_*)))
 *(SORT_BY_NAME(SORT_BY_ALIGNMENT(.z_init_PRE_KERNEL_2_P_???_*)))
                0x0000000000005d28                __init_POST_KERNEL_start = .
 *(SORT_BY_NAME(SORT_BY_ALIGNMENT(.z_init_POST_KERNEL_P_?_*)))
 *(SORT_BY_NAME(SORT_BY_ALIGNMENT(.z_init_POST_KERNEL_P_??_*)))
 .z_init_POST_KERNEL_P_35_SUB_0_
                0x0000000000005d28        0x8 zephyr/lib/libc/common/liblib__libc__common.a(malloc.c.obj)
 .z_init_POST_KERNEL_P_40_SUB_0_
                0x0000000000005d30        0x8 modules/nrf/drivers/hw_cc3xx/lib..__nrf__drivers__hw_cc3xx.a(hw_cc3xx.c.obj)
 *(SORT_BY_NAME(SORT_BY_ALIGNMENT(.z_init_POST_KERNEL_P_???_*)))
                0x0000000000005d38                __init_APPLICATION_start = .
 *(SORT_BY_NAME(SORT_BY_ALIGNMENT(.z_init_APPLICATION_P_?_*)))
 *(SORT_BY_NAME(SORT_BY_ALIGNMENT(.z_init_APPLICATION_P_??_*)))
 *(SORT_BY_NAME(SORT_BY_ALIGNMENT(.z_init_APPLICATION_P_???_*)))
                0x0000000000005d38                __init_SMP_start = .
 *(SORT_BY_NAME(SORT_BY_ALIGNMENT(.z_init_SMP_P_?_*)))
 *(SORT_BY_NAME(SORT_BY_ALIGNMENT(.z_init_SMP_P_??_*)))
 *(SORT_BY_NAME(SORT_BY_ALIGNMENT(.z_init_SMP_P_???_*)))
                0x0000000000005d38                __init_end = .

device_area     0x0000000000005d38       0x80
                0x0000000000005d38                _device_list_start = .
 *(SORT_BY_NAME(SORT_BY_ALIGNMENT(._device.static.*_?_*)))
 *(SORT_BY_NAME(SORT_BY_ALIGNMENT(._device.static.*_??_*)))
 ._device.static.1_30_
                0x0000000000005d38       0x20 zephyr/drivers/clock_control/libdrivers__clock_control.a(clock_control_nrf.c.obj)
                0x0000000000005d38                __device_dts_ord_77
 ._device.static.1_40_
                0x0000000000005d58       0x40 zephyr/drivers/gpio/libdrivers__gpio.a(gpio_nrfx.c.obj)
                0x0000000000005d58                __device_dts_ord_107
                0x0000000000005d78                __device_dts_ord_11
 ._device.static.1_50_
                0x0000000000005d98       0x20 zephyr/drivers/serial/libdrivers__serial.a(uart_nrfx_uarte.c.obj)
                0x0000000000005d98                __device_dts_ord_115
 *(SORT_BY_NAME(SORT_BY_ALIGNMENT(._device.static.*_???_*)))
 *(SORT_BY_NAME(SORT_BY_ALIGNMENT(._device.static.*_????_*)))
 *(SORT_BY_NAME(SORT_BY_ALIGNMENT(._device.static.*_?????_*)))
                0x0000000000005db8                _device_list_end = .

sw_isr_table    0x0000000000005db8      0x180
                0x0000000000005db8                . = ALIGN (0x4)
 *(SORT_BY_ALIGNMENT(.gnu.linkonce.sw_isr_table*))
 .gnu.linkonce.sw_isr_table
                0x0000000000005db8      0x180 zephyr/arch/common/libisr_tables.a(isr_tables.c.obj)
                0x0000000000005db8                _sw_isr_table

initlevel_error
                0x0000000000005ce0        0x0
 *(SORT_BY_NAME(SORT_BY_ALIGNMENT(.z_init_*)))
                0x0000000000000001                ASSERT ((SIZEOF (initlevel_error) == 0x0), Undefined initialization levels used.)

app_shmem_regions
                0x0000000000005f38        0x0
                0x0000000000005f38                __app_shmem_regions_start = .
 *(SORT_BY_NAME(SORT_BY_ALIGNMENT(.app_regions.*)))
                0x0000000000005f38                __app_shmem_regions_end = .

k_p4wq_initparam_area
                0x0000000000005f38        0x0
                0x0000000000005f38                _k_p4wq_initparam_list_start = .
 *(SORT_BY_NAME(SORT_BY_ALIGNMENT(._k_p4wq_initparam.static.*)))
                0x0000000000005f38                _k_p4wq_initparam_list_end = .

_static_thread_data_area
                0x0000000000005f38        0x0
                0x0000000000005f38                __static_thread_data_list_start = .
 *(SORT_BY_NAME(SORT_BY_ALIGNMENT(.__static_thread_data.static.*)))
                0x0000000000005f38                __static_thread_data_list_end = .

device_deps     0x0000000000005f38        0x0
                0x0000000000005f38                __device_deps_start = .
 *(SORT_BY_NAME(SORT_BY_ALIGNMENT(.__device_deps_pass2*)))
                0x0000000000005f38                __device_deps_end = .

gpio_driver_api_area
                0x0000000000005f38       0x24
                0x0000000000005f38                _gpio_driver_api_list_start = .
 *(SORT_BY_NAME(SORT_BY_ALIGNMENT(._gpio_driver_api.static.*)))
 ._gpio_driver_api.static.gpio_nrfx_drv_api_funcs_
                0x0000000000005f38       0x24 zephyr/drivers/gpio/libdrivers__gpio.a(gpio_nrfx.c.obj)
                0x0000000000005f5c                _gpio_driver_api_list_end = .

shared_irq_driver_api_area
                0x0000000000005f5c        0x0
                0x0000000000005f5c                _shared_irq_driver_api_list_start = .
 *(SORT_BY_NAME(SORT_BY_ALIGNMENT(._shared_irq_driver_api.static.*)))
                0x0000000000005f5c                _shared_irq_driver_api_list_end = .

crypto_driver_api_area
                0x0000000000005f5c        0x0
                0x0000000000005f5c                _crypto_driver_api_list_start = .
 *(SORT_BY_NAME(SORT_BY_ALIGNMENT(._crypto_driver_api.static.*)))
                0x0000000000005f5c                _crypto_driver_api_list_end = .

adc_driver_api_area
                0x0000000000005f5c        0x0
                0x0000000000005f5c                _adc_driver_api_list_start = .
 *(SORT_BY_NAME(SORT_BY_ALIGNMENT(._adc_driver_api.static.*)))
                0x0000000000005f5c                _adc_driver_api_list_end = .

auxdisplay_driver_api_area
                0x0000000000005f5c        0x0
                0x0000000000005f5c                _auxdisplay_driver_api_list_start = .
 *(SORT_BY_NAME(SORT_BY_ALIGNMENT(._auxdisplay_driver_api.static.*)))
                0x0000000000005f5c                _auxdisplay_driver_api_list_end = .

bbram_driver_api_area
                0x0000000000005f5c        0x0
                0x0000000000005f5c                _bbram_driver_api_list_start = .
 *(SORT_BY_NAME(SORT_BY_ALIGNMENT(._bbram_driver_api.static.*)))
                0x0000000000005f5c                _bbram_driver_api_list_end = .

bt_hci_driver_api_area
                0x0000000000005f5c        0x0
                0x0000000000005f5c                _bt_hci_driver_api_list_start = .
 *(SORT_BY_NAME(SORT_BY_ALIGNMENT(._bt_hci_driver_api.static.*)))
                0x0000000000005f5c                _bt_hci_driver_api_list_end = .

can_driver_api_area
                0x0000000000005f5c        0x0
                0x0000000000005f5c                _can_driver_api_list_start = .
 *(SORT_BY_NAME(SORT_BY_ALIGNMENT(._can_driver_api.static.*)))
                0x0000000000005f5c                _can_driver_api_list_end = .

cellular_driver_api_area
                0x0000000000005f5c        0x0
                0x0000000000005f5c                _cellular_driver_api_list_start = .
 *(SORT_BY_NAME(SORT_BY_ALIGNMENT(._cellular_driver_api.static.*)))
                0x0000000000005f5c                _cellular_driver_api_list_end = .

charger_driver_api_area
                0x0000000000005f5c        0x0
                0x0000000000005f5c                _charger_driver_api_list_start = .
 *(SORT_BY_NAME(SORT_BY_ALIGNMENT(._charger_driver_api.static.*)))
                0x0000000000005f5c                _charger_driver_api_list_end = .

clock_control_driver_api_area
                0x0000000000005f5c       0x1c
                0x0000000000005f5c                _clock_control_driver_api_list_start = .
 *(SORT_BY_NAME(SORT_BY_ALIGNMENT(._clock_control_driver_api.static.*)))
 ._clock_control_driver_api.static.clock_control_api_
                0x0000000000005f5c       0x1c zephyr/drivers/clock_control/libdrivers__clock_control.a(clock_control_nrf.c.obj)
                0x0000000000005f78                _clock_control_driver_api_list_end = .

comparator_driver_api_area
                0x0000000000005f78        0x0
                0x0000000000005f78                _comparator_driver_api_list_start = .
 *(SORT_BY_NAME(SORT_BY_ALIGNMENT(._comparator_driver_api.static.*)))
                0x0000000000005f78                _comparator_driver_api_list_end = .

coredump_driver_api_area
                0x0000000000005f78        0x0
                0x0000000000005f78                _coredump_driver_api_list_start = .
 *(SORT_BY_NAME(SORT_BY_ALIGNMENT(._coredump_driver_api.static.*)))
                0x0000000000005f78                _coredump_driver_api_list_end = .

counter_driver_api_area
                0x0000000000005f78        0x0
                0x0000000000005f78                _counter_driver_api_list_start = .
 *(SORT_BY_NAME(SORT_BY_ALIGNMENT(._counter_driver_api.static.*)))
                0x0000000000005f78                _counter_driver_api_list_end = .

crc_driver_api_area
                0x0000000000005f78        0x0
                0x0000000000005f78                _crc_driver_api_list_start = .
 *(SORT_BY_NAME(SORT_BY_ALIGNMENT(._crc_driver_api.static.*)))
                0x0000000000005f78                _crc_driver_api_list_end = .

dac_driver_api_area
                0x0000000000005f78        0x0
                0x0000000000005f78                _dac_driver_api_list_start = .
 *(SORT_BY_NAME(SORT_BY_ALIGNMENT(._dac_driver_api.static.*)))
                0x0000000000005f78                _dac_driver_api_list_end = .

dai_driver_api_area
                0x0000000000005f78        0x0
                0x0000000000005f78                _dai_driver_api_list_start = .
 *(SORT_BY_NAME(SORT_BY_ALIGNMENT(._dai_driver_api.static.*)))
                0x0000000000005f78                _dai_driver_api_list_end = .

display_driver_api_area
                0x0000000000005f78        0x0
                0x0000000000005f78                _display_driver_api_list_start = .
 *(SORT_BY_NAME(SORT_BY_ALIGNMENT(._display_driver_api.static.*)))
                0x0000000000005f78                _display_driver_api_list_end = .

dma_driver_api_area
                0x0000000000005f78        0x0
                0x0000000000005f78                _dma_driver_api_list_start = .
 *(SORT_BY_NAME(SORT_BY_ALIGNMENT(._dma_driver_api.static.*)))
                0x0000000000005f78                _dma_driver_api_list_end = .

edac_driver_api_area
                0x0000000000005f78        0x0
                0x0000000000005f78                _edac_driver_api_list_start = .
 *(SORT_BY_NAME(SORT_BY_ALIGNMENT(._edac_driver_api.static.*)))
                0x0000000000005f78                _edac_driver_api_list_end = .

eeprom_driver_api_area
                0x0000000000005f78        0x0
                0x0000000000005f78                _eeprom_driver_api_list_start = .
 *(SORT_BY_NAME(SORT_BY_ALIGNMENT(._eeprom_driver_api.static.*)))
                0x0000000000005f78                _eeprom_driver_api_list_end = .

emul_bbram_driver_api_area
                0x0000000000005f78        0x0
                0x0000000000005f78                _emul_bbram_driver_api_list_start = .
 *(SORT_BY_NAME(SORT_BY_ALIGNMENT(._emul_bbram_driver_api.static.*)))
                0x0000000000005f78                _emul_bbram_driver_api_list_end = .

fuel_gauge_emul_driver_api_area
                0x0000000000005f78        0x0
                0x0000000000005f78                _fuel_gauge_emul_driver_api_list_start = .
 *(SORT_BY_NAME(SORT_BY_ALIGNMENT(._fuel_gauge_emul_driver_api.static.*)))
                0x0000000000005f78                _fuel_gauge_emul_driver_api_list_end = .

emul_sensor_driver_api_area
                0x0000000000005f78        0x0
                0x0000000000005f78                _emul_sensor_driver_api_list_start = .
 *(SORT_BY_NAME(SORT_BY_ALIGNMENT(._emul_sensor_driver_api.static.*)))
                0x0000000000005f78                _emul_sensor_driver_api_list_end = .

entropy_driver_api_area
                0x0000000000005f78        0x0
                0x0000000000005f78                _entropy_driver_api_list_start = .
 *(SORT_BY_NAME(SORT_BY_ALIGNMENT(._entropy_driver_api.static.*)))
                0x0000000000005f78                _entropy_driver_api_list_end = .

espi_driver_api_area
                0x0000000000005f78        0x0
                0x0000000000005f78                _espi_driver_api_list_start = .
 *(SORT_BY_NAME(SORT_BY_ALIGNMENT(._espi_driver_api.static.*)))
                0x0000000000005f78                _espi_driver_api_list_end = .

espi_saf_driver_api_area
                0x0000000000005f78        0x0
                0x0000000000005f78                _espi_saf_driver_api_list_start = .
 *(SORT_BY_NAME(SORT_BY_ALIGNMENT(._espi_saf_driver_api.static.*)))
                0x0000000000005f78                _espi_saf_driver_api_list_end = .

flash_driver_api_area
                0x0000000000005f78        0x0
                0x0000000000005f78                _flash_driver_api_list_start = .
 *(SORT_BY_NAME(SORT_BY_ALIGNMENT(._flash_driver_api.static.*)))
                0x0000000000005f78                _flash_driver_api_list_end = .

fpga_driver_api_area
                0x0000000000005f78        0x0
                0x0000000000005f78                _fpga_driver_api_list_start = .
 *(SORT_BY_NAME(SORT_BY_ALIGNMENT(._fpga_driver_api.static.*)))
                0x0000000000005f78                _fpga_driver_api_list_end = .

fuel_gauge_driver_api_area
                0x0000000000005f78        0x0
                0x0000000000005f78                _fuel_gauge_driver_api_list_start = .
 *(SORT_BY_NAME(SORT_BY_ALIGNMENT(._fuel_gauge_driver_api.static.*)))
                0x0000000000005f78                _fuel_gauge_driver_api_list_end = .

gnss_driver_api_area
                0x0000000000005f78        0x0
                0x0000000000005f78                _gnss_driver_api_list_start = .
 *(SORT_BY_NAME(SORT_BY_ALIGNMENT(._gnss_driver_api.static.*)))
                0x0000000000005f78                _gnss_driver_api_list_end = .

haptics_driver_api_area
                0x0000000000005f78        0x0
                0x0000000000005f78                _haptics_driver_api_list_start = .
 *(SORT_BY_NAME(SORT_BY_ALIGNMENT(._haptics_driver_api.static.*)))
                0x0000000000005f78                _haptics_driver_api_list_end = .

hwspinlock_driver_api_area
                0x0000000000005f78        0x0
                0x0000000000005f78                _hwspinlock_driver_api_list_start = .
 *(SORT_BY_NAME(SORT_BY_ALIGNMENT(._hwspinlock_driver_api.static.*)))
                0x0000000000005f78                _hwspinlock_driver_api_list_end = .

i2c_driver_api_area
                0x0000000000005f78        0x0
                0x0000000000005f78                _i2c_driver_api_list_start = .
 *(SORT_BY_NAME(SORT_BY_ALIGNMENT(._i2c_driver_api.static.*)))
                0x0000000000005f78                _i2c_driver_api_list_end = .

i2c_target_driver_api_area
                0x0000000000005f78        0x0
                0x0000000000005f78                _i2c_target_driver_api_list_start = .
 *(SORT_BY_NAME(SORT_BY_ALIGNMENT(._i2c_target_driver_api.static.*)))
                0x0000000000005f78                _i2c_target_driver_api_list_end = .

i2s_driver_api_area
                0x0000000000005f78        0x0
                0x0000000000005f78                _i2s_driver_api_list_start = .
 *(SORT_BY_NAME(SORT_BY_ALIGNMENT(._i2s_driver_api.static.*)))
                0x0000000000005f78                _i2s_driver_api_list_end = .

i3c_driver_api_area
                0x0000000000005f78        0x0
                0x0000000000005f78                _i3c_driver_api_list_start = .
 *(SORT_BY_NAME(SORT_BY_ALIGNMENT(._i3c_driver_api.static.*)))
                0x0000000000005f78                _i3c_driver_api_list_end = .

ipm_driver_api_area
                0x0000000000005f78        0x0
                0x0000000000005f78                _ipm_driver_api_list_start = .
 *(SORT_BY_NAME(SORT_BY_ALIGNMENT(._ipm_driver_api.static.*)))
                0x0000000000005f78                _ipm_driver_api_list_end = .

led_driver_api_area
                0x0000000000005f78        0x0
                0x0000000000005f78                _led_driver_api_list_start = .
 *(SORT_BY_NAME(SORT_BY_ALIGNMENT(._led_driver_api.static.*)))
                0x0000000000005f78                _led_driver_api_list_end = .

led_strip_driver_api_area
                0x0000000000005f78        0x0
                0x0000000000005f78                _led_strip_driver_api_list_start = .
 *(SORT_BY_NAME(SORT_BY_ALIGNMENT(._led_strip_driver_api.static.*)))
                0x0000000000005f78                _led_strip_driver_api_list_end = .

lora_driver_api_area
                0x0000000000005f78        0x0
                0x0000000000005f78                _lora_driver_api_list_start = .
 *(SORT_BY_NAME(SORT_BY_ALIGNMENT(._lora_driver_api.static.*)))
                0x0000000000005f78                _lora_driver_api_list_end = .

mbox_driver_api_area
                0x0000000000005f78        0x0
                0x0000000000005f78                _mbox_driver_api_list_start = .
 *(SORT_BY_NAME(SORT_BY_ALIGNMENT(._mbox_driver_api.static.*)))
                0x0000000000005f78                _mbox_driver_api_list_end = .

mdio_driver_api_area
                0x0000000000005f78        0x0
                0x0000000000005f78                _mdio_driver_api_list_start = .
 *(SORT_BY_NAME(SORT_BY_ALIGNMENT(._mdio_driver_api.static.*)))
                0x0000000000005f78                _mdio_driver_api_list_end = .

mipi_dbi_driver_api_area
                0x0000000000005f78        0x0
                0x0000000000005f78                _mipi_dbi_driver_api_list_start = .
 *(SORT_BY_NAME(SORT_BY_ALIGNMENT(._mipi_dbi_driver_api.static.*)))
                0x0000000000005f78                _mipi_dbi_driver_api_list_end = .

mipi_dsi_driver_api_area
                0x0000000000005f78        0x0
                0x0000000000005f78                _mipi_dsi_driver_api_list_start = .
 *(SORT_BY_NAME(SORT_BY_ALIGNMENT(._mipi_dsi_driver_api.static.*)))
                0x0000000000005f78                _mipi_dsi_driver_api_list_end = .

mspi_driver_api_area
                0x0000000000005f78        0x0
                0x0000000000005f78                _mspi_driver_api_list_start = .
 *(SORT_BY_NAME(SORT_BY_ALIGNMENT(._mspi_driver_api.static.*)))
                0x0000000000005f78                _mspi_driver_api_list_end = .

peci_driver_api_area
                0x0000000000005f78        0x0
                0x0000000000005f78                _peci_driver_api_list_start = .
 *(SORT_BY_NAME(SORT_BY_ALIGNMENT(._peci_driver_api.static.*)))
                0x0000000000005f78                _peci_driver_api_list_end = .

ps2_driver_api_area
                0x0000000000005f78        0x0
                0x0000000000005f78                _ps2_driver_api_list_start = .
 *(SORT_BY_NAME(SORT_BY_ALIGNMENT(._ps2_driver_api.static.*)))
                0x0000000000005f78                _ps2_driver_api_list_end = .

ptp_clock_driver_api_area
                0x0000000000005f78        0x0
                0x0000000000005f78                _ptp_clock_driver_api_list_start = .
 *(SORT_BY_NAME(SORT_BY_ALIGNMENT(._ptp_clock_driver_api.static.*)))
                0x0000000000005f78                _ptp_clock_driver_api_list_end = .

pwm_driver_api_area
                0x0000000000005f78        0x0
                0x0000000000005f78                _pwm_driver_api_list_start = .
 *(SORT_BY_NAME(SORT_BY_ALIGNMENT(._pwm_driver_api.static.*)))
                0x0000000000005f78                _pwm_driver_api_list_end = .

regulator_parent_driver_api_area
                0x0000000000005f78        0x0
                0x0000000000005f78                _regulator_parent_driver_api_list_start = .
 *(SORT_BY_NAME(SORT_BY_ALIGNMENT(._regulator_parent_driver_api.static.*)))
                0x0000000000005f78                _regulator_parent_driver_api_list_end = .

regulator_driver_api_area
                0x0000000000005f78        0x0
                0x0000000000005f78                _regulator_driver_api_list_start = .
 *(SORT_BY_NAME(SORT_BY_ALIGNMENT(._regulator_driver_api.static.*)))
                0x0000000000005f78                _regulator_driver_api_list_end = .

reset_driver_api_area
                0x0000000000005f78        0x0
                0x0000000000005f78                _reset_driver_api_list_start = .
 *(SORT_BY_NAME(SORT_BY_ALIGNMENT(._reset_driver_api.static.*)))
                0x0000000000005f78                _reset_driver_api_list_end = .

retained_mem_driver_api_area
                0x0000000000005f78        0x0
                0x0000000000005f78                _retained_mem_driver_api_list_start = .
 *(SORT_BY_NAME(SORT_BY_ALIGNMENT(._retained_mem_driver_api.static.*)))
                0x0000000000005f78                _retained_mem_driver_api_list_end = .

rtc_driver_api_area
                0x0000000000005f78        0x0
                0x0000000000005f78                _rtc_driver_api_list_start = .
 *(SORT_BY_NAME(SORT_BY_ALIGNMENT(._rtc_driver_api.static.*)))
                0x0000000000005f78                _rtc_driver_api_list_end = .

sdhc_driver_api_area
                0x0000000000005f78        0x0
                0x0000000000005f78                _sdhc_driver_api_list_start = .
 *(SORT_BY_NAME(SORT_BY_ALIGNMENT(._sdhc_driver_api.static.*)))
                0x0000000000005f78                _sdhc_driver_api_list_end = .

sensor_driver_api_area
                0x0000000000005f78        0x0
                0x0000000000005f78                _sensor_driver_api_list_start = .
 *(SORT_BY_NAME(SORT_BY_ALIGNMENT(._sensor_driver_api.static.*)))
                0x0000000000005f78                _sensor_driver_api_list_end = .

smbus_driver_api_area
                0x0000000000005f78        0x0
                0x0000000000005f78                _smbus_driver_api_list_start = .
 *(SORT_BY_NAME(SORT_BY_ALIGNMENT(._smbus_driver_api.static.*)))
                0x0000000000005f78                _smbus_driver_api_list_end = .

spi_driver_api_area
                0x0000000000005f78        0x0
                0x0000000000005f78                _spi_driver_api_list_start = .
 *(SORT_BY_NAME(SORT_BY_ALIGNMENT(._spi_driver_api.static.*)))
                0x0000000000005f78                _spi_driver_api_list_end = .

stepper_driver_api_area
                0x0000000000005f78        0x0
                0x0000000000005f78                _stepper_driver_api_list_start = .
 *(SORT_BY_NAME(SORT_BY_ALIGNMENT(._stepper_driver_api.static.*)))
                0x0000000000005f78                _stepper_driver_api_list_end = .

syscon_driver_api_area
                0x0000000000005f78        0x0
                0x0000000000005f78                _syscon_driver_api_list_start = .
 *(SORT_BY_NAME(SORT_BY_ALIGNMENT(._syscon_driver_api.static.*)))
                0x0000000000005f78                _syscon_driver_api_list_end = .

tee_driver_api_area
                0x0000000000005f78        0x0
                0x0000000000005f78                _tee_driver_api_list_start = .
 *(SORT_BY_NAME(SORT_BY_ALIGNMENT(._tee_driver_api.static.*)))
                0x0000000000005f78                _tee_driver_api_list_end = .

video_driver_api_area
                0x0000000000005f78        0x0
                0x0000000000005f78                _video_driver_api_list_start = .
 *(SORT_BY_NAME(SORT_BY_ALIGNMENT(._video_driver_api.static.*)))
                0x0000000000005f78                _video_driver_api_list_end = .

virtio_driver_api_area
                0x0000000000005f78        0x0
                0x0000000000005f78                _virtio_driver_api_list_start = .
 *(SORT_BY_NAME(SORT_BY_ALIGNMENT(._virtio_driver_api.static.*)))
                0x0000000000005f78                _virtio_driver_api_list_end = .

w1_driver_api_area
                0x0000000000005f78        0x0
                0x0000000000005f78                _w1_driver_api_list_start = .
 *(SORT_BY_NAME(SORT_BY_ALIGNMENT(._w1_driver_api.static.*)))
                0x0000000000005f78                _w1_driver_api_list_end = .

wdt_driver_api_area
                0x0000000000005f78        0x0
                0x0000000000005f78                _wdt_driver_api_list_start = .
 *(SORT_BY_NAME(SORT_BY_ALIGNMENT(._wdt_driver_api.static.*)))
                0x0000000000005f78                _wdt_driver_api_list_end = .

can_transceiver_driver_api_area
                0x0000000000005f78        0x0
                0x0000000000005f78                _can_transceiver_driver_api_list_start = .
 *(SORT_BY_NAME(SORT_BY_ALIGNMENT(._can_transceiver_driver_api.static.*)))
                0x0000000000005f78                _can_transceiver_driver_api_list_end = .

nrf_clock_control_driver_api_area
                0x0000000000005f78        0x0
                0x0000000000005f78                _nrf_clock_control_driver_api_list_start = .
 *(SORT_BY_NAME(SORT_BY_ALIGNMENT(._nrf_clock_control_driver_api.static.*)))
                0x0000000000005f78                _nrf_clock_control_driver_api_list_end = .

i3c_target_driver_api_area
                0x0000000000005f78        0x0
                0x0000000000005f78                _i3c_target_driver_api_list_start = .
 *(SORT_BY_NAME(SORT_BY_ALIGNMENT(._i3c_target_driver_api.static.*)))
                0x0000000000005f78                _i3c_target_driver_api_list_end = .

its_driver_api_area
                0x0000000000005f78        0x0
                0x0000000000005f78                _its_driver_api_list_start = .
 *(SORT_BY_NAME(SORT_BY_ALIGNMENT(._its_driver_api.static.*)))
                0x0000000000005f78                _its_driver_api_list_end = .

vtd_driver_api_area
                0x0000000000005f78        0x0
                0x0000000000005f78                _vtd_driver_api_list_start = .
 *(SORT_BY_NAME(SORT_BY_ALIGNMENT(._vtd_driver_api.static.*)))
                0x0000000000005f78                _vtd_driver_api_list_end = .

renesas_elc_driver_api_area
                0x0000000000005f78        0x0
                0x0000000000005f78                _renesas_elc_driver_api_list_start = .
 *(SORT_BY_NAME(SORT_BY_ALIGNMENT(._renesas_elc_driver_api.static.*)))
                0x0000000000005f78                _renesas_elc_driver_api_list_end = .

tgpio_driver_api_area
                0x0000000000005f78        0x0
                0x0000000000005f78                _tgpio_driver_api_list_start = .
 *(SORT_BY_NAME(SORT_BY_ALIGNMENT(._tgpio_driver_api.static.*)))
                0x0000000000005f78                _tgpio_driver_api_list_end = .

pcie_ctrl_driver_api_area
                0x0000000000005f78        0x0
                0x0000000000005f78                _pcie_ctrl_driver_api_list_start = .
 *(SORT_BY_NAME(SORT_BY_ALIGNMENT(._pcie_ctrl_driver_api.static.*)))
                0x0000000000005f78                _pcie_ctrl_driver_api_list_end = .

pcie_ep_driver_api_area
                0x0000000000005f78        0x0
                0x0000000000005f78                _pcie_ep_driver_api_list_start = .
 *(SORT_BY_NAME(SORT_BY_ALIGNMENT(._pcie_ep_driver_api.static.*)))
                0x0000000000005f78                _pcie_ep_driver_api_list_end = .

psi5_driver_api_area
                0x0000000000005f78        0x0
                0x0000000000005f78                _psi5_driver_api_list_start = .
 *(SORT_BY_NAME(SORT_BY_ALIGNMENT(._psi5_driver_api.static.*)))
                0x0000000000005f78                _psi5_driver_api_list_end = .

sent_driver_api_area
                0x0000000000005f78        0x0
                0x0000000000005f78                _sent_driver_api_list_start = .
 *(SORT_BY_NAME(SORT_BY_ALIGNMENT(._sent_driver_api.static.*)))
                0x0000000000005f78                _sent_driver_api_list_end = .

svc_driver_api_area
                0x0000000000005f78        0x0
                0x0000000000005f78                _svc_driver_api_list_start = .
 *(SORT_BY_NAME(SORT_BY_ALIGNMENT(._svc_driver_api.static.*)))
                0x0000000000005f78                _svc_driver_api_list_end = .

uart_driver_api_area
                0x0000000000005f78       0x24
                0x0000000000005f78                _uart_driver_api_list_start = .
 *(SORT_BY_NAME(SORT_BY_ALIGNMENT(._uart_driver_api.static.*)))
 ._uart_driver_api.static.uart_nrfx_uarte_driver_api_
                0x0000000000005f78       0x24 zephyr/drivers/serial/libdrivers__serial.a(uart_nrfx_uarte.c.obj)
                0x0000000000005f9c                _uart_driver_api_list_end = .

bc12_emul_driver_api_area
                0x0000000000005f9c        0x0
                0x0000000000005f9c                _bc12_emul_driver_api_list_start = .
 *(SORT_BY_NAME(SORT_BY_ALIGNMENT(._bc12_emul_driver_api.static.*)))
                0x0000000000005f9c                _bc12_emul_driver_api_list_end = .

bc12_driver_api_area
                0x0000000000005f9c        0x0
                0x0000000000005f9c                _bc12_driver_api_list_start = .
 *(SORT_BY_NAME(SORT_BY_ALIGNMENT(._bc12_driver_api.static.*)))
                0x0000000000005f9c                _bc12_driver_api_list_end = .

usbc_ppc_driver_api_area
                0x0000000000005f9c        0x0
                0x0000000000005f9c                _usbc_ppc_driver_api_list_start = .
 *(SORT_BY_NAME(SORT_BY_ALIGNMENT(._usbc_ppc_driver_api.static.*)))
                0x0000000000005f9c                _usbc_ppc_driver_api_list_end = .

tcpc_driver_api_area
                0x0000000000005f9c        0x0
                0x0000000000005f9c                _tcpc_driver_api_list_start = .
 *(SORT_BY_NAME(SORT_BY_ALIGNMENT(._tcpc_driver_api.static.*)))
                0x0000000000005f9c                _tcpc_driver_api_list_end = .

usbc_vbus_driver_api_area
                0x0000000000005f9c        0x0
                0x0000000000005f9c                _usbc_vbus_driver_api_list_start = .
 *(SORT_BY_NAME(SORT_BY_ALIGNMENT(._usbc_vbus_driver_api.static.*)))
                0x0000000000005f9c                _usbc_vbus_driver_api_list_end = .

ivshmem_driver_api_area
                0x0000000000005f9c        0x0
                0x0000000000005f9c                _ivshmem_driver_api_list_start = .
 *(SORT_BY_NAME(SORT_BY_ALIGNMENT(._ivshmem_driver_api.static.*)))
                0x0000000000005f9c                _ivshmem_driver_api_list_end = .

ethphy_driver_api_area
                0x0000000000005f9c        0x0
                0x0000000000005f9c                _ethphy_driver_api_list_start = .
 *(SORT_BY_NAME(SORT_BY_ALIGNMENT(._ethphy_driver_api.static.*)))
                0x0000000000005f9c                _ethphy_driver_api_list_end = .

ztest           0x0000000000005f9c        0x0
                0x0000000000005f9c                _ztest_expected_result_entry_list_start = .
 *(SORT_BY_NAME(SORT_BY_ALIGNMENT(._ztest_expected_result_entry.static.*)))
                0x0000000000005f9c                _ztest_expected_result_entry_list_end = .
                0x0000000000005f9c                _ztest_suite_node_list_start = .
 *(SORT_BY_NAME(SORT_BY_ALIGNMENT(._ztest_suite_node.static.*)))
                0x0000000000005f9c                _ztest_suite_node_list_end = .
                0x0000000000005f9c                _ztest_unit_test_list_start = .
 *(SORT_BY_NAME(SORT_BY_ALIGNMENT(._ztest_unit_test.static.*)))
                0x0000000000005f9c                _ztest_unit_test_list_end = .
                0x0000000000005f9c                _ztest_test_rule_list_start = .
 *(SORT_BY_NAME(SORT_BY_ALIGNMENT(._ztest_test_rule.static.*)))
                0x0000000000005f9c                _ztest_test_rule_list_end = .

init_array      0x0000000000005f9c        0x0
                0x0000000000005f9c                __zephyr_init_array_start = .
 *(SORT_BY_INIT_PRIORITY(.init_array.*) SORT_BY_INIT_PRIORITY(.ctors.*))
 *(SORT_BY_ALIGNMENT(.init_array) SORT_BY_ALIGNMENT(.ctors))
                0x0000000000005f9c                __zephyr_init_array_end = .
                0x0000000000000001                ASSERT ((__zephyr_init_array_start == __zephyr_init_array_end), GNU-style constructors required but STATIC_INIT_GNU not enabled)

bt_l2cap_fixed_chan_area
                0x0000000000005f9c        0x0